Archive member included to satisfy reference by file (symbol)

C:/ST/STM32CubeIDE_1.10.1/STM32CubeIDE/plugins/com.st.stm32cube.ide.mcu.externaltools.gnu-tools-for-stm32.11.3.rel1.win32_1.1.0.202305231506/tools/bin/../lib/gcc/arm-none-eabi/11.3.1/../../../../arm-none-eabi/lib/thumb/v7e-m+dp/hard\libc_nano.a(libc_a-exit.o)
                              C:/ST/STM32CubeIDE_1.10.1/STM32CubeIDE/plugins/com.st.stm32cube.ide.mcu.externaltools.gnu-tools-for-stm32.11.3.rel1.win32_1.1.0.202305231506/tools/bin/../lib/gcc/arm-none-eabi/11.3.1/../../../../arm-none-eabi/lib/thumb/v7e-m+dp/hard/crt0.o (exit)
C:/ST/STM32CubeIDE_1.10.1/STM32CubeIDE/plugins/com.st.stm32cube.ide.mcu.externaltools.gnu-tools-for-stm32.11.3.rel1.win32_1.1.0.202305231506/tools/bin/../lib/gcc/arm-none-eabi/11.3.1/../../../../arm-none-eabi/lib/thumb/v7e-m+dp/hard\libc_nano.a(libc_a-realloc.o)
                              ./Core/Src/ros_port.o (realloc)
C:/ST/STM32CubeIDE_1.10.1/STM32CubeIDE/plugins/com.st.stm32cube.ide.mcu.externaltools.gnu-tools-for-stm32.11.3.rel1.win32_1.1.0.202305231506/tools/bin/../lib/gcc/arm-none-eabi/11.3.1/../../../../arm-none-eabi/lib/thumb/v7e-m+dp/hard\libc_nano.a(libc_a-reallocr.o)
                              C:/ST/STM32CubeIDE_1.10.1/STM32CubeIDE/plugins/com.st.stm32cube.ide.mcu.externaltools.gnu-tools-for-stm32.11.3.rel1.win32_1.1.0.202305231506/tools/bin/../lib/gcc/arm-none-eabi/11.3.1/../../../../arm-none-eabi/lib/thumb/v7e-m+dp/hard\libc_nano.a(libc_a-realloc.o) (_realloc_r)
C:/ST/STM32CubeIDE_1.10.1/STM32CubeIDE/plugins/com.st.stm32cube.ide.mcu.externaltools.gnu-tools-for-stm32.11.3.rel1.win32_1.1.0.202305231506/tools/bin/../lib/gcc/arm-none-eabi/11.3.1/../../../../arm-none-eabi/lib/thumb/v7e-m+dp/hard\libc_nano.a(libc_a-findfp.o)
                              C:/ST/STM32CubeIDE_1.10.1/STM32CubeIDE/plugins/com.st.stm32cube.ide.mcu.externaltools.gnu-tools-for-stm32.11.3.rel1.win32_1.1.0.202305231506/tools/bin/../lib/gcc/arm-none-eabi/11.3.1/../../../../arm-none-eabi/lib/thumb/v7e-m+dp/hard\libc_nano.a(libc_a-exit.o) (__stdio_exit_handler)
C:/ST/STM32CubeIDE_1.10.1/STM32CubeIDE/plugins/com.st.stm32cube.ide.mcu.externaltools.gnu-tools-for-stm32.11.3.rel1.win32_1.1.0.202305231506/tools/bin/../lib/gcc/arm-none-eabi/11.3.1/../../../../arm-none-eabi/lib/thumb/v7e-m+dp/hard\libc_nano.a(libc_a-fwalk.o)
                              C:/ST/STM32CubeIDE_1.10.1/STM32CubeIDE/plugins/com.st.stm32cube.ide.mcu.externaltools.gnu-tools-for-stm32.11.3.rel1.win32_1.1.0.202305231506/tools/bin/../lib/gcc/arm-none-eabi/11.3.1/../../../../arm-none-eabi/lib/thumb/v7e-m+dp/hard\libc_nano.a(libc_a-findfp.o) (_fwalk_sglue)
C:/ST/STM32CubeIDE_1.10.1/STM32CubeIDE/plugins/com.st.stm32cube.ide.mcu.externaltools.gnu-tools-for-stm32.11.3.rel1.win32_1.1.0.202305231506/tools/bin/../lib/gcc/arm-none-eabi/11.3.1/../../../../arm-none-eabi/lib/thumb/v7e-m+dp/hard\libc_nano.a(libc_a-stdio.o)
                              C:/ST/STM32CubeIDE_1.10.1/STM32CubeIDE/plugins/com.st.stm32cube.ide.mcu.externaltools.gnu-tools-for-stm32.11.3.rel1.win32_1.1.0.202305231506/tools/bin/../lib/gcc/arm-none-eabi/11.3.1/../../../../arm-none-eabi/lib/thumb/v7e-m+dp/hard\libc_nano.a(libc_a-findfp.o) (__sread)
C:/ST/STM32CubeIDE_1.10.1/STM32CubeIDE/plugins/com.st.stm32cube.ide.mcu.externaltools.gnu-tools-for-stm32.11.3.rel1.win32_1.1.0.202305231506/tools/bin/../lib/gcc/arm-none-eabi/11.3.1/../../../../arm-none-eabi/lib/thumb/v7e-m+dp/hard\libc_nano.a(libc_a-memset.o)
                              C:/ST/STM32CubeIDE_1.10.1/STM32CubeIDE/plugins/com.st.stm32cube.ide.mcu.externaltools.gnu-tools-for-stm32.11.3.rel1.win32_1.1.0.202305231506/tools/bin/../lib/gcc/arm-none-eabi/11.3.1/../../../../arm-none-eabi/lib/thumb/v7e-m+dp/hard/crt0.o (memset)
C:/ST/STM32CubeIDE_1.10.1/STM32CubeIDE/plugins/com.st.stm32cube.ide.mcu.externaltools.gnu-tools-for-stm32.11.3.rel1.win32_1.1.0.202305231506/tools/bin/../lib/gcc/arm-none-eabi/11.3.1/../../../../arm-none-eabi/lib/thumb/v7e-m+dp/hard\libc_nano.a(libc_a-closer.o)
                              C:/ST/STM32CubeIDE_1.10.1/STM32CubeIDE/plugins/com.st.stm32cube.ide.mcu.externaltools.gnu-tools-for-stm32.11.3.rel1.win32_1.1.0.202305231506/tools/bin/../lib/gcc/arm-none-eabi/11.3.1/../../../../arm-none-eabi/lib/thumb/v7e-m+dp/hard\libc_nano.a(libc_a-stdio.o) (_close_r)
C:/ST/STM32CubeIDE_1.10.1/STM32CubeIDE/plugins/com.st.stm32cube.ide.mcu.externaltools.gnu-tools-for-stm32.11.3.rel1.win32_1.1.0.202305231506/tools/bin/../lib/gcc/arm-none-eabi/11.3.1/../../../../arm-none-eabi/lib/thumb/v7e-m+dp/hard\libc_nano.a(libc_a-reent.o)
                              C:/ST/STM32CubeIDE_1.10.1/STM32CubeIDE/plugins/com.st.stm32cube.ide.mcu.externaltools.gnu-tools-for-stm32.11.3.rel1.win32_1.1.0.202305231506/tools/bin/../lib/gcc/arm-none-eabi/11.3.1/../../../../arm-none-eabi/lib/thumb/v7e-m+dp/hard\libc_nano.a(libc_a-closer.o) (errno)
[...]
Memory Configuration

Name             Origin             Length             Attributes
ITCMRAM          0x0000000000000000 0x0000000000010000 xrw
DTCMRAM          0x0000000020000000 0x0000000000020000 xrw
FLASH            0x0000000008000000 0x0000000000100000 xr
RAM_D1           0x0000000024000000 0x0000000000050000 xrw
RAM_D2           0x0000000030000000 0x0000000000008000 xrw
RAM_D3           0x0000000038000000 0x0000000000004000 xrw
*default*        0x0000000000000000 0xffffffffffffffff

Linker script and memory map

LOAD C:/ST/STM32CubeIDE_1.10.1/STM32CubeIDE/plugins/com.st.stm32cube.ide.mcu.externaltools.gnu-tools-for-stm32.11.3.rel1.win32_1.1.0.202305231506/tools/bin/../lib/gcc/arm-none-eabi/11.3.1/thumb/v7e-m+dp/hard/crti.o
LOAD C:/ST/STM32CubeIDE_1.10.1/STM32CubeIDE/plugins/com.st.stm32cube.ide.mcu.externaltools.gnu-tools-for-stm32.11.3.rel1.win32_1.1.0.202305231506/tools/bin/../lib/gcc/arm-none-eabi/11.3.1/thumb/v7e-m+dp/hard/crtbegin.o
LOAD C:/ST/STM32CubeIDE_1.10.1/STM32CubeIDE/plugins/com.st.stm32cube.ide.mcu.externaltools.gnu-tools-for-stm32.11.3.rel1.win32_1.1.0.202305231506/tools/bin/../lib/gcc/arm-none-eabi/11.3.1/../../../../arm-none-eabi/lib/thumb/v7e-m+dp/hard/crt0.o
LOAD ./Core/Inc/duration.o
LOAD ./Core/Inc/time.o
LOAD ./Core/Src/PID.o
LOAD ./Core/Src/TIM_IT.o
LOAD ./Core/Src/chassis_DCmotor.o
LOAD ./Core/Src/chassis_kinetic_model.o
LOAD ./Core/Src/main.o
LOAD ./Core/Src/mainpp.o
LOAD ./Core/Src/pusher.o
LOAD ./Core/Src/ros_port.o
LOAD ./Core/Src/script.o
LOAD ./Core/Src/servo.o
LOAD ./Core/Src/stm32h7xx_hal_msp.o
LOAD ./Core/Src/stm32h7xx_it.o
LOAD ./Core/Src/syscalls.o
LOAD ./Core/Src/sysmem.o
LOAD ./Core/Src/system_stm32h7xx.o
LOAD ./Core/Startup/startup_stm32h723zgtx.o
LOAD ./Drivers/STM32H7xx_HAL_Driver/Src/stm32h7xx_hal.o
LOAD ./Drivers/STM32H7xx_HAL_Driver/Src/stm32h7xx_hal_cortex.o
LOAD ./Drivers/STM32H7xx_HAL_Driver/Src/stm32h7xx_hal_dma.o
LOAD ./Drivers/STM32H7xx_HAL_Driver/Src/stm32h7xx_hal_dma_ex.o
LOAD ./Drivers/STM32H7xx_HAL_Driver/Src/stm32h7xx_hal_exti.o
LOAD ./Drivers/STM32H7xx_HAL_Driver/Src/stm32h7xx_hal_flash.o
LOAD ./Drivers/STM32H7xx_HAL_Driver/Src/stm32h7xx_hal_flash_ex.o
LOAD ./Drivers/STM32H7xx_HAL_Driver/Src/stm32h7xx_hal_gpio.o
LOAD ./Drivers/STM32H7xx_HAL_Driver/Src/stm32h7xx_hal_hsem.o
LOAD ./Drivers/STM32H7xx_HAL_Driver/Src/stm32h7xx_hal_i2c.o
LOAD ./Drivers/STM32H7xx_HAL_Driver/Src/stm32h7xx_hal_i2c_ex.o
LOAD ./Drivers/STM32H7xx_HAL_Driver/Src/stm32h7xx_hal_mdma.o
LOAD ./Drivers/STM32H7xx_HAL_Driver/Src/stm32h7xx_hal_pwr.o
LOAD ./Drivers/STM32H7xx_HAL_Driver/Src/stm32h7xx_hal_pwr_ex.o
LOAD ./Drivers/STM32H7xx_HAL_Driver/Src/stm32h7xx_hal_rcc.o
LOAD ./Drivers/STM32H7xx_HAL_Driver/Src/stm32h7xx_hal_rcc_ex.o
LOAD ./Drivers/STM32H7xx_HAL_Driver/Src/stm32h7xx_hal_tim.o
LOAD ./Drivers/STM32H7xx_HAL_Driver/Src/stm32h7xx_hal_tim_ex.o
LOAD ./Drivers/STM32H7xx_HAL_Driver/Src/stm32h7xx_hal_uart.o
LOAD ./Drivers/STM32H7xx_HAL_Driver/Src/stm32h7xx_hal_uart_ex.o
START GROUP
LOAD C:/ST/STM32CubeIDE_1.10.1/STM32CubeIDE/plugins/com.st.stm32cube.ide.mcu.externaltools.gnu-tools-for-stm32.11.3.rel1.win32_1.1.0.202305231506/tools/bin/../lib/gcc/arm-none-eabi/11.3.1/../../../../arm-none-eabi/lib/thumb/v7e-m+dp/hard\libstdc++_nano.a
LOAD C:/ST/STM32CubeIDE_1.10.1/STM32CubeIDE/plugins/com.st.stm32cube.ide.mcu.externaltools.gnu-tools-for-stm32.11.3.rel1.win32_1.1.0.202305231506/tools/bin/../lib/gcc/arm-none-eabi/11.3.1/../../../../arm-none-eabi/lib/thumb/v7e-m+dp/hard\libsupc++_nano.a
END GROUP
LOAD C:/ST/STM32CubeIDE_1.10.1/STM32CubeIDE/plugins/com.st.stm32cube.ide.mcu.externaltools.gnu-tools-for-stm32.11.3.rel1.win32_1.1.0.202305231506/tools/bin/../lib/gcc/arm-none-eabi/11.3.1/../../../../arm-none-eabi/lib/thumb/v7e-m+dp/hard\libstdc++_nano.a
LOAD C:/ST/STM32CubeIDE_1.10.1/STM32CubeIDE/plugins/com.st.stm32cube.ide.mcu.externaltools.gnu-tools-for-stm32.11.3.rel1.win32_1.1.0.202305231506/tools/bin/../lib/gcc/arm-none-eabi/11.3.1/../../../../arm-none-eabi/lib/thumb/v7e-m+dp/hard\libm.a
LOAD C:/ST/STM32CubeIDE_1.10.1/STM32CubeIDE/plugins/com.st.stm32cube.ide.mcu.externaltools.gnu-tools-for-stm32.11.3.rel1.win32_1.1.0.202305231506/tools/bin/../lib/gcc/arm-none-eabi/11.3.1/../../../../arm-none-eabi/lib/thumb/v7e-m+dp/hard\libc_nano.a
START GROUP
LOAD C:/ST/STM32CubeIDE_1.10.1/STM32CubeIDE/plugins/com.st.stm32cube.ide.mcu.externaltools.gnu-tools-for-stm32.11.3.rel1.win32_1.1.0.202305231506/tools/bin/../lib/gcc/arm-none-eabi/11.3.1/thumb/v7e-m+dp/hard\libgcc.a
LOAD C:/ST/STM32CubeIDE_1.10.1/STM32CubeIDE/plugins/com.st.stm32cube.ide.mcu.externaltools.gnu-tools-for-stm32.11.3.rel1.win32_1.1.0.202305231506/tools/bin/../lib/gcc/arm-none-eabi/11.3.1/../../../../arm-none-eabi/lib/thumb/v7e-m+dp/hard\libc_nano.a
END GROUP
START GROUP
LOAD C:/ST/STM32CubeIDE_1.10.1/STM32CubeIDE/plugins/com.st.stm32cube.ide.mcu.externaltools.gnu-tools-for-stm32.11.3.rel1.win32_1.1.0.202305231506/tools/bin/../lib/gcc/arm-none-eabi/11.3.1/thumb/v7e-m+dp/hard\libgcc.a
LOAD C:/ST/STM32CubeIDE_1.10.1/STM32CubeIDE/plugins/com.st.stm32cube.ide.mcu.externaltools.gnu-tools-for-stm32.11.3.rel1.win32_1.1.0.202305231506/tools/bin/../lib/gcc/arm-none-eabi/11.3.1/../../../../arm-none-eabi/lib/thumb/v7e-m+dp/hard\libc_nano.a
LOAD C:/ST/STM32CubeIDE_1.10.1/STM32CubeIDE/plugins/com.st.stm32cube.ide.mcu.externaltools.gnu-tools-for-stm32.11.3.rel1.win32_1.1.0.202305231506/tools/bin/../lib/gcc/arm-none-eabi/11.3.1/../../../../arm-none-eabi/lib/thumb/v7e-m+dp/hard\libnosys.a
END GROUP
START GROUP
LOAD C:/ST/STM32CubeIDE_1.10.1/STM32CubeIDE/plugins/com.st.stm32cube.ide.mcu.externaltools.gnu-tools-for-stm32.11.3.rel1.win32_1.1.0.202305231506/tools/bin/../lib/gcc/arm-none-eabi/11.3.1/thumb/v7e-m+dp/hard\libgcc.a
LOAD C:/ST/STM32CubeIDE_1.10.1/STM32CubeIDE/plugins/com.st.stm32cube.ide.mcu.externaltools.gnu-tools-for-stm32.11.3.rel1.win32_1.1.0.202305231506/tools/bin/../lib/gcc/arm-none-eabi/11.3.1/../../../../arm-none-eabi/lib/thumb/v7e-m+dp/hard\libc_nano.a
LOAD C:/ST/STM32CubeIDE_1.10.1/STM32CubeIDE/plugins/com.st.stm32cube.ide.mcu.externaltools.gnu-tools-for-stm32.11.3.rel1.win32_1.1.0.202305231506/tools/bin/../lib/gcc/arm-none-eabi/11.3.1/../../../../arm-none-eabi/lib/thumb/v7e-m+dp/hard\libnosys.a
END GROUP
LOAD C:/ST/STM32CubeIDE_1.10.1/STM32CubeIDE/plugins/com.st.stm32cube.ide.mcu.externaltools.gnu-tools-for-stm32.11.3.rel1.win32_1.1.0.202305231506/tools/bin/../lib/gcc/arm-none-eabi/11.3.1/thumb/v7e-m+dp/hard/crtend.o
LOAD C:/ST/STM32CubeIDE_1.10.1/STM32CubeIDE/plugins/com.st.stm32cube.ide.mcu.externaltools.gnu-tools-for-stm32.11.3.rel1.win32_1.1.0.202305231506/tools/bin/../lib/gcc/arm-none-eabi/11.3.1/thumb/v7e-m+dp/hard/crtn.o
                0x0000000024050000                _estack = (ORIGIN (RAM_D1) + LENGTH (RAM_D1))
                0x0000000000000200                _Min_Heap_Size = 0x200
                0x0000000000000400                _Min_Stack_Size = 0x400

.isr_vector     0x0000000008000000      0x2cc
                0x0000000008000000                . = ALIGN (0x4)
 *(.isr_vector)
 .isr_vector    0x0000000008000000      0x2cc ./Core/Startup/startup_stm32h723zgtx.o
                0x0000000008000000                g_pfnVectors
                0x00000000080002cc                . = ALIGN (0x4)

.text           0x00000000080002d0     0xfd84
                0x00000000080002d0                . = ALIGN (0x4)
 *(.text)
 .text          0x00000000080002d0       0x40 C:/ST/STM32CubeIDE_1.10.1/STM32CubeIDE/plugins/com.st.stm32cube.ide.mcu.externaltools.gnu-tools-for-stm32.11.3.rel1.win32_1.1.0.202305231506/tools/bin/../lib/gcc/arm-none-eabi/11.3.1/thumb/v7e-m+dp/hard/crtbegin.o
 .text          0x0000000008000310       0x10 C:/ST/STM32CubeIDE_1.10.1/STM32CubeIDE/plugins/com.st.stm32cube.ide.mcu.externaltools.gnu-tools-for-stm32.11.3.rel1.win32_1.1.0.202305231506/tools/bin/../lib/gcc/arm-none-eabi/11.3.1/../../../../arm-none-eabi/lib/thumb/v7e-m+dp/hard\libc_nano.a(libc_a-strlen.o)
                0x0000000008000310                strlen
 .text          0x0000000008000320       0x30 C:/ST/STM32CubeIDE_1.10.1/STM32CubeIDE/plugins/com.st.stm32cube.ide.mcu.externaltools.gnu-tools-for-stm32.11.3.rel1.win32_1.1.0.202305231506/tools/bin/../lib/gcc/arm-none-eabi/11.3.1/thumb/v7e-m+dp/hard\libgcc.a(_aeabi_uldivmod.o)
                0x0000000008000320                __aeabi_uldivmod
 .text          0x0000000008000350      0x2c8 C:/ST/STM32CubeIDE_1.10.1/STM32CubeIDE/plugins/com.st.stm32cube.ide.mcu.externaltools.gnu-tools-for-stm32.11.3.rel1.win32_1.1.0.202305231506/tools/bin/../lib/gcc/arm-none-eabi/11.3.1/thumb/v7e-m+dp/hard\libgcc.a(_udivmoddi4.o)
                0x0000000008000350                __udivmoddi4
 .text          0x0000000008000618        0x4 C:/ST/STM32CubeIDE_1.10.1/STM32CubeIDE/plugins/com.st.stm32cube.ide.mcu.externaltools.gnu-tools-for-stm32.11.3.rel1.win32_1.1.0.202305231506/tools/bin/../lib/gcc/arm-none-eabi/11.3.1/thumb/v7e-m+dp/hard\libgcc.a(_dvmd_tls.o)
                0x0000000008000618                __aeabi_idiv0
                0x0000000008000618                __aeabi_ldiv0
 *(.text*)
 .text._ZN3ros16normalizeSecNSecERmS0_
                0x000000000800061c       0x58 ./Core/Inc/time.o
                0x000000000800061c                ros::normalizeSecNSec(unsigned long&, unsigned long&)
 *fill*         0x0000000008000674        0x4 
 .text.pidCtrl  0x0000000008000678      0x334 ./Core/Src/PID.o
                0x0000000008000678                pidCtrl
 .text._Z41__static_initialization_and_destruction_0ii
                0x00000000080009ac       0xc8 ./Core/Src/PID.o
 .text._GLOBAL__sub_I_Kp
                0x0000000008000a74       0x10 ./Core/Src/PID.o
 *fill*         0x0000000008000a84        0x4 
 .text.HAL_TIM_PeriodElapsedCallback
                0x0000000008000a88      0x5c0 ./Core/Src/TIM_IT.o
                0x0000000008000a88                HAL_TIM_PeriodElapsedCallback
 .text._Z13DC_motor_initv
                0x0000000008001048       0x80 ./Core/Src/chassis_DCmotor.o
                0x0000000008001048                DC_motor_init()
 .text._ZN8DC_motorC2Edddddd
                0x00000000080010c8       0xa8 ./Core/Src/chassis_DCmotor.o
                0x00000000080010c8                DC_motor::DC_motor(double, double, double, double, double, double)
                0x00000000080010c8                DC_motor::DC_motor(double, double, double, double, double, double)
 .text._Z41__static_initialization_and_destruction_0ii
                0x0000000008001170      0x110 ./Core/Src/chassis_DCmotor.o
 .text._GLOBAL__sub_I_FL
                0x0000000008001280       0x10 ./Core/Src/chassis_DCmotor.o
 .text.main     0x0000000008001290       0x46 ./Core/Src/main.o
                0x0000000008001290                main
 *fill*         0x00000000080012d6        0x2 
 .text.SystemClock_Config
                0x00000000080012d8       0xe0 ./Core/Src/main.o
                0x00000000080012d8                SystemClock_Config
 .text.MX_TIM1_Init
                0x00000000080013b8       0xa8 ./Core/Src/main.o
 .text.MX_TIM2_Init
                0x0000000008001460       0xa8 ./Core/Src/main.o
 .text.MX_TIM3_Init
                0x0000000008001508       0xac ./Core/Src/main.o
 .text.MX_TIM4_Init
                0x00000000080015b4       0xac ./Core/Src/main.o
 .text.MX_TIM5_Init
                0x0000000008001660       0xac ./Core/Src/main.o
 .text.MX_TIM8_Init
                0x000000000800170c       0xa8 ./Core/Src/main.o
 .text.MX_TIM12_Init
                0x00000000080017b4       0xa0 ./Core/Src/main.o
 .text.MX_TIM15_Init
                0x0000000008001854      0x124 ./Core/Src/main.o
 .text.MX_TIM23_Init
                0x0000000008001978       0x9c ./Core/Src/main.o
 .text.MX_USART1_UART_Init
                0x0000000008001a14       0x98 ./Core/Src/main.o
 .text.MX_USART3_UART_Init
                0x0000000008001aac       0x9c ./Core/Src/main.o
 .text.MX_DMA_Init
                0x0000000008001b48       0x50 ./Core/Src/main.o
 .text.MX_GPIO_Init
                0x0000000008001b98      0x224 ./Core/Src/main.o
 .text.Error_Handler
                0x0000000008001dbc        0xa ./Core/Src/main.o
                0x0000000008001dbc                Error_Handler
 .text._ZN6PUSHERC2Ev
                0x0000000008001dc6       0x46 ./Core/Src/mainpp.o
                0x0000000008001dc6                PUSHER::PUSHER()
                0x0000000008001dc6                PUSHER::PUSHER()
 .text.main_function
                0x0000000008001e0c       0x68 ./Core/Src/mainpp.o
                0x0000000008001e0c                main_function
 .text.stm_setup
                0x0000000008001e74       0x2c ./Core/Src/mainpp.o
                0x0000000008001e74                stm_setup
 .text._Z13script_pusherdd
                0x0000000008001ea0       0x38 ./Core/Src/pusher.o
                0x0000000008001ea0                script_pusher(double, double)
 .text._ZN6PUSHER8distenceEv
                0x0000000008001ed8       0x58 ./Core/Src/pusher.o
                0x0000000008001ed8                PUSHER::distence()
 .text._Z41__static_initialization_and_destruction_0ii
                0x0000000008001f30       0x38 ./Core/Src/pusher.o
 .text._GLOBAL__sub_I_pusher_A
                0x0000000008001f68       0x10 ./Core/Src/pusher.o
 .text._ZN3ros4TimeC2Ev
                0x0000000008001f78       0x22 ./Core/Src/ros_port.o
                0x0000000008001f78                ros::Time::Time()
                0x0000000008001f78                ros::Time::Time()
 *fill*         0x0000000008001f9a        0x2 
 .text._ZN3ros3MsgC2Ev
                0x0000000008001f9c       0x20 ./Core/Src/ros_port.o
                0x0000000008001f9c                ros::Msg::Msg()
                0x0000000008001f9c                ros::Msg::Msg()
 .text._ZN8std_msgs4TimeC2Ev
                0x0000000008001fbc       0x30 ./Core/Src/ros_port.o
                0x0000000008001fbc                std_msgs::Time::Time()
                0x0000000008001fbc                std_msgs::Time::Time()
 .text._ZNK8std_msgs4Time9serializeEPh
                0x0000000008001fec       0xb0 ./Core/Src/ros_port.o
                0x0000000008001fec                std_msgs::Time::serialize(unsigned char*) const
 .text._ZN8std_msgs4Time11deserializeEPh
                0x000000000800209c       0xc8 ./Core/Src/ros_port.o
                0x000000000800209c                std_msgs::Time::deserialize(unsigned char*)
 .text._ZN8std_msgs4Time7getTypeEv
                0x0000000008002164       0x1c ./Core/Src/ros_port.o
                0x0000000008002164                std_msgs::Time::getType()
 .text._ZN8std_msgs4Time6getMD5Ev
                0x0000000008002180       0x1c ./Core/Src/ros_port.o
                0x0000000008002180                std_msgs::Time::getMD5()
 .text._ZN14rosserial_msgs9TopicInfoC2Ev
                0x000000000800219c       0x48 ./Core/Src/ros_port.o
                0x000000000800219c                rosserial_msgs::TopicInfo::TopicInfo()
                0x000000000800219c                rosserial_msgs::TopicInfo::TopicInfo()
 .text._ZNK14rosserial_msgs9TopicInfo9serializeEPh
                0x00000000080021e4      0x136 ./Core/Src/ros_port.o
                0x00000000080021e4                rosserial_msgs::TopicInfo::serialize(unsigned char*) const
 .text._ZN14rosserial_msgs9TopicInfo11deserializeEPh
                0x000000000800231a      0x1d0 ./Core/Src/ros_port.o
                0x000000000800231a                rosserial_msgs::TopicInfo::deserialize(unsigned char*)
 *fill*         0x00000000080024ea        0x2 
 .text._ZN14rosserial_msgs9TopicInfo7getTypeEv
                0x00000000080024ec       0x1c ./Core/Src/ros_port.o
                0x00000000080024ec                rosserial_msgs::TopicInfo::getType()
 .text._ZN14rosserial_msgs9TopicInfo6getMD5Ev
                0x0000000008002508       0x1c ./Core/Src/ros_port.o
                0x0000000008002508                rosserial_msgs::TopicInfo::getMD5()
 .text._ZN14rosserial_msgs3LogC2Ev
                0x0000000008002524       0x34 ./Core/Src/ros_port.o
                0x0000000008002524                rosserial_msgs::Log::Log()
                0x0000000008002524                rosserial_msgs::Log::Log()
 .text._ZNK14rosserial_msgs3Log9serializeEPh
                0x0000000008002558       0x64 ./Core/Src/ros_port.o
                0x0000000008002558                rosserial_msgs::Log::serialize(unsigned char*) const
 .text._ZN14rosserial_msgs3Log11deserializeEPh
                0x00000000080025bc       0x90 ./Core/Src/ros_port.o
                0x00000000080025bc                rosserial_msgs::Log::deserialize(unsigned char*)
 .text._ZN14rosserial_msgs3Log7getTypeEv
                0x000000000800264c       0x1c ./Core/Src/ros_port.o
                0x000000000800264c                rosserial_msgs::Log::getType()
 .text._ZN14rosserial_msgs3Log6getMD5Ev
                0x0000000008002668       0x1c ./Core/Src/ros_port.o
                0x0000000008002668                rosserial_msgs::Log::getMD5()
 .text._ZN14rosserial_msgs20RequestParamResponseC2Ev
                0x0000000008002684       0x48 ./Core/Src/ros_port.o
                0x0000000008002684                rosserial_msgs::RequestParamResponse::RequestParamResponse()
                0x0000000008002684                rosserial_msgs::RequestParamResponse::RequestParamResponse()
 .text._ZNK14rosserial_msgs20RequestParamResponse9serializeEPh
                0x00000000080026cc      0x222 ./Core/Src/ros_port.o
                0x00000000080026cc                rosserial_msgs::RequestParamResponse::serialize(unsigned char*) const
 .text._ZN14rosserial_msgs20RequestParamResponse11deserializeEPh
                0x00000000080028ee      0x2e2 ./Core/Src/ros_port.o
                0x00000000080028ee                rosserial_msgs::RequestParamResponse::deserialize(unsigned char*)
 .text._ZN14rosserial_msgs20RequestParamResponse7getTypeEv
                0x0000000008002bd0       0x1c ./Core/Src/ros_port.o
                0x0000000008002bd0                rosserial_msgs::RequestParamResponse::getType()
 .text._ZN14rosserial_msgs20RequestParamResponse6getMD5Ev
                0x0000000008002bec       0x1c ./Core/Src/ros_port.o
                0x0000000008002bec                rosserial_msgs::RequestParamResponse::getMD5()
 .text._ZN3ros9PublisherC2EPKcPNS_3MsgEi
                0x0000000008002c08       0x2e ./Core/Src/ros_port.o
                0x0000000008002c08                ros::Publisher::Publisher(char const*, ros::Msg*, int)
                0x0000000008002c08                ros::Publisher::Publisher(char const*, ros::Msg*, int)
 .text._ZN3ros9Publisher15getEndpointTypeEv
                0x0000000008002c36       0x18 ./Core/Src/ros_port.o
                0x0000000008002c36                ros::Publisher::getEndpointType()
 *fill*         0x0000000008002c4e        0x2 
 .text._ZN13STM32Hardware10getRdmaIndEv
                0x0000000008002c50      0x180 ./Core/Src/ros_port.o
                0x0000000008002c50                STM32Hardware::getRdmaInd()
 .text._ZN13STM32HardwareC2Ev
                0x0000000008002dd0       0x40 ./Core/Src/ros_port.o
                0x0000000008002dd0                STM32Hardware::STM32Hardware()
                0x0000000008002dd0                STM32Hardware::STM32Hardware()
 .text._ZN13STM32Hardware4initEv
                0x0000000008002e10       0x16 ./Core/Src/ros_port.o
                0x0000000008002e10                STM32Hardware::init()
 .text._ZN13STM32Hardware10reset_rbufEv
                0x0000000008002e26       0x22 ./Core/Src/ros_port.o
                0x0000000008002e26                STM32Hardware::reset_rbuf()
 .text._ZN13STM32Hardware4readEv
                0x0000000008002e48       0x5a ./Core/Src/ros_port.o
                0x0000000008002e48                STM32Hardware::read()
 *fill*         0x0000000008002ea2        0x2 
 .text._ZN13STM32Hardware5flushEv
                0x0000000008002ea4       0xcc ./Core/Src/ros_port.o
                0x0000000008002ea4                STM32Hardware::flush()
 .text._ZN13STM32Hardware5writeEPhi
                0x0000000008002f70       0x94 ./Core/Src/ros_port.o
                0x0000000008002f70                STM32Hardware::write(unsigned char*, int)
 .text._ZN13STM32Hardware4timeEv
                0x0000000008003004       0x16 ./Core/Src/ros_port.o
                0x0000000008003004                STM32Hardware::time()
 *fill*         0x000000000800301a        0x2 
 .text._ZN13geometry_msgs7Vector3C2Ev
                0x000000000800301c       0x50 ./Core/Src/ros_port.o
                0x000000000800301c                geometry_msgs::Vector3::Vector3()
                0x000000000800301c                geometry_msgs::Vector3::Vector3()
 .text._ZNK13geometry_msgs7Vector39serializeEPh
                0x000000000800306c      0x2e6 ./Core/Src/ros_port.o
                0x000000000800306c                geometry_msgs::Vector3::serialize(unsigned char*) const
 .text._ZN13geometry_msgs7Vector311deserializeEPh
                0x0000000008003352      0x6be ./Core/Src/ros_port.o
                0x0000000008003352                geometry_msgs::Vector3::deserialize(unsigned char*)
 .text._ZN13geometry_msgs7Vector37getTypeEv
                0x0000000008003a10       0x1c ./Core/Src/ros_port.o
                0x0000000008003a10                geometry_msgs::Vector3::getType()
 .text._ZN13geometry_msgs7Vector36getMD5Ev
                0x0000000008003a2c       0x1c ./Core/Src/ros_port.o
                0x0000000008003a2c                geometry_msgs::Vector3::getMD5()
 .text._ZN13geometry_msgs5TwistC2Ev
                0x0000000008003a48       0x38 ./Core/Src/ros_port.o
                0x0000000008003a48                geometry_msgs::Twist::Twist()
                0x0000000008003a48                geometry_msgs::Twist::Twist()
 .text._ZNK13geometry_msgs5Twist9serializeEPh
                0x0000000008003a80       0x4c ./Core/Src/ros_port.o
                0x0000000008003a80                geometry_msgs::Twist::serialize(unsigned char*) const
 .text._ZN13geometry_msgs5Twist11deserializeEPh
                0x0000000008003acc       0x4c ./Core/Src/ros_port.o
                0x0000000008003acc                geometry_msgs::Twist::deserialize(unsigned char*)
 .text._ZN13geometry_msgs5Twist7getTypeEv
                0x0000000008003b18       0x1c ./Core/Src/ros_port.o
                0x0000000008003b18                geometry_msgs::Twist::getType()
 .text._ZN13geometry_msgs5Twist6getMD5Ev
                0x0000000008003b34       0x1c ./Core/Src/ros_port.o
                0x0000000008003b34                geometry_msgs::Twist::getMD5()
 .text._ZN8std_msgs4Int8C2Ev
                0x0000000008003b50       0x2c ./Core/Src/ros_port.o
                0x0000000008003b50                std_msgs::Int8::Int8()
                0x0000000008003b50                std_msgs::Int8::Int8()
 .text._ZNK8std_msgs4Int89serializeEPh
                0x0000000008003b7c       0x34 ./Core/Src/ros_port.o
                0x0000000008003b7c                std_msgs::Int8::serialize(unsigned char*) const
 .text._ZN8std_msgs4Int811deserializeEPh
                0x0000000008003bb0       0x3e ./Core/Src/ros_port.o
                0x0000000008003bb0                std_msgs::Int8::deserialize(unsigned char*)
 *fill*         0x0000000008003bee        0x2 
 .text._ZN8std_msgs4Int87getTypeEv
                0x0000000008003bf0       0x1c ./Core/Src/ros_port.o
                0x0000000008003bf0                std_msgs::Int8::getType()
 .text._ZN8std_msgs4Int86getMD5Ev
                0x0000000008003c0c       0x1c ./Core/Src/ros_port.o
                0x0000000008003c0c                std_msgs::Int8::getMD5()
 .text._Z12vel_callbackRKN13geometry_msgs5TwistE
                0x0000000008003c28       0x44 ./Core/Src/ros_port.o
                0x0000000008003c28                vel_callback(geometry_msgs::Twist const&)
 .text._Z12ori_callbackRKN8std_msgs4Int8E
                0x0000000008003c6c       0x24 ./Core/Src/ros_port.o
                0x0000000008003c6c                ori_callback(std_msgs::Int8 const&)
 .text._Z9ros_setupv
                0x0000000008003c90       0x38 ./Core/Src/ros_port.o
                0x0000000008003c90                ros_setup()
 .text._Z8ros_loopv
                0x0000000008003cc8       0x14 ./Core/Src/ros_port.o
                0x0000000008003cc8                ros_loop()
 .text._Z13Error_Handlerv
                0x0000000008003cdc        0xa ./Core/Src/ros_port.o
                0x0000000008003cdc                Error_Handler()
 *fill*         0x0000000008003ce6        0x2 
 .text._ZL19MX_USART1_UART_Initv
                0x0000000008003ce8       0xc0 ./Core/Src/ros_port.o
 .text.HAL_UART_ErrorCallback
                0x0000000008003da8       0x38 ./Core/Src/ros_port.o
                0x0000000008003da8                HAL_UART_ErrorCallback
 .text.HAL_UART_TxCpltCallback
                0x0000000008003de0       0x24 ./Core/Src/ros_port.o
                0x0000000008003de0                HAL_UART_TxCpltCallback
 .text._ZN3ros3Msg8varToArrIPhmEEvT_T0_
                0x0000000008003e04       0x3e ./Core/Src/ros_port.o
                0x0000000008003e04                void ros::Msg::varToArr<unsigned char*, unsigned long>(unsigned char*, unsigned long)
 .text._ZN3ros3Msg8arrToVarImPhEEvRT_T0_
                0x0000000008003e42       0x4c ./Core/Src/ros_port.o
                0x0000000008003e42                void ros::Msg::arrToVar<unsigned long, unsigned char*>(unsigned long&, unsigned char*)
 *fill*         0x0000000008003e8e        0x2 
 .text._ZN3ros15NodeHandleBase_C2Ev
                0x0000000008003e90       0x20 ./Core/Src/ros_port.o
                0x0000000008003e90                ros::NodeHandleBase_::NodeHandleBase_()
                0x0000000008003e90                ros::NodeHandleBase_::NodeHandleBase_()
 .text._ZN3ros11NodeHandle_I13STM32HardwareLi25ELi25ELi512ELi512EEC2Ev
                0x0000000008003eb0      0x134 ./Core/Src/ros_port.o
                0x0000000008003eb0                ros::NodeHandle_<STM32Hardware, 25, 25, 512, 512>::NodeHandle_()
                0x0000000008003eb0                ros::NodeHandle_<STM32Hardware, 25, 25, 512, 512>::NodeHandle_()
 .text._ZN3ros11Subscriber_C2Ev
                0x0000000008003fe4       0x20 ./Core/Src/ros_port.o
                0x0000000008003fe4                ros::Subscriber_::Subscriber_()
                0x0000000008003fe4                ros::Subscriber_::Subscriber_()
 .text._ZN3ros10SubscriberIN13geometry_msgs5TwistEvEC2EPKcPFvRKS2_Ei
                0x0000000008004004       0x48 ./Core/Src/ros_port.o
                0x0000000008004004                ros::Subscriber<geometry_msgs::Twist, void>::Subscriber(char const*, void (*)(geometry_msgs::Twist const&), int)
                0x0000000008004004                ros::Subscriber<geometry_msgs::Twist, void>::Subscriber(char const*, void (*)(geometry_msgs::Twist const&), int)
 .text._ZN3ros10SubscriberIN8std_msgs4Int8EvEC2EPKcPFvRKS2_Ei
                0x000000000800404c       0x48 ./Core/Src/ros_port.o
                0x000000000800404c                ros::Subscriber<std_msgs::Int8, void>::Subscriber(char const*, void (*)(std_msgs::Int8 const&), int)
                0x000000000800404c                ros::Subscriber<std_msgs::Int8, void>::Subscriber(char const*, void (*)(std_msgs::Int8 const&), int)
 .text._ZN3ros11NodeHandle_I13STM32HardwareLi25ELi25ELi512ELi512EE8initNodeEv
                0x0000000008004094       0x52 ./Core/Src/ros_port.o
                0x0000000008004094                ros::NodeHandle_<STM32Hardware, 25, 25, 512, 512>::initNode()
 .text._ZN3ros11NodeHandle_I13STM32HardwareLi25ELi25ELi512ELi512EE9subscribeINS_10SubscriberIN13geometry_msgs5TwistEvEEEEbRT_
                0x00000000080040e6       0x56 ./Core/Src/ros_port.o
                0x00000000080040e6                bool ros::NodeHandle_<STM32Hardware, 25, 25, 512, 512>::subscribe<ros::Subscriber<geometry_msgs::Twist, void> >(ros::Subscriber<geometry_msgs::Twist, void>&)
 .text._ZN3ros11NodeHandle_I13STM32HardwareLi25ELi25ELi512ELi512EE9advertiseERNS_9PublisherE
                0x000000000800413c       0x60 ./Core/Src/ros_port.o
                0x000000000800413c                ros::NodeHandle_<STM32Hardware, 25, 25, 512, 512>::advertise(ros::Publisher&)
 .text._ZN3ros11NodeHandle_I13STM32HardwareLi25ELi25ELi512ELi512EE9subscribeINS_10SubscriberIN8std_msgs4Int8EvEEEEbRT_
                0x000000000800419c       0x56 ./Core/Src/ros_port.o
                0x000000000800419c                bool ros::NodeHandle_<STM32Hardware, 25, 25, 512, 512>::subscribe<ros::Subscriber<std_msgs::Int8, void> >(ros::Subscriber<std_msgs::Int8, void>&)
 .text._ZN3ros11NodeHandle_I13STM32HardwareLi25ELi25ELi512ELi512EE8spinOnceEv
                0x00000000080041f2      0x4f0 ./Core/Src/ros_port.o
                0x00000000080041f2                ros::NodeHandle_<STM32Hardware, 25, 25, 512, 512>::spinOnce()
 .text._ZN3ros11NodeHandle_I13STM32HardwareLi25ELi25ELi512ELi512EE11getHardwareEv
                0x00000000080046e2       0x18 ./Core/Src/ros_port.o
                0x00000000080046e2                ros::NodeHandle_<STM32Hardware, 25, 25, 512, 512>::getHardware()
 .text._ZN3ros11NodeHandle_I13STM32HardwareLi25ELi25ELi512ELi512EE15requestSyncTimeEv
                0x00000000080046fa       0x3e ./Core/Src/ros_port.o
                0x00000000080046fa                ros::NodeHandle_<STM32Hardware, 25, 25, 512, 512>::requestSyncTime()
 .text._ZN3ros11NodeHandle_I13STM32HardwareLi25ELi25ELi512ELi512EE15negotiateTopicsEv
                0x0000000008004738      0x1c2 ./Core/Src/ros_port.o
                0x0000000008004738                ros::NodeHandle_<STM32Hardware, 25, 25, 512, 512>::negotiateTopics()
 *fill*         0x00000000080048fa        0x2 
 .text._ZN3ros11NodeHandle_I13STM32HardwareLi25ELi25ELi512ELi512EE8syncTimeEPh
                0x00000000080048fc       0x9c ./Core/Src/ros_port.o
                0x00000000080048fc                ros::NodeHandle_<STM32Hardware, 25, 25, 512, 512>::syncTime(unsigned char*)
 .text._ZN3ros11NodeHandle_I13STM32HardwareLi25ELi25ELi512ELi512EE7publishEiPKNS_3MsgE
                0x0000000008004998      0x158 ./Core/Src/ros_port.o
                0x0000000008004998                ros::NodeHandle_<STM32Hardware, 25, 25, 512, 512>::publish(int, ros::Msg const*)
 .text._ZN3ros11NodeHandle_I13STM32HardwareLi25ELi25ELi512ELi512EE6setNowERNS_4TimeE
                0x0000000008004af0       0x88 ./Core/Src/ros_port.o
                0x0000000008004af0                ros::NodeHandle_<STM32Hardware, 25, 25, 512, 512>::setNow(ros::Time&)
 .text._ZN3ros11NodeHandle_I13STM32HardwareLi25ELi25ELi512ELi512EE8logerrorEPKc
                0x0000000008004b78       0x1c ./Core/Src/ros_port.o
                0x0000000008004b78                ros::NodeHandle_<STM32Hardware, 25, 25, 512, 512>::logerror(char const*)
 .text._ZN3ros11NodeHandle_I13STM32HardwareLi25ELi25ELi512ELi512EE3logEcPKc
                0x0000000008004b94       0x38 ./Core/Src/ros_port.o
                0x0000000008004b94                ros::NodeHandle_<STM32Hardware, 25, 25, 512, 512>::log(char, char const*)
 .text._Z41__static_initialization_and_destruction_0ii
                0x0000000008004bcc       0x7c ./Core/Src/ros_port.o
 .text._ZN3ros10SubscriberIN8std_msgs4Int8EvE8callbackEPh
                0x0000000008004c48       0x2a ./Core/Src/ros_port.o
                0x0000000008004c48                ros::Subscriber<std_msgs::Int8, void>::callback(unsigned char*)
 .text._ZN3ros10SubscriberIN8std_msgs4Int8EvE15getEndpointTypeEv
                0x0000000008004c72       0x18 ./Core/Src/ros_port.o
                0x0000000008004c72                ros::Subscriber<std_msgs::Int8, void>::getEndpointType()
 .text._ZN3ros10SubscriberIN8std_msgs4Int8EvE10getMsgTypeEv
                0x0000000008004c8a       0x1c ./Core/Src/ros_port.o
                0x0000000008004c8a                ros::Subscriber<std_msgs::Int8, void>::getMsgType()
 .text._ZN3ros10SubscriberIN8std_msgs4Int8EvE9getMsgMD5Ev
                0x0000000008004ca6       0x1c ./Core/Src/ros_port.o
                0x0000000008004ca6                ros::Subscriber<std_msgs::Int8, void>::getMsgMD5()
 .text._ZN3ros10SubscriberIN13geometry_msgs5TwistEvE8callbackEPh
                0x0000000008004cc2       0x2a ./Core/Src/ros_port.o
                0x0000000008004cc2                ros::Subscriber<geometry_msgs::Twist, void>::callback(unsigned char*)
 .text._ZN3ros10SubscriberIN13geometry_msgs5TwistEvE15getEndpointTypeEv
                0x0000000008004cec       0x18 ./Core/Src/ros_port.o
                0x0000000008004cec                ros::Subscriber<geometry_msgs::Twist, void>::getEndpointType()
 .text._ZN3ros10SubscriberIN13geometry_msgs5TwistEvE10getMsgTypeEv
                0x0000000008004d04       0x1c ./Core/Src/ros_port.o
                0x0000000008004d04                ros::Subscriber<geometry_msgs::Twist, void>::getMsgType()
 .text._ZN3ros10SubscriberIN13geometry_msgs5TwistEvE9getMsgMD5Ev
                0x0000000008004d20       0x1c ./Core/Src/ros_port.o
                0x0000000008004d20                ros::Subscriber<geometry_msgs::Twist, void>::getMsgMD5()
 .text._ZN3ros11NodeHandle_I13STM32HardwareLi25ELi25ELi512ELi512EE9connectedEv
                0x0000000008004d3c       0x1e ./Core/Src/ros_port.o
                0x0000000008004d3c                ros::NodeHandle_<STM32Hardware, 25, 25, 512, 512>::connected()
 .text._GLOBAL__sub_I_run_inter0
                0x0000000008004d5a       0x10 ./Core/Src/ros_port.o
 *fill*         0x0000000008004d6a        0x6 
 .text._Z6scriptv
                0x0000000008004d70      0x2c0 ./Core/Src/script.o
                0x0000000008004d70                script()
 .text._Z12script_wheelddd
                0x0000000008005030       0x48 ./Core/Src/script.o
                0x0000000008005030                script_wheel(double, double, double)
 .text._Z9UART_Sendh
                0x0000000008005078       0x38 ./Core/Src/servo.o
                0x0000000008005078                UART_Send(unsigned char)
 .text._Z26UART_Send_SetMotorPositionttt
                0x00000000080050b0       0x88 ./Core/Src/servo.o
                0x00000000080050b0                UART_Send_SetMotorPosition(unsigned short, unsigned short, unsigned short)
 .text.HAL_MspInit
                0x0000000008005138       0x34 ./Core/Src/stm32h7xx_hal_msp.o
                0x0000000008005138                HAL_MspInit
 .text.HAL_TIM_Base_MspInit
                0x000000000800516c      0x12c ./Core/Src/stm32h7xx_hal_msp.o
                0x000000000800516c                HAL_TIM_Base_MspInit
 .text.HAL_TIM_Encoder_MspInit
                0x0000000008005298      0x21c ./Core/Src/stm32h7xx_hal_msp.o
                0x0000000008005298                HAL_TIM_Encoder_MspInit
 .text.HAL_TIM_PWM_MspInit
                0x00000000080054b4       0x80 ./Core/Src/stm32h7xx_hal_msp.o
                0x00000000080054b4                HAL_TIM_PWM_MspInit
 .text.HAL_TIM_MspPostInit
                0x0000000008005534       0xc8 ./Core/Src/stm32h7xx_hal_msp.o
                0x0000000008005534                HAL_TIM_MspPostInit
 .text.HAL_UART_MspInit
                0x00000000080055fc      0x2b0 ./Core/Src/stm32h7xx_hal_msp.o
                0x00000000080055fc                HAL_UART_MspInit
 .text.HAL_UART_MspDeInit
                0x00000000080058ac       0xa0 ./Core/Src/stm32h7xx_hal_msp.o
                0x00000000080058ac                HAL_UART_MspDeInit
 .text.NMI_Handler
                0x000000000800594c        0x6 ./Core/Src/stm32h7xx_it.o
                0x000000000800594c                NMI_Handler
 .text.HardFault_Handler
                0x0000000008005952        0x6 ./Core/Src/stm32h7xx_it.o
                0x0000000008005952                HardFault_Handler
 .text.MemManage_Handler
                0x0000000008005958        0x6 ./Core/Src/stm32h7xx_it.o
                0x0000000008005958                MemManage_Handler
 .text.BusFault_Handler
                0x000000000800595e        0x6 ./Core/Src/stm32h7xx_it.o
                0x000000000800595e                BusFault_Handler
 .text.UsageFault_Handler
                0x0000000008005964        0x6 ./Core/Src/stm32h7xx_it.o
                0x0000000008005964                UsageFault_Handler
 .text.SVC_Handler
                0x000000000800596a        0xe ./Core/Src/stm32h7xx_it.o
                0x000000000800596a                SVC_Handler
 .text.DebugMon_Handler
                0x0000000008005978        0xe ./Core/Src/stm32h7xx_it.o
                0x0000000008005978                DebugMon_Handler
 .text.PendSV_Handler
                0x0000000008005986        0xe ./Core/Src/stm32h7xx_it.o
                0x0000000008005986                PendSV_Handler
 .text.SysTick_Handler
                0x0000000008005994        0xc ./Core/Src/stm32h7xx_it.o
                0x0000000008005994                SysTick_Handler
 .text.DMA1_Stream0_IRQHandler
                0x00000000080059a0       0x14 ./Core/Src/stm32h7xx_it.o
                0x00000000080059a0                DMA1_Stream0_IRQHandler
 .text.DMA1_Stream1_IRQHandler
                0x00000000080059b4       0x14 ./Core/Src/stm32h7xx_it.o
                0x00000000080059b4                DMA1_Stream1_IRQHandler
 .text.TIM1_BRK_IRQHandler
                0x00000000080059c8       0x14 ./Core/Src/stm32h7xx_it.o
                0x00000000080059c8                TIM1_BRK_IRQHandler
 .text.TIM1_UP_IRQHandler
                0x00000000080059dc       0x14 ./Core/Src/stm32h7xx_it.o
                0x00000000080059dc                TIM1_UP_IRQHandler
 .text.TIM1_TRG_COM_IRQHandler
                0x00000000080059f0       0x14 ./Core/Src/stm32h7xx_it.o
                0x00000000080059f0                TIM1_TRG_COM_IRQHandler
 .text.TIM1_CC_IRQHandler
                0x0000000008005a04       0x14 ./Core/Src/stm32h7xx_it.o
                0x0000000008005a04                TIM1_CC_IRQHandler
 .text.USART1_IRQHandler
                0x0000000008005a18       0x14 ./Core/Src/stm32h7xx_it.o
                0x0000000008005a18                USART1_IRQHandler
 .text.USART3_IRQHandler
                0x0000000008005a2c       0x14 ./Core/Src/stm32h7xx_it.o
                0x0000000008005a2c                USART3_IRQHandler
 .text.TIM8_BRK_TIM12_IRQHandler
                0x0000000008005a40       0x1c ./Core/Src/stm32h7xx_it.o
                0x0000000008005a40                TIM8_BRK_TIM12_IRQHandler
 .text.TIM8_UP_TIM13_IRQHandler
                0x0000000008005a5c       0x14 ./Core/Src/stm32h7xx_it.o
                0x0000000008005a5c                TIM8_UP_TIM13_IRQHandler
 .text.TIM8_TRG_COM_TIM14_IRQHandler
                0x0000000008005a70       0x14 ./Core/Src/stm32h7xx_it.o
                0x0000000008005a70                TIM8_TRG_COM_TIM14_IRQHandler
 .text.TIM8_CC_IRQHandler
                0x0000000008005a84       0x14 ./Core/Src/stm32h7xx_it.o
                0x0000000008005a84                TIM8_CC_IRQHandler
 .text.TIM23_IRQHandler
                0x0000000008005a98       0x14 ./Core/Src/stm32h7xx_it.o
                0x0000000008005a98                TIM23_IRQHandler
 .text._sbrk    0x0000000008005aac       0x6c ./Core/Src/sysmem.o
                0x0000000008005aac                _sbrk
 .text.SystemInit
                0x0000000008005b18       0xf0 ./Core/Src/system_stm32h7xx.o
                0x0000000008005b18                SystemInit
 .text.Reset_Handler
                0x0000000008005c08       0x50 ./Core/Startup/startup_stm32h723zgtx.o
                0x0000000008005c08                Reset_Handler
 .text.Default_Handler
                0x0000000008005c58        0x2 ./Core/Startup/startup_stm32h723zgtx.o
                0x0000000008005c58                RTC_Alarm_IRQHandler
                0x0000000008005c58                EXTI2_IRQHandler
                0x0000000008005c58                UART8_IRQHandler
                0x0000000008005c58                SPI4_IRQHandler
                0x0000000008005c58                FDCAN3_IT0_IRQHandler
                0x0000000008005c58                BDMA_Channel6_IRQHandler
                0x0000000008005c58                DMA2_Stream5_IRQHandler
                0x0000000008005c58                DMA1_Stream5_IRQHandler
                0x0000000008005c58                CORDIC_IRQHandler
                0x0000000008005c58                BDMA_Channel1_IRQHandler
                0x0000000008005c58                TAMP_STAMP_IRQHandler
                0x0000000008005c58                EXTI3_IRQHandler
                0x0000000008005c58                LPTIM4_IRQHandler
                0x0000000008005c58                LPTIM2_IRQHandler
                0x0000000008005c58                DFSDM1_FLT1_IRQHandler
                0x0000000008005c58                DMAMUX2_OVR_IRQHandler
                0x0000000008005c58                I2C3_ER_IRQHandler
                0x0000000008005c58                DFSDM1_FLT2_IRQHandler
                0x0000000008005c58                I2C5_EV_IRQHandler
                0x0000000008005c58                USART10_IRQHandler
                0x0000000008005c58                MDMA_IRQHandler
                0x0000000008005c58                LPTIM3_IRQHandler
                0x0000000008005c58                HSEM1_IRQHandler
                0x0000000008005c58                EXTI0_IRQHandler
                0x0000000008005c58                I2C2_EV_IRQHandler
                0x0000000008005c58                DMA1_Stream2_IRQHandler
                0x0000000008005c58                FPU_IRQHandler
                0x0000000008005c58                OTG_HS_WKUP_IRQHandler
                0x0000000008005c58                FDCAN1_IT1_IRQHandler
                0x0000000008005c58                LTDC_ER_IRQHandler
                0x0000000008005c58                DMA2_Stream2_IRQHandler
                0x0000000008005c58                SPI1_IRQHandler
                0x0000000008005c58                OCTOSPI1_IRQHandler
                0x0000000008005c58                TIM6_DAC_IRQHandler
                0x0000000008005c58                DMA2_Stream3_IRQHandler
                0x0000000008005c58                OCTOSPI2_IRQHandler
                0x0000000008005c58                DFSDM1_FLT3_IRQHandler
                0x0000000008005c58                USART6_IRQHandler
                0x0000000008005c58                TIM17_IRQHandler
                0x0000000008005c58                BDMA_Channel7_IRQHandler
                0x0000000008005c58                LPTIM5_IRQHandler
                0x0000000008005c58                UART5_IRQHandler
                0x0000000008005c58                ADC3_IRQHandler
                0x0000000008005c58                DMA2_Stream0_IRQHandler
                0x0000000008005c58                TIM4_IRQHandler
                0x0000000008005c58                BDMA_Channel2_IRQHandler
                0x0000000008005c58                I2C1_EV_IRQHandler
                0x0000000008005c58                DMA1_Stream6_IRQHandler
                0x0000000008005c58                DMAMUX1_OVR_IRQHandler
                0x0000000008005c58                TIM16_IRQHandler
                0x0000000008005c58                UART4_IRQHandler
                0x0000000008005c58                BDMA_Channel5_IRQHandler
                0x0000000008005c58                TIM3_IRQHandler
                0x0000000008005c58                RCC_IRQHandler
                0x0000000008005c58                UART9_IRQHandler
                0x0000000008005c58                Default_Handler
                0x0000000008005c58                ECC_IRQHandler
                0x0000000008005c58                FMAC_IRQHandler
                0x0000000008005c58                CEC_IRQHandler
                0x0000000008005c58                EXTI15_10_IRQHandler
                0x0000000008005c58                BDMA_Channel0_IRQHandler
                0x0000000008005c58                ADC_IRQHandler
                0x0000000008005c58                I2C5_ER_IRQHandler
                0x0000000008005c58                DMA1_Stream7_IRQHandler
                0x0000000008005c58                SPI5_IRQHandler
                0x0000000008005c58                TIM7_IRQHandler
                0x0000000008005c58                FDCAN3_IT1_IRQHandler
                0x0000000008005c58                SDMMC1_IRQHandler
                0x0000000008005c58                TIM5_IRQHandler
                0x0000000008005c58                DMA2_Stream7_IRQHandler
                0x0000000008005c58                TIM15_IRQHandler
                0x0000000008005c58                PVD_AVD_IRQHandler
                0x0000000008005c58                I2C3_EV_IRQHandler
                0x0000000008005c58                EXTI9_5_IRQHandler
                0x0000000008005c58                RTC_WKUP_IRQHandler
                0x0000000008005c58                LTDC_IRQHandler
                0x0000000008005c58                ETH_WKUP_IRQHandler
                0x0000000008005c58                SPDIF_RX_IRQHandler
                0x0000000008005c58                SPI2_IRQHandler
                0x0000000008005c58                OTG_HS_EP1_IN_IRQHandler
                0x0000000008005c58                TIM24_IRQHandler
                0x0000000008005c58                CRS_IRQHandler
                0x0000000008005c58                EXTI4_IRQHandler
                0x0000000008005c58                RNG_IRQHandler
                0x0000000008005c58                FDCAN2_IT1_IRQHandler
                0x0000000008005c58                ETH_IRQHandler
                0x0000000008005c58                BDMA_Channel4_IRQHandler
                0x0000000008005c58                OTG_HS_EP1_OUT_IRQHandler
                0x0000000008005c58                WWDG_IRQHandler
                0x0000000008005c58                SPI6_IRQHandler
                0x0000000008005c58                MDIOS_IRQHandler
                0x0000000008005c58                I2C4_EV_IRQHandler
                0x0000000008005c58                FDCAN2_IT0_IRQHandler
                0x0000000008005c58                LPUART1_IRQHandler
                0x0000000008005c58                FDCAN1_IT0_IRQHandler
                0x0000000008005c58                TIM2_IRQHandler
                0x0000000008005c58                OTG_HS_IRQHandler
                0x0000000008005c58                DMA2D_IRQHandler
                0x0000000008005c58                EXTI1_IRQHandler
                0x0000000008005c58                SDMMC2_IRQHandler
                0x0000000008005c58                BDMA_Channel3_IRQHandler
                0x0000000008005c58                DTS_IRQHandler
                0x0000000008005c58                UART7_IRQHandler
                0x0000000008005c58                MDIOS_WKUP_IRQHandler
                0x0000000008005c58                USART2_IRQHandler
                0x0000000008005c58                DFSDM1_FLT0_IRQHandler
                0x0000000008005c58                SAI4_IRQHandler
                0x0000000008005c58                I2C2_ER_IRQHandler
                0x0000000008005c58                DMA2_Stream1_IRQHandler
                0x0000000008005c58                FLASH_IRQHandler
                0x0000000008005c58                DMA2_Stream4_IRQHandler
                0x0000000008005c58                SPI3_IRQHandler
                0x0000000008005c58                WAKEUP_PIN_IRQHandler
                0x0000000008005c58                DMA1_Stream4_IRQHandler
                0x0000000008005c58                I2C1_ER_IRQHandler
                0x0000000008005c58                FMC_IRQHandler
                0x0000000008005c58                FDCAN_CAL_IRQHandler
                0x0000000008005c58                SWPMI1_IRQHandler
                0x0000000008005c58                COMP1_IRQHandler
                0x0000000008005c58                LPTIM1_IRQHandler
                0x0000000008005c58                DCMI_PSSI_IRQHandler
                0x0000000008005c58                I2C4_ER_IRQHandler
                0x0000000008005c58                DMA2_Stream6_IRQHandler
                0x0000000008005c58                SAI1_IRQHandler
                0x0000000008005c58                DMA1_Stream3_IRQHandler
 *fill*         0x0000000008005c5a        0x2 
 .text.HAL_Init
                0x0000000008005c5c       0x78 ./Drivers/STM32H7xx_HAL_Driver/Src/stm32h7xx_hal.o
                0x0000000008005c5c                HAL_Init
 .text.HAL_InitTick
                0x0000000008005cd4       0x6c ./Drivers/STM32H7xx_HAL_Driver/Src/stm32h7xx_hal.o
                0x0000000008005cd4                HAL_InitTick
 .text.HAL_IncTick
                0x0000000008005d40       0x28 ./Drivers/STM32H7xx_HAL_Driver/Src/stm32h7xx_hal.o
                0x0000000008005d40                HAL_IncTick
 .text.HAL_GetTick
                0x0000000008005d68       0x18 ./Drivers/STM32H7xx_HAL_Driver/Src/stm32h7xx_hal.o
                0x0000000008005d68                HAL_GetTick
 .text.__NVIC_SetPriorityGrouping
                0x0000000008005d80       0x48 ./Drivers/STM32H7xx_HAL_Driver/Src/stm32h7xx_hal_cortex.o
 .text.__NVIC_GetPriorityGrouping
                0x0000000008005dc8       0x1c ./Drivers/STM32H7xx_HAL_Driver/Src/stm32h7xx_hal_cortex.o
 .text.__NVIC_EnableIRQ
                0x0000000008005de4       0x3c ./Drivers/STM32H7xx_HAL_Driver/Src/stm32h7xx_hal_cortex.o
 .text.__NVIC_DisableIRQ
                0x0000000008005e20       0x48 ./Drivers/STM32H7xx_HAL_Driver/Src/stm32h7xx_hal_cortex.o
 .text.__NVIC_SetPriority
                0x0000000008005e68       0x54 ./Drivers/STM32H7xx_HAL_Driver/Src/stm32h7xx_hal_cortex.o
 .text.NVIC_EncodePriority
                0x0000000008005ebc       0x66 ./Drivers/STM32H7xx_HAL_Driver/Src/stm32h7xx_hal_cortex.o
 *fill*         0x0000000008005f22        0x2 
 .text.SysTick_Config
                0x0000000008005f24       0x44 ./Drivers/STM32H7xx_HAL_Driver/Src/stm32h7xx_hal_cortex.o
 .text.HAL_NVIC_SetPriorityGrouping
                0x0000000008005f68       0x16 ./Drivers/STM32H7xx_HAL_Driver/Src/stm32h7xx_hal_cortex.o
                0x0000000008005f68                HAL_NVIC_SetPriorityGrouping
 .text.HAL_NVIC_SetPriority
                0x0000000008005f7e       0x34 ./Drivers/STM32H7xx_HAL_Driver/Src/stm32h7xx_hal_cortex.o
                0x0000000008005f7e                HAL_NVIC_SetPriority
 .text.HAL_NVIC_EnableIRQ
                0x0000000008005fb2       0x1c ./Drivers/STM32H7xx_HAL_Driver/Src/stm32h7xx_hal_cortex.o
                0x0000000008005fb2                HAL_NVIC_EnableIRQ
 .text.HAL_NVIC_DisableIRQ
                0x0000000008005fce       0x1c ./Drivers/STM32H7xx_HAL_Driver/Src/stm32h7xx_hal_cortex.o
                0x0000000008005fce                HAL_NVIC_DisableIRQ
 .text.HAL_SYSTICK_Config
                0x0000000008005fea       0x18 ./Drivers/STM32H7xx_HAL_Driver/Src/stm32h7xx_hal_cortex.o
                0x0000000008005fea                HAL_SYSTICK_Config
 *fill*         0x0000000008006002        0x2 
 .text.HAL_DMA_Init
                0x0000000008006004      0x6b0 ./Drivers/STM32H7xx_HAL_Driver/Src/stm32h7xx_hal_dma.o
                0x0000000008006004                HAL_DMA_Init
 .text.HAL_DMA_DeInit
                0x00000000080066b4      0x36c ./Drivers/STM32H7xx_HAL_Driver/Src/stm32h7xx_hal_dma.o
                0x00000000080066b4                HAL_DMA_DeInit
 .text.HAL_DMA_Start_IT
                0x0000000008006a20      0x4d4 ./Drivers/STM32H7xx_HAL_Driver/Src/stm32h7xx_hal_dma.o
                0x0000000008006a20                HAL_DMA_Start_IT
 .text.HAL_DMA_Abort
                0x0000000008006ef4      0x63c ./Drivers/STM32H7xx_HAL_Driver/Src/stm32h7xx_hal_dma.o
                0x0000000008006ef4                HAL_DMA_Abort
 .text.HAL_DMA_Abort_IT
                0x0000000008007530      0x48c ./Drivers/STM32H7xx_HAL_Driver/Src/stm32h7xx_hal_dma.o
                0x0000000008007530                HAL_DMA_Abort_IT
 .text.HAL_DMA_IRQHandler
                0x00000000080079bc      0xe54 ./Drivers/STM32H7xx_HAL_Driver/Src/stm32h7xx_hal_dma.o
                0x00000000080079bc                HAL_DMA_IRQHandler
 .text.DMA_SetConfig
                0x0000000008008810      0x358 ./Drivers/STM32H7xx_HAL_Driver/Src/stm32h7xx_hal_dma.o
 .text.DMA_CalcBaseAndBitshift
                0x0000000008008b68      0x164 ./Drivers/STM32H7xx_HAL_Driver/Src/stm32h7xx_hal_dma.o
 .text.DMA_CheckFifoParam
                0x0000000008008ccc       0xf8 ./Drivers/STM32H7xx_HAL_Driver/Src/stm32h7xx_hal_dma.o
 .text.DMA_CalcDMAMUXChannelBaseAndMask
                0x0000000008008dc4      0x134 ./Drivers/STM32H7xx_HAL_Driver/Src/stm32h7xx_hal_dma.o
 .text.DMA_CalcDMAMUXRequestGenBaseAndMask
                0x0000000008008ef8       0xe8 ./Drivers/STM32H7xx_HAL_Driver/Src/stm32h7xx_hal_dma.o
 .text.HAL_GPIO_Init
                0x0000000008008fe0      0x350 ./Drivers/STM32H7xx_HAL_Driver/Src/stm32h7xx_hal_gpio.o
                0x0000000008008fe0                HAL_GPIO_Init
 .text.HAL_GPIO_DeInit
                0x0000000008009330      0x204 ./Drivers/STM32H7xx_HAL_Driver/Src/stm32h7xx_hal_gpio.o
                0x0000000008009330                HAL_GPIO_DeInit
 .text.HAL_GPIO_WritePin
                0x0000000008009534       0x32 ./Drivers/STM32H7xx_HAL_Driver/Src/stm32h7xx_hal_gpio.o
                0x0000000008009534                HAL_GPIO_WritePin
 *fill*         0x0000000008009566        0x2 
 .text.HAL_PWREx_ConfigSupply
                0x0000000008009568       0x74 ./Drivers/STM32H7xx_HAL_Driver/Src/stm32h7xx_hal_pwr_ex.o
                0x0000000008009568                HAL_PWREx_ConfigSupply
 .text.HAL_RCC_OscConfig
                0x00000000080095dc      0x7b4 ./Drivers/STM32H7xx_HAL_Driver/Src/stm32h7xx_hal_rcc.o
                0x00000000080095dc                HAL_RCC_OscConfig
 .text.HAL_RCC_ClockConfig
                0x0000000008009d90      0x36c ./Drivers/STM32H7xx_HAL_Driver/Src/stm32h7xx_hal_rcc.o
                0x0000000008009d90                HAL_RCC_ClockConfig
 .text.HAL_RCC_GetSysClockFreq
                0x000000000800a0fc      0x2f4 ./Drivers/STM32H7xx_HAL_Driver/Src/stm32h7xx_hal_rcc.o
                0x000000000800a0fc                HAL_RCC_GetSysClockFreq
 .text.HAL_RCC_GetHCLKFreq
                0x000000000800a3f0       0x60 ./Drivers/STM32H7xx_HAL_Driver/Src/stm32h7xx_hal_rcc.o
                0x000000000800a3f0                HAL_RCC_GetHCLKFreq
 .text.HAL_RCC_GetPCLK1Freq
                0x000000000800a450       0x2c ./Drivers/STM32H7xx_HAL_Driver/Src/stm32h7xx_hal_rcc.o
                0x000000000800a450                HAL_RCC_GetPCLK1Freq
 .text.HAL_RCC_GetPCLK2Freq
                0x000000000800a47c       0x2c ./Drivers/STM32H7xx_HAL_Driver/Src/stm32h7xx_hal_rcc.o
                0x000000000800a47c                HAL_RCC_GetPCLK2Freq
 .text.HAL_RCCEx_PeriphCLKConfig
                0x000000000800a4a8     0x1340 ./Drivers/STM32H7xx_HAL_Driver/Src/stm32h7xx_hal_rcc_ex.o
                0x000000000800a4a8                HAL_RCCEx_PeriphCLKConfig
 .text.HAL_RCCEx_GetD3PCLK1Freq
                0x000000000800b7e8       0x2c ./Drivers/STM32H7xx_HAL_Driver/Src/stm32h7xx_hal_rcc_ex.o
                0x000000000800b7e8                HAL_RCCEx_GetD3PCLK1Freq
 .text.HAL_RCCEx_GetPLL2ClockFreq
                0x000000000800b814      0x2a8 ./Drivers/STM32H7xx_HAL_Driver/Src/stm32h7xx_hal_rcc_ex.o
                0x000000000800b814                HAL_RCCEx_GetPLL2ClockFreq
 .text.HAL_RCCEx_GetPLL3ClockFreq
                0x000000000800babc      0x2a8 ./Drivers/STM32H7xx_HAL_Driver/Src/stm32h7xx_hal_rcc_ex.o
                0x000000000800babc                HAL_RCCEx_GetPLL3ClockFreq
 .text.RCCEx_PLL2_Config
                0x000000000800bd64      0x164 ./Drivers/STM32H7xx_HAL_Driver/Src/stm32h7xx_hal_rcc_ex.o
 .text.RCCEx_PLL3_Config
                0x000000000800bec8      0x164 ./Drivers/STM32H7xx_HAL_Driver/Src/stm32h7xx_hal_rcc_ex.o
 .text.HAL_TIM_Base_Init
                0x000000000800c02c       0xae ./Drivers/STM32H7xx_HAL_Driver/Src/stm32h7xx_hal_tim.o
                0x000000000800c02c                HAL_TIM_Base_Init
 *fill*         0x000000000800c0da        0x2 
 .text.HAL_TIM_Base_Start_IT
                0x000000000800c0dc      0x10c ./Drivers/STM32H7xx_HAL_Driver/Src/stm32h7xx_hal_tim.o
                0x000000000800c0dc                HAL_TIM_Base_Start_IT
 .text.HAL_TIM_PWM_Init
                0x000000000800c1e8       0xae ./Drivers/STM32H7xx_HAL_Driver/Src/stm32h7xx_hal_tim.o
                0x000000000800c1e8                HAL_TIM_PWM_Init
 *fill*         0x000000000800c296        0x2 
 .text.HAL_TIM_PWM_Start
                0x000000000800c298      0x238 ./Drivers/STM32H7xx_HAL_Driver/Src/stm32h7xx_hal_tim.o
                0x000000000800c298                HAL_TIM_PWM_Start
 .text.HAL_TIM_Encoder_Init
                0x000000000800c4d0      0x14c ./Drivers/STM32H7xx_HAL_Driver/Src/stm32h7xx_hal_tim.o
                0x000000000800c4d0                HAL_TIM_Encoder_Init
 .text.HAL_TIM_Encoder_Start_IT
                0x000000000800c61c      0x15c ./Drivers/STM32H7xx_HAL_Driver/Src/stm32h7xx_hal_tim.o
                0x000000000800c61c                HAL_TIM_Encoder_Start_IT
 .text.HAL_TIM_IRQHandler
                0x000000000800c778      0x23e ./Drivers/STM32H7xx_HAL_Driver/Src/stm32h7xx_hal_tim.o
                0x000000000800c778                HAL_TIM_IRQHandler
 *fill*         0x000000000800c9b6        0x2 
 .text.HAL_TIM_PWM_ConfigChannel
                0x000000000800c9b8      0x228 ./Drivers/STM32H7xx_HAL_Driver/Src/stm32h7xx_hal_tim.o
                0x000000000800c9b8                HAL_TIM_PWM_ConfigChannel
 .text.HAL_TIM_ConfigClockSource
                0x000000000800cbe0      0x1f0 ./Drivers/STM32H7xx_HAL_Driver/Src/stm32h7xx_hal_tim.o
                0x000000000800cbe0                HAL_TIM_ConfigClockSource
 .text.HAL_TIM_OC_DelayElapsedCallback
                0x000000000800cdd0       0x14 ./Drivers/STM32H7xx_HAL_Driver/Src/stm32h7xx_hal_tim.o
                0x000000000800cdd0                HAL_TIM_OC_DelayElapsedCallback
 .text.HAL_TIM_IC_CaptureCallback
                0x000000000800cde4       0x14 ./Drivers/STM32H7xx_HAL_Driver/Src/stm32h7xx_hal_tim.o
                0x000000000800cde4                HAL_TIM_IC_CaptureCallback
 .text.HAL_TIM_PWM_PulseFinishedCallback
                0x000000000800cdf8       0x14 ./Drivers/STM32H7xx_HAL_Driver/Src/stm32h7xx_hal_tim.o
                0x000000000800cdf8                HAL_TIM_PWM_PulseFinishedCallback
 .text.HAL_TIM_TriggerCallback
                0x000000000800ce0c       0x14 ./Drivers/STM32H7xx_HAL_Driver/Src/stm32h7xx_hal_tim.o
                0x000000000800ce0c                HAL_TIM_TriggerCallback
 .text.TIM_Base_SetConfig
                0x000000000800ce20      0x14c ./Drivers/STM32H7xx_HAL_Driver/Src/stm32h7xx_hal_tim.o
                0x000000000800ce20                TIM_Base_SetConfig
 .text.TIM_OC1_SetConfig
                0x000000000800cf6c      0x120 ./Drivers/STM32H7xx_HAL_Driver/Src/stm32h7xx_hal_tim.o
 .text.TIM_OC2_SetConfig
                0x000000000800d08c      0x114 ./Drivers/STM32H7xx_HAL_Driver/Src/stm32h7xx_hal_tim.o
                0x000000000800d08c                TIM_OC2_SetConfig
 .text.TIM_OC3_SetConfig
                0x000000000800d1a0      0x110 ./Drivers/STM32H7xx_HAL_Driver/Src/stm32h7xx_hal_tim.o
 .text.TIM_OC4_SetConfig
                0x000000000800d2b0       0xd4 ./Drivers/STM32H7xx_HAL_Driver/Src/stm32h7xx_hal_tim.o
 .text.TIM_OC5_SetConfig
                0x000000000800d384       0xc8 ./Drivers/STM32H7xx_HAL_Driver/Src/stm32h7xx_hal_tim.o
 .text.TIM_OC6_SetConfig
                0x000000000800d44c       0xcc ./Drivers/STM32H7xx_HAL_Driver/Src/stm32h7xx_hal_tim.o
 .text.TIM_TI1_ConfigInputStage
                0x000000000800d518       0x5e ./Drivers/STM32H7xx_HAL_Driver/Src/stm32h7xx_hal_tim.o
 .text.TIM_TI2_ConfigInputStage
                0x000000000800d576       0x60 ./Drivers/STM32H7xx_HAL_Driver/Src/stm32h7xx_hal_tim.o
 *fill*         0x000000000800d5d6        0x2 
 .text.TIM_ITRx_SetConfig
                0x000000000800d5d8       0x3c ./Drivers/STM32H7xx_HAL_Driver/Src/stm32h7xx_hal_tim.o
 .text.TIM_ETR_SetConfig
                0x000000000800d614       0x40 ./Drivers/STM32H7xx_HAL_Driver/Src/stm32h7xx_hal_tim.o
                0x000000000800d614                TIM_ETR_SetConfig
 .text.TIM_CCxChannelCmd
                0x000000000800d654       0x4a ./Drivers/STM32H7xx_HAL_Driver/Src/stm32h7xx_hal_tim.o
                0x000000000800d654                TIM_CCxChannelCmd
 *fill*         0x000000000800d69e        0x2 
 .text.HAL_TIMEx_MasterConfigSynchronization
                0x000000000800d6a0      0x138 ./Drivers/STM32H7xx_HAL_Driver/Src/stm32h7xx_hal_tim_ex.o
                0x000000000800d6a0                HAL_TIMEx_MasterConfigSynchronization
 .text.HAL_TIMEx_ConfigBreakDeadTime
                0x000000000800d7d8      0x140 ./Drivers/STM32H7xx_HAL_Driver/Src/stm32h7xx_hal_tim_ex.o
                0x000000000800d7d8                HAL_TIMEx_ConfigBreakDeadTime
 .text.HAL_TIMEx_CommutCallback
                0x000000000800d918       0x14 ./Drivers/STM32H7xx_HAL_Driver/Src/stm32h7xx_hal_tim_ex.o
                0x000000000800d918                HAL_TIMEx_CommutCallback
 .text.HAL_TIMEx_BreakCallback
                0x000000000800d92c       0x14 ./Drivers/STM32H7xx_HAL_Driver/Src/stm32h7xx_hal_tim_ex.o
                0x000000000800d92c                HAL_TIMEx_BreakCallback
 .text.HAL_TIMEx_Break2Callback
                0x000000000800d940       0x14 ./Drivers/STM32H7xx_HAL_Driver/Src/stm32h7xx_hal_tim_ex.o
                0x000000000800d940                HAL_TIMEx_Break2Callback
 .text.HAL_UART_Init
                0x000000000800d954       0xa0 ./Drivers/STM32H7xx_HAL_Driver/Src/stm32h7xx_hal_uart.o
                0x000000000800d954                HAL_UART_Init
 .text.HAL_UART_DeInit
                0x000000000800d9f4       0x7e ./Drivers/STM32H7xx_HAL_Driver/Src/stm32h7xx_hal_uart.o
                0x000000000800d9f4                HAL_UART_DeInit
 .text.HAL_UART_Transmit
                0x000000000800da72      0x11c ./Drivers/STM32H7xx_HAL_Driver/Src/stm32h7xx_hal_uart.o
                0x000000000800da72                HAL_UART_Transmit
 *fill*         0x000000000800db8e        0x2 
 .text.HAL_UART_Transmit_DMA
                0x000000000800db90      0x100 ./Drivers/STM32H7xx_HAL_Driver/Src/stm32h7xx_hal_uart.o
                0x000000000800db90                HAL_UART_Transmit_DMA
 .text.HAL_UART_Receive_DMA
                0x000000000800dc90       0x98 ./Drivers/STM32H7xx_HAL_Driver/Src/stm32h7xx_hal_uart.o
                0x000000000800dc90                HAL_UART_Receive_DMA
 .text.HAL_UART_IRQHandler
                0x000000000800dd28      0x774 ./Drivers/STM32H7xx_HAL_Driver/Src/stm32h7xx_hal_uart.o
                0x000000000800dd28                HAL_UART_IRQHandler
 .text.HAL_UART_TxHalfCpltCallback
                0x000000000800e49c       0x14 ./Drivers/STM32H7xx_HAL_Driver/Src/stm32h7xx_hal_uart.o
                0x000000000800e49c                HAL_UART_TxHalfCpltCallback
 .text.HAL_UART_RxCpltCallback
                0x000000000800e4b0       0x14 ./Drivers/STM32H7xx_HAL_Driver/Src/stm32h7xx_hal_uart.o
                0x000000000800e4b0                HAL_UART_RxCpltCallback
 .text.HAL_UART_RxHalfCpltCallback
                0x000000000800e4c4       0x14 ./Drivers/STM32H7xx_HAL_Driver/Src/stm32h7xx_hal_uart.o
                0x000000000800e4c4                HAL_UART_RxHalfCpltCallback
 .text.HAL_UARTEx_RxEventCallback
                0x000000000800e4d8       0x18 ./Drivers/STM32H7xx_HAL_Driver/Src/stm32h7xx_hal_uart.o
                0x000000000800e4d8                HAL_UARTEx_RxEventCallback
 .text.UART_SetConfig
                0x000000000800e4f0      0xcd8 ./Drivers/STM32H7xx_HAL_Driver/Src/stm32h7xx_hal_uart.o
                0x000000000800e4f0                UART_SetConfig
 .text.UART_AdvFeatureConfig
                0x000000000800f1c8      0x144 ./Drivers/STM32H7xx_HAL_Driver/Src/stm32h7xx_hal_uart.o
                0x000000000800f1c8                UART_AdvFeatureConfig
 .text.UART_CheckIdleState
                0x000000000800f30c      0x154 ./Drivers/STM32H7xx_HAL_Driver/Src/stm32h7xx_hal_uart.o
                0x000000000800f30c                UART_CheckIdleState
 .text.UART_WaitOnFlagUntilTimeout
                0x000000000800f460       0xce ./Drivers/STM32H7xx_HAL_Driver/Src/stm32h7xx_hal_uart.o
                0x000000000800f460                UART_WaitOnFlagUntilTimeout
 *fill*         0x000000000800f52e        0x2 
 .text.UART_Start_Receive_DMA
                0x000000000800f530      0x14c ./Drivers/STM32H7xx_HAL_Driver/Src/stm32h7xx_hal_uart.o
                0x000000000800f530                UART_Start_Receive_DMA
 .text.UART_EndTxTransfer
                0x000000000800f67c       0x82 ./Drivers/STM32H7xx_HAL_Driver/Src/stm32h7xx_hal_uart.o
 *fill*         0x000000000800f6fe        0x2 
 .text.UART_EndRxTransfer
                0x000000000800f700       0xcc ./Drivers/STM32H7xx_HAL_Driver/Src/stm32h7xx_hal_uart.o
 .text.UART_DMATransmitCplt
                0x000000000800f7cc       0x96 ./Drivers/STM32H7xx_HAL_Driver/Src/stm32h7xx_hal_uart.o
 .text.UART_DMATxHalfCplt
                0x000000000800f862       0x1c ./Drivers/STM32H7xx_HAL_Driver/Src/stm32h7xx_hal_uart.o
 .text.UART_DMAReceiveCplt
                0x000000000800f87e      0x128 ./Drivers/STM32H7xx_HAL_Driver/Src/stm32h7xx_hal_uart.o
 .text.UART_DMARxHalfCplt
                0x000000000800f9a6       0x3e ./Drivers/STM32H7xx_HAL_Driver/Src/stm32h7xx_hal_uart.o
 .text.UART_DMAError
                0x000000000800f9e4       0x80 ./Drivers/STM32H7xx_HAL_Driver/Src/stm32h7xx_hal_uart.o
 .text.UART_DMAAbortOnError
                0x000000000800fa64       0x2c ./Drivers/STM32H7xx_HAL_Driver/Src/stm32h7xx_hal_uart.o
 .text.UART_EndTransmit_IT
                0x000000000800fa90       0x56 ./Drivers/STM32H7xx_HAL_Driver/Src/stm32h7xx_hal_uart.o
 .text.HAL_UARTEx_WakeupCallback
                0x000000000800fae6       0x14 ./Drivers/STM32H7xx_HAL_Driver/Src/stm32h7xx_hal_uart_ex.o
                0x000000000800fae6                HAL_UARTEx_WakeupCallback
 .text.HAL_UARTEx_RxFifoFullCallback
                0x000000000800fafa       0x14 ./Drivers/STM32H7xx_HAL_Driver/Src/stm32h7xx_hal_uart_ex.o
                0x000000000800fafa                HAL_UARTEx_RxFifoFullCallback
 .text.HAL_UARTEx_TxFifoEmptyCallback
                0x000000000800fb0e       0x14 ./Drivers/STM32H7xx_HAL_Driver/Src/stm32h7xx_hal_uart_ex.o
                0x000000000800fb0e                HAL_UARTEx_TxFifoEmptyCallback
 .text.HAL_UARTEx_DisableFifoMode
                0x000000000800fb22       0x72 ./Drivers/STM32H7xx_HAL_Driver/Src/stm32h7xx_hal_uart_ex.o
                0x000000000800fb22                HAL_UARTEx_DisableFifoMode
 .text.HAL_UARTEx_SetTxFifoThreshold
                0x000000000800fb94       0x7c ./Drivers/STM32H7xx_HAL_Driver/Src/stm32h7xx_hal_uart_ex.o
                0x000000000800fb94                HAL_UARTEx_SetTxFifoThreshold
 .text.HAL_UARTEx_SetRxFifoThreshold
                0x000000000800fc10       0x7c ./Drivers/STM32H7xx_HAL_Driver/Src/stm32h7xx_hal_uart_ex.o
                0x000000000800fc10                HAL_UARTEx_SetRxFifoThreshold
 .text.UARTEx_SetNbDataToProcess
                0x000000000800fc8c       0x9c ./Drivers/STM32H7xx_HAL_Driver/Src/stm32h7xx_hal_uart_ex.o
 .text.realloc  0x000000000800fd28       0x10 C:/ST/STM32CubeIDE_1.10.1/STM32CubeIDE/plugins/com.st.stm32cube.ide.mcu.externaltools.gnu-tools-for-stm32.11.3.rel1.win32_1.1.0.202305231506/tools/bin/../lib/gcc/arm-none-eabi/11.3.1/../../../../arm-none-eabi/lib/thumb/v7e-m+dp/hard\libc_nano.a(libc_a-realloc.o)
                0x000000000800fd28                realloc
 .text._realloc_r
                0x000000000800fd38       0x5e C:/ST/STM32CubeIDE_1.10.1/STM32CubeIDE/plugins/com.st.stm32cube.ide.mcu.externaltools.gnu-tools-for-stm32.11.3.rel1.win32_1.1.0.202305231506/tools/bin/../lib/gcc/arm-none-eabi/11.3.1/../../../../arm-none-eabi/lib/thumb/v7e-m+dp/hard\libc_nano.a(libc_a-reallocr.o)
                0x000000000800fd38                _realloc_r
 .text.memset   0x000000000800fd96       0x10 C:/ST/STM32CubeIDE_1.10.1/STM32CubeIDE/plugins/com.st.stm32cube.ide.mcu.externaltools.gnu-tools-for-stm32.11.3.rel1.win32_1.1.0.202305231506/tools/bin/../lib/gcc/arm-none-eabi/11.3.1/../../../../arm-none-eabi/lib/thumb/v7e-m+dp/hard\libc_nano.a(libc_a-memset.o)
                0x000000000800fd96                memset
 *fill*         0x000000000800fda6        0x2 
 .text.__errno  0x000000000800fda8        0xc C:/ST/STM32CubeIDE_1.10.1/STM32CubeIDE/plugins/com.st.stm32cube.ide.mcu.externaltools.gnu-tools-for-stm32.11.3.rel1.win32_1.1.0.202305231506/tools/bin/../lib/gcc/arm-none-eabi/11.3.1/../../../../arm-none-eabi/lib/thumb/v7e-m+dp/hard\libc_nano.a(libc_a-errno.o)
                0x000000000800fda8                __errno
 .text.__libc_init_array
                0x000000000800fdb4       0x48 C:/ST/STM32CubeIDE_1.10.1/STM32CubeIDE/plugins/com.st.stm32cube.ide.mcu.externaltools.gnu-tools-for-stm32.11.3.rel1.win32_1.1.0.202305231506/tools/bin/../lib/gcc/arm-none-eabi/11.3.1/../../../../arm-none-eabi/lib/thumb/v7e-m+dp/hard\libc_nano.a(libc_a-init.o)
                0x000000000800fdb4                __libc_init_array
 .text.__retarget_lock_acquire_recursive
                0x000000000800fdfc        0x2 C:/ST/STM32CubeIDE_1.10.1/STM32CubeIDE/plugins/com.st.stm32cube.ide.mcu.externaltools.gnu-tools-for-stm32.11.3.rel1.win32_1.1.0.202305231506/tools/bin/../lib/gcc/arm-none-eabi/11.3.1/../../../../arm-none-eabi/lib/thumb/v7e-m+dp/hard\libc_nano.a(libc_a-lock.o)
                0x000000000800fdfc                __retarget_lock_acquire_recursive
 .text.__retarget_lock_release_recursive
                0x000000000800fdfe        0x2 C:/ST/STM32CubeIDE_1.10.1/STM32CubeIDE/plugins/com.st.stm32cube.ide.mcu.externaltools.gnu-tools-for-stm32.11.3.rel1.win32_1.1.0.202305231506/tools/bin/../lib/gcc/arm-none-eabi/11.3.1/../../../../arm-none-eabi/lib/thumb/v7e-m+dp/hard\libc_nano.a(libc_a-lock.o)
                0x000000000800fdfe                __retarget_lock_release_recursive
 .text.memcpy   0x000000000800fe00       0x1c C:/ST/STM32CubeIDE_1.10.1/STM32CubeIDE/plugins/com.st.stm32cube.ide.mcu.externaltools.gnu-tools-for-stm32.11.3.rel1.win32_1.1.0.202305231506/tools/bin/../lib/gcc/arm-none-eabi/11.3.1/../../../../arm-none-eabi/lib/thumb/v7e-m+dp/hard\libc_nano.a(libc_a-memcpy-stub.o)
                0x000000000800fe00                memcpy
 .text._free_r  0x000000000800fe1c       0x98 C:/ST/STM32CubeIDE_1.10.1/STM32CubeIDE/plugins/com.st.stm32cube.ide.mcu.externaltools.gnu-tools-for-stm32.11.3.rel1.win32_1.1.0.202305231506/tools/bin/../lib/gcc/arm-none-eabi/11.3.1/../../../../arm-none-eabi/lib/thumb/v7e-m+dp/hard\libc_nano.a(libc_a-freer.o)
                0x000000000800fe1c                _free_r
 .text.sbrk_aligned
                0x000000000800feb4       0x40 C:/ST/STM32CubeIDE_1.10.1/STM32CubeIDE/plugins/com.st.stm32cube.ide.mcu.externaltools.gnu-tools-for-stm32.11.3.rel1.win32_1.1.0.202305231506/tools/bin/../lib/gcc/arm-none-eabi/11.3.1/../../../../arm-none-eabi/lib/thumb/v7e-m+dp/hard\libc_nano.a(libc_a-mallocr.o)
 .text._malloc_r
                0x000000000800fef4      0x100 C:/ST/STM32CubeIDE_1.10.1/STM32CubeIDE/plugins/com.st.stm32cube.ide.mcu.externaltools.gnu-tools-for-stm32.11.3.rel1.win32_1.1.0.202305231506/tools/bin/../lib/gcc/arm-none-eabi/11.3.1/../../../../arm-none-eabi/lib/thumb/v7e-m+dp/hard\libc_nano.a(libc_a-mallocr.o)
                0x000000000800fef4                _malloc_r
 .text.__malloc_lock
                0x000000000800fff4        0xc C:/ST/STM32CubeIDE_1.10.1/STM32CubeIDE/plugins/com.st.stm32cube.ide.mcu.externaltools.gnu-tools-for-stm32.11.3.rel1.win32_1.1.0.202305231506/tools/bin/../lib/gcc/arm-none-eabi/11.3.1/../../../../arm-none-eabi/lib/thumb/v7e-m+dp/hard\libc_nano.a(libc_a-mlock.o)
                0x000000000800fff4                __malloc_lock
 .text.__malloc_unlock
                0x0000000008010000        0xc C:/ST/STM32CubeIDE_1.10.1/STM32CubeIDE/plugins/com.st.stm32cube.ide.mcu.externaltools.gnu-tools-for-stm32.11.3.rel1.win32_1.1.0.202305231506/tools/bin/../lib/gcc/arm-none-eabi/11.3.1/../../../../arm-none-eabi/lib/thumb/v7e-m+dp/hard\libc_nano.a(libc_a-mlock.o)
                0x0000000008010000                __malloc_unlock
 .text._malloc_usable_size_r
                0x000000000801000c       0x10 C:/ST/STM32CubeIDE_1.10.1/STM32CubeIDE/plugins/com.st.stm32cube.ide.mcu.externaltools.gnu-tools-for-stm32.11.3.rel1.win32_1.1.0.202305231506/tools/bin/../lib/gcc/arm-none-eabi/11.3.1/../../../../arm-none-eabi/lib/thumb/v7e-m+dp/hard\libc_nano.a(libc_a-msizer.o)
                0x000000000801000c                _malloc_usable_size_r
 .text._sbrk_r  0x000000000801001c       0x20 C:/ST/STM32CubeIDE_1.10.1/STM32CubeIDE/plugins/com.st.stm32cube.ide.mcu.externaltools.gnu-tools-for-stm32.11.3.rel1.win32_1.1.0.202305231506/tools/bin/../lib/gcc/arm-none-eabi/11.3.1/../../../../arm-none-eabi/lib/thumb/v7e-m+dp/hard\libc_nano.a(libc_a-sbrkr.o)
                0x000000000801001c                _sbrk_r
 *(.glue_7)
 .glue_7        0x000000000801003c        0x0 linker stubs
 *(.glue_7t)
 .glue_7t       0x000000000801003c        0x0 linker stubs
 *(.eh_frame)
 .eh_frame      0x000000000801003c        0x0 C:/ST/STM32CubeIDE_1.10.1/STM32CubeIDE/plugins/com.st.stm32cube.ide.mcu.externaltools.gnu-tools-for-stm32.11.3.rel1.win32_1.1.0.202305231506/tools/bin/../lib/gcc/arm-none-eabi/11.3.1/thumb/v7e-m+dp/hard/crtbegin.o
 *(.init)
 .init          0x000000000801003c        0x4 C:/ST/STM32CubeIDE_1.10.1/STM32CubeIDE/plugins/com.st.stm32cube.ide.mcu.externaltools.gnu-tools-for-stm32.11.3.rel1.win32_1.1.0.202305231506/tools/bin/../lib/gcc/arm-none-eabi/11.3.1/thumb/v7e-m+dp/hard/crti.o
                0x000000000801003c                _init
 .init          0x0000000008010040        0x8 C:/ST/STM32CubeIDE_1.10.1/STM32CubeIDE/plugins/com.st.stm32cube.ide.mcu.externaltools.gnu-tools-for-stm32.11.3.rel1.win32_1.1.0.202305231506/tools/bin/../lib/gcc/arm-none-eabi/11.3.1/thumb/v7e-m+dp/hard/crtn.o
 *(.fini)
 .fini          0x0000000008010048        0x4 C:/ST/STM32CubeIDE_1.10.1/STM32CubeIDE/plugins/com.st.stm32cube.ide.mcu.externaltools.gnu-tools-for-stm32.11.3.rel1.win32_1.1.0.202305231506/tools/bin/../lib/gcc/arm-none-eabi/11.3.1/thumb/v7e-m+dp/hard/crti.o
                0x0000000008010048                _fini
 .fini          0x000000000801004c        0x8 C:/ST/STM32CubeIDE_1.10.1/STM32CubeIDE/plugins/com.st.stm32cube.ide.mcu.externaltools.gnu-tools-for-stm32.11.3.rel1.win32_1.1.0.202305231506/tools/bin/../lib/gcc/arm-none-eabi/11.3.1/thumb/v7e-m+dp/hard/crtn.o
                0x0000000008010054                . = ALIGN (0x4)
                0x0000000008010054                _etext = .

.vfp11_veneer   0x0000000008010054        0x0
 .vfp11_veneer  0x0000000008010054        0x0 linker stubs

.v4_bx          0x0000000008010054        0x0
 .v4_bx         0x0000000008010054        0x0 linker stubs

.iplt           0x0000000008010054        0x0
 .iplt          0x0000000008010054        0x0 C:/ST/STM32CubeIDE_1.10.1/STM32CubeIDE/plugins/com.st.stm32cube.ide.mcu.externaltools.gnu-tools-for-stm32.11.3.rel1.win32_1.1.0.202305231506/tools/bin/../lib/gcc/arm-none-eabi/11.3.1/thumb/v7e-m+dp/hard/crtbegin.o

.rodata         0x0000000008010054      0x368
                0x0000000008010054                . = ALIGN (0x4)
 *(.rodata)
 .rodata        0x0000000008010054      0x1d9 ./Core/Src/ros_port.o
 *(.rodata*)
 *fill*         0x000000000801022d        0x3 
 .rodata._ZN14rosserial_msgsL12REQUESTPARAME
                0x0000000008010230       0x1c ./Core/Src/ros_port.o
 .rodata._ZTVN3ros10SubscriberIN8std_msgs4Int8EvEE
                0x000000000801024c       0x18 ./Core/Src/ros_port.o
                0x000000000801024c                vtable for ros::Subscriber<std_msgs::Int8, void>
 .rodata._ZTVN3ros10SubscriberIN13geometry_msgs5TwistEvEE
                0x0000000008010264       0x18 ./Core/Src/ros_port.o
                0x0000000008010264                vtable for ros::Subscriber<geometry_msgs::Twist, void>
 .rodata._ZTVN3ros11NodeHandle_I13STM32HardwareLi25ELi25ELi512ELi512EEE
                0x000000000801027c       0x14 ./Core/Src/ros_port.o
                0x000000000801027c                vtable for ros::NodeHandle_<STM32Hardware, 25, 25, 512, 512>
 .rodata._ZTVN8std_msgs4Int8E
                0x0000000008010290       0x18 ./Core/Src/ros_port.o
                0x0000000008010290                vtable for std_msgs::Int8
 .rodata._ZTVN13geometry_msgs5TwistE
                0x00000000080102a8       0x18 ./Core/Src/ros_port.o
                0x00000000080102a8                vtable for geometry_msgs::Twist
 .rodata._ZTVN13geometry_msgs7Vector3E
                0x00000000080102c0       0x18 ./Core/Src/ros_port.o
                0x00000000080102c0                vtable for geometry_msgs::Vector3
 .rodata._ZTVN3ros11Subscriber_E
                0x00000000080102d8       0x18 ./Core/Src/ros_port.o
                0x00000000080102d8                vtable for ros::Subscriber_
 .rodata._ZTVN3ros15NodeHandleBase_E
                0x00000000080102f0       0x14 ./Core/Src/ros_port.o
                0x00000000080102f0                vtable for ros::NodeHandleBase_
 .rodata._ZTVN14rosserial_msgs20RequestParamResponseE
                0x0000000008010304       0x18 ./Core/Src/ros_port.o
                0x0000000008010304                vtable for rosserial_msgs::RequestParamResponse
 .rodata._ZTVN14rosserial_msgs3LogE
                0x000000000801031c       0x18 ./Core/Src/ros_port.o
                0x000000000801031c                vtable for rosserial_msgs::Log
 .rodata._ZTVN14rosserial_msgs9TopicInfoE
                0x0000000008010334       0x18 ./Core/Src/ros_port.o
                0x0000000008010334                vtable for rosserial_msgs::TopicInfo
 .rodata._ZTVN8std_msgs4TimeE
                0x000000000801034c       0x18 ./Core/Src/ros_port.o
                0x000000000801034c                vtable for std_msgs::Time
 .rodata._ZTVN3ros3MsgE
                0x0000000008010364       0x18 ./Core/Src/ros_port.o
                0x0000000008010364                vtable for ros::Msg
 .rodata.D1CorePrescTable
                0x000000000801037c       0x10 ./Core/Src/system_stm32h7xx.o
                0x000000000801037c                D1CorePrescTable
 .rodata.flagBitshiftOffset.0
                0x000000000801038c        0x8 ./Drivers/STM32H7xx_HAL_Driver/Src/stm32h7xx_hal_dma.o
 .rodata.UARTPrescTable
                0x0000000008010394       0x18 ./Drivers/STM32H7xx_HAL_Driver/Src/stm32h7xx_hal_uart.o
                0x0000000008010394                UARTPrescTable
 .rodata.numerator.1
                0x00000000080103ac        0x8 ./Drivers/STM32H7xx_HAL_Driver/Src/stm32h7xx_hal_uart_ex.o
 .rodata.denominator.0
                0x00000000080103b4        0x8 ./Drivers/STM32H7xx_HAL_Driver/Src/stm32h7xx_hal_uart_ex.o
                0x00000000080103bc                . = ALIGN (0x4)

.ARM.extab
 *(.ARM.extab* .gnu.linkonce.armextab.*)

.ARM            0x00000000080103bc        0x8
                0x00000000080103bc                __exidx_start = .
 *(.ARM.exidx*)
 .ARM.exidx     0x00000000080103bc        0x8 C:/ST/STM32CubeIDE_1.10.1/STM32CubeIDE/plugins/com.st.stm32cube.ide.mcu.externaltools.gnu-tools-for-stm32.11.3.rel1.win32_1.1.0.202305231506/tools/bin/../lib/gcc/arm-none-eabi/11.3.1/thumb/v7e-m+dp/hard\libgcc.a(_udivmoddi4.o)
                0x00000000080103c4                __exidx_end = .

.rel.dyn        0x00000000080103c4        0x0
 .rel.iplt      0x00000000080103c4        0x0 C:/ST/STM32CubeIDE_1.10.1/STM32CubeIDE/plugins/com.st.stm32cube.ide.mcu.externaltools.gnu-tools-for-stm32.11.3.rel1.win32_1.1.0.202305231506/tools/bin/../lib/gcc/arm-none-eabi/11.3.1/thumb/v7e-m+dp/hard/crtbegin.o

.preinit_array  0x00000000080103c4        0x0
                0x00000000080103c4                PROVIDE (__preinit_array_start = .)
 *(.preinit_array*)
                0x00000000080103c4                PROVIDE (__preinit_array_end = .)

.init_array     0x00000000080103c4       0x14
                0x00000000080103c4                PROVIDE (__init_array_start = .)
 *(SORT_BY_NAME(.init_array.*))
 *(.init_array*)
 .init_array    0x00000000080103c4        0x4 C:/ST/STM32CubeIDE_1.10.1/STM32CubeIDE/plugins/com.st.stm32cube.ide.mcu.externaltools.gnu-tools-for-stm32.11.3.rel1.win32_1.1.0.202305231506/tools/bin/../lib/gcc/arm-none-eabi/11.3.1/thumb/v7e-m+dp/hard/crtbegin.o
 .init_array    0x00000000080103c8        0x4 ./Core/Src/PID.o
 .init_array    0x00000000080103cc        0x4 ./Core/Src/chassis_DCmotor.o
 .init_array    0x00000000080103d0        0x4 ./Core/Src/pusher.o
 .init_array    0x00000000080103d4        0x4 ./Core/Src/ros_port.o
                0x00000000080103d8                PROVIDE (__init_array_end = .)

.fini_array     0x00000000080103d8        0x4
                [!provide]                        PROVIDE (__fini_array_start = .)
 *(SORT_BY_NAME(.fini_array.*))
 *(.fini_array*)
 .fini_array    0x00000000080103d8        0x4 C:/ST/STM32CubeIDE_1.10.1/STM32CubeIDE/plugins/com.st.stm32cube.ide.mcu.externaltools.gnu-tools-for-stm32.11.3.rel1.win32_1.1.0.202305231506/tools/bin/../lib/gcc/arm-none-eabi/11.3.1/thumb/v7e-m+dp/hard/crtbegin.o
                [!provide]                        PROVIDE (__fini_array_end = .)
                0x00000000080103dc                _sidata = LOADADDR (.data)

.data           0x0000000024000000       0xb0 load address 0x00000000080103dc
                0x0000000024000000                . = ALIGN (0x4)
                0x0000000024000000                _sdata = .
 *(.data)
 *(.data*)
 .data.Kp       0x0000000024000000       0x20 ./Core/Src/PID.o
                0x0000000024000000                Kp
 .data.Ki       0x0000000024000020       0x20 ./Core/Src/PID.o
                0x0000000024000020                Ki
 .data.coeffab  0x0000000024000040        0x8 ./Core/Src/TIM_IT.o
                0x0000000024000040                coeffab
 .data.corr_vy  0x0000000024000048        0x8 ./Core/Src/TIM_IT.o
                0x0000000024000048                corr_vy
 .data.SystemCoreClock
                0x0000000024000050        0x4 ./Core/Src/system_stm32h7xx.o
                0x0000000024000050                SystemCoreClock
 .data.SystemD2Clock
                0x0000000024000054        0x4 ./Core/Src/system_stm32h7xx.o
                0x0000000024000054                SystemD2Clock
 .data.uwTickPrio
                0x0000000024000058        0x4 ./Drivers/STM32H7xx_HAL_Driver/Src/stm32h7xx_hal.o
                0x0000000024000058                uwTickPrio
 .data.uwTickFreq
                0x000000002400005c        0x1 ./Drivers/STM32H7xx_HAL_Driver/Src/stm32h7xx_hal.o
                0x000000002400005c                uwTickFreq
 *fill*         0x000000002400005d        0x3 
 .data._impure_data
                0x0000000024000060       0x4c C:/ST/STM32CubeIDE_1.10.1/STM32CubeIDE/plugins/com.st.stm32cube.ide.mcu.externaltools.gnu-tools-for-stm32.11.3.rel1.win32_1.1.0.202305231506/tools/bin/../lib/gcc/arm-none-eabi/11.3.1/../../../../arm-none-eabi/lib/thumb/v7e-m+dp/hard\libc_nano.a(libc_a-impure.o)
                0x0000000024000060                _impure_data
 .data._impure_ptr
                0x00000000240000ac        0x4 C:/ST/STM32CubeIDE_1.10.1/STM32CubeIDE/plugins/com.st.stm32cube.ide.mcu.externaltools.gnu-tools-for-stm32.11.3.rel1.win32_1.1.0.202305231506/tools/bin/../lib/gcc/arm-none-eabi/11.3.1/../../../../arm-none-eabi/lib/thumb/v7e-m+dp/hard\libc_nano.a(libc_a-impure.o)
                0x00000000240000ac                _impure_ptr
 *(.RamFunc)
 *(.RamFunc*)
                0x00000000240000b0                . = ALIGN (0x4)
                0x00000000240000b0                _edata = .

.igot.plt       0x00000000240000b0        0x0 load address 0x000000000801048c
 .igot.plt      0x00000000240000b0        0x0 C:/ST/STM32CubeIDE_1.10.1/STM32CubeIDE/plugins/com.st.stm32cube.ide.mcu.externaltools.gnu-tools-for-stm32.11.3.rel1.win32_1.1.0.202305231506/tools/bin/../lib/gcc/arm-none-eabi/11.3.1/thumb/v7e-m+dp/hard/crtbegin.o
                0x00000000240000b0                . = ALIGN (0x4)

.bss            0x00000000240000b0     0x2094 load address 0x000000000801048c
                0x00000000240000b0                _sbss = .
                0x00000000240000b0                __bss_start__ = _sbss
 *(.bss)
 .bss           0x00000000240000b0       0x1c C:/ST/STM32CubeIDE_1.10.1/STM32CubeIDE/plugins/com.st.stm32cube.ide.mcu.externaltools.gnu-tools-for-stm32.11.3.rel1.win32_1.1.0.202305231506/tools/bin/../lib/gcc/arm-none-eabi/11.3.1/thumb/v7e-m+dp/hard/crtbegin.o
 *(.bss*)
 *fill*         0x00000000240000cc        0x4 
 .bss.Kd        0x00000000240000d0       0x20 ./Core/Src/PID.o
                0x00000000240000d0                Kd
 .bss.Kpid      0x00000000240000f0      0x1c0 ./Core/Src/PID.o
                0x00000000240000f0                Kpid
 .bss.delay_start
                0x00000000240002b0        0x4 ./Core/Src/TIM_IT.o
                0x00000000240002b0                delay_start
 .bss.delay     0x00000000240002b4        0x4 ./Core/Src/TIM_IT.o
                0x00000000240002b4                delay
 .bss.delay_start_2
                0x00000000240002b8        0x4 ./Core/Src/TIM_IT.o
                0x00000000240002b8                delay_start_2
 .bss.delay_2   0x00000000240002bc        0x4 ./Core/Src/TIM_IT.o
                0x00000000240002bc                delay_2
 .bss.FL        0x00000000240002c0       0x78 ./Core/Src/chassis_DCmotor.o
                0x00000000240002c0                FL
 .bss.BL        0x0000000024000338       0x78 ./Core/Src/chassis_DCmotor.o
                0x0000000024000338                BL
 .bss.BR        0x00000000240003b0       0x78 ./Core/Src/chassis_DCmotor.o
                0x00000000240003b0                BR
 .bss.FR        0x0000000024000428       0x78 ./Core/Src/chassis_DCmotor.o
                0x0000000024000428                FR
 .bss.htim1     0x00000000240004a0       0x4c ./Core/Src/main.o
                0x00000000240004a0                htim1
 .bss.htim2     0x00000000240004ec       0x4c ./Core/Src/main.o
                0x00000000240004ec                htim2
 .bss.htim3     0x0000000024000538       0x4c ./Core/Src/main.o
                0x0000000024000538                htim3
 .bss.htim4     0x0000000024000584       0x4c ./Core/Src/main.o
                0x0000000024000584                htim4
 .bss.htim5     0x00000000240005d0       0x4c ./Core/Src/main.o
                0x00000000240005d0                htim5
 .bss.htim8     0x000000002400061c       0x4c ./Core/Src/main.o
                0x000000002400061c                htim8
 .bss.htim12    0x0000000024000668       0x4c ./Core/Src/main.o
                0x0000000024000668                htim12
 .bss.htim15    0x00000000240006b4       0x4c ./Core/Src/main.o
                0x00000000240006b4                htim15
 .bss.htim23    0x0000000024000700       0x4c ./Core/Src/main.o
                0x0000000024000700                htim23
 .bss.huart1    0x000000002400074c       0x94 ./Core/Src/main.o
                0x000000002400074c                huart1
 .bss.huart3    0x00000000240007e0       0x94 ./Core/Src/main.o
                0x00000000240007e0                huart3
 .bss.hdma_usart1_rx
                0x0000000024000874       0x78 ./Core/Src/main.o
                0x0000000024000874                hdma_usart1_rx
 .bss.hdma_usart1_tx
                0x00000000240008ec       0x78 ./Core/Src/main.o
                0x00000000240008ec                hdma_usart1_tx
 .bss.a         0x0000000024000964        0x4 ./Core/Src/mainpp.o
                0x0000000024000964                a
 .bss.flag      0x0000000024000968        0x4 ./Core/Src/mainpp.o
                0x0000000024000968                flag
 *fill*         0x000000002400096c        0x4 
 .bss.Vx        0x0000000024000970        0x8 ./Core/Src/mainpp.o
                0x0000000024000970                Vx
 .bss.Vy        0x0000000024000978        0x8 ./Core/Src/mainpp.o
                0x0000000024000978                Vy
 .bss.W         0x0000000024000980        0x8 ./Core/Src/mainpp.o
                0x0000000024000980                W
 .bss.pusher_A  0x0000000024000988       0x20 ./Core/Src/pusher.o
                0x0000000024000988                pusher_A
 .bss.pusher_B  0x00000000240009a8       0x20 ./Core/Src/pusher.o
                0x00000000240009a8                pusher_B
 .bss._ZZN13STM32Hardware5flushEvE5mutex
                0x00000000240009c8        0x1 ./Core/Src/ros_port.o
                0x00000000240009c8                STM32Hardware::flush()::mutex
 *fill*         0x00000000240009c9        0x7 
 .bss.speed     0x00000000240009d0       0x48 ./Core/Src/ros_port.o
                0x00000000240009d0                speed
 .bss.nh        0x0000000024000a18     0x153c ./Core/Src/ros_port.o
                0x0000000024000a18                nh
 *fill*         0x0000000024001f54        0x4 
 .bss.sub_vel   0x0000000024001f58       0x60 ./Core/Src/ros_port.o
                0x0000000024001f58                sub_vel
 .bss.pub_vel   0x0000000024001fb8       0x14 ./Core/Src/ros_port.o
                0x0000000024001fb8                pub_vel
 .bss.sub_ori   0x0000000024001fcc       0x1c ./Core/Src/ros_port.o
                0x0000000024001fcc                sub_ori
 .bss.script_a  0x0000000024001fe8        0x4 ./Core/Src/script.o
                0x0000000024001fe8                script_a
 .bss.script_b  0x0000000024001fec        0x4 ./Core/Src/script.o
                0x0000000024001fec                script_b
 .bss.Checksum_Calc
                0x0000000024001ff0        0x4 ./Core/Src/servo.o
                0x0000000024001ff0                Checksum_Calc
 .bss.__sbrk_heap_end
                0x0000000024001ff4        0x4 ./Core/Src/sysmem.o
 .bss.uwTick    0x0000000024001ff8        0x4 ./Drivers/STM32H7xx_HAL_Driver/Src/stm32h7xx_hal.o
                0x0000000024001ff8                uwTick
 .bss.__sf      0x0000000024001ffc      0x138 C:/ST/STM32CubeIDE_1.10.1/STM32CubeIDE/plugins/com.st.stm32cube.ide.mcu.externaltools.gnu-tools-for-stm32.11.3.rel1.win32_1.1.0.202305231506/tools/bin/../lib/gcc/arm-none-eabi/11.3.1/../../../../arm-none-eabi/lib/thumb/v7e-m+dp/hard\libc_nano.a(libc_a-findfp.o)
                0x0000000024001ffc                __sf
 .bss.errno     0x0000000024002134        0x4 C:/ST/STM32CubeIDE_1.10.1/STM32CubeIDE/plugins/com.st.stm32cube.ide.mcu.externaltools.gnu-tools-for-stm32.11.3.rel1.win32_1.1.0.202305231506/tools/bin/../lib/gcc/arm-none-eabi/11.3.1/../../../../arm-none-eabi/lib/thumb/v7e-m+dp/hard\libc_nano.a(libc_a-reent.o)
                0x0000000024002134                errno
 .bss.__lock___malloc_recursive_mutex
                0x0000000024002138        0x1 C:/ST/STM32CubeIDE_1.10.1/STM32CubeIDE/plugins/com.st.stm32cube.ide.mcu.externaltools.gnu-tools-for-stm32.11.3.rel1.win32_1.1.0.202305231506/tools/bin/../lib/gcc/arm-none-eabi/11.3.1/../../../../arm-none-eabi/lib/thumb/v7e-m+dp/hard\libc_nano.a(libc_a-lock.o)
                0x0000000024002138                __lock___malloc_recursive_mutex
 *fill*         0x0000000024002139        0x3 
 .bss.__malloc_free_list
                0x000000002400213c        0x4 C:/ST/STM32CubeIDE_1.10.1/STM32CubeIDE/plugins/com.st.stm32cube.ide.mcu.externaltools.gnu-tools-for-stm32.11.3.rel1.win32_1.1.0.202305231506/tools/bin/../lib/gcc/arm-none-eabi/11.3.1/../../../../arm-none-eabi/lib/thumb/v7e-m+dp/hard\libc_nano.a(libc_a-mallocr.o)
                0x000000002400213c                __malloc_free_list
 .bss.__malloc_sbrk_start
                0x0000000024002140        0x4 C:/ST/STM32CubeIDE_1.10.1/STM32CubeIDE/plugins/com.st.stm32cube.ide.mcu.externaltools.gnu-tools-for-stm32.11.3.rel1.win32_1.1.0.202305231506/tools/bin/../lib/gcc/arm-none-eabi/11.3.1/../../../../arm-none-eabi/lib/thumb/v7e-m+dp/hard\libc_nano.a(libc_a-mallocr.o)
                0x0000000024002140                __malloc_sbrk_start
 *(COMMON)
                0x0000000024002144                . = ALIGN (0x4)
                0x0000000024002144                _ebss = .
                0x0000000024002144                __bss_end__ = _ebss

._user_heap_stack
                0x0000000024002144      0x604 load address 0x000000000801048c
                0x0000000024002148                . = ALIGN (0x8)
 *fill*         0x0000000024002144        0x4 
                [!provide]                        PROVIDE (end = .)
                0x0000000024002148                PROVIDE (_end = .)
                0x0000000024002348                . = (. + _Min_Heap_Size)
 *fill*         0x0000000024002148      0x200 
                0x0000000024002748                . = (. + _Min_Stack_Size)
 *fill*         0x0000000024002348      0x400 
                0x0000000024002748                . = ALIGN (0x8)

/DISCARD/
 libc.a(*)
 libm.a(*)
 libgcc.a(*)

.ARM.attributes
                0x0000000000000000       0x2e
 *(.ARM.attributes)
 .ARM.attributes
                0x0000000000000000       0x1e C:/ST/STM32CubeIDE_1.10.1/STM32CubeIDE/plugins/com.st.stm32cube.ide.mcu.externaltools.gnu-tools-for-stm32.11.3.rel1.win32_1.1.0.202305231506/tools/bin/../lib/gcc/arm-none-eabi/11.3.1/thumb/v7e-m+dp/hard/crti.o
 .ARM.attributes
                0x000000000000001e       0x32 C:/ST/STM32CubeIDE_1.10.1/STM32CubeIDE/plugins/com.st.stm32cube.ide.mcu.externaltools.gnu-tools-for-stm32.11.3.rel1.win32_1.1.0.202305231506/tools/bin/../lib/gcc/arm-none-eabi/11.3.1/thumb/v7e-m+dp/hard/crtbegin.o
 .ARM.attributes
                0x0000000000000050       0x32 ./Core/Inc/time.o
 .ARM.attributes
                0x0000000000000082       0x32 ./Core/Src/PID.o
 .ARM.attributes
                0x00000000000000b4       0x32 ./Core/Src/TIM_IT.o
 .ARM.attributes
                0x00000000000000e6       0x32 ./Core/Src/chassis_DCmotor.o
 .ARM.attributes
                0x0000000000000118       0x32 ./Core/Src/main.o
 .ARM.attributes
                0x000000000000014a       0x32 ./Core/Src/mainpp.o
 .ARM.attributes
                0x000000000000017c       0x32 ./Core/Src/pusher.o
 .ARM.attributes
                0x00000000000001ae       0x32 ./Core/Src/ros_port.o
 .ARM.attributes