Archive member included to satisfy reference by file (symbol)

C:/ST/STM32CubeIDE_1.10.1/STM32CubeIDE/plugins/com.st.stm32cube.ide.mcu.externaltools.gnu-tools-for-stm32.11.3.rel1.win32_1.1.0.202305231506/tools/bin/../lib/gcc/arm-none-eabi/11.3.1/../../../../arm-none-eabi/lib/thumb/v7e-m+dp/hard\libc_nano.a(libc_a-exit.o)
                              C:/ST/STM32CubeIDE_1.10.1/STM32CubeIDE/plugins/com.st.stm32cube.ide.mcu.externaltools.gnu-tools-for-stm32.11.3.rel1.win32_1.1.0.202305231506/tools/bin/../lib/gcc/arm-none-eabi/11.3.1/../../../../arm-none-eabi/lib/thumb/v7e-m+dp/hard/crt0.o (exit)
C:/ST/STM32CubeIDE_1.10.1/STM32CubeIDE/plugins/com.st.stm32cube.ide.mcu.externaltools.gnu-tools-for-stm32.11.3.rel1.win32_1.1.0.202305231506/tools/bin/../lib/gcc/arm-none-eabi/11.3.1/../../../../arm-none-eabi/lib/thumb/v7e-m+dp/hard\libc_nano.a(libc_a-realloc.o)
                              ./Core/Src/ros_port.o (realloc)
C:/ST/STM32CubeIDE_1.10.1/STM32CubeIDE/plugins/com.st.stm32cube.ide.mcu.externaltools.gnu-tools-for-stm32.11.3.rel1.win32_1.1.0.202305231506/tools/bin/../lib/gcc/arm-none-eabi/11.3.1/../../../../arm-none-eabi/lib/thumb/v7e-m+dp/hard\libc_nano.a(libc_a-reallocr.o)
                              C:/ST/STM32CubeIDE_1.10.1/STM32CubeIDE/plugins/com.st.stm32cube.ide.mcu.externaltools.gnu-tools-for-stm32.11.3.rel1.win32_1.1.0.202305231506/tools/bin/../lib/gcc/arm-none-eabi/11.3.1/../../../../arm-none-eabi/lib/thumb/v7e-m+dp/hard\libc_nano.a(libc_a-realloc.o) (_realloc_r)
C:/ST/STM32CubeIDE_1.10.1/STM32CubeIDE/plugins/com.st.stm32cube.ide.mcu.externaltools.gnu-tools-for-stm32.11.3.rel1.win32_1.1.0.202305231506/tools/bin/../lib/gcc/arm-none-eabi/11.3.1/../../../../arm-none-eabi/lib/thumb/v7e-m+dp/hard\libc_nano.a(libc_a-findfp.o)
                              C:/ST/STM32CubeIDE_1.10.1/STM32CubeIDE/plugins/com.st.stm32cube.ide.mcu.externaltools.gnu-tools-for-stm32.11.3.rel1.win32_1.1.0.202305231506/tools/bin/../lib/gcc/arm-none-eabi/11.3.1/../../../../arm-none-eabi/lib/thumb/v7e-m+dp/hard\libc_nano.a(libc_a-exit.o) (__stdio_exit_handler)
C:/ST/STM32CubeIDE_1.10.1/STM32CubeIDE/plugins/com.st.stm32cube.ide.mcu.externaltools.gnu-tools-for-stm32.11.3.rel1.win32_1.1.0.202305231506/tools/bin/../lib/gcc/arm-none-eabi/11.3.1/../../../../arm-none-eabi/lib/thumb/v7e-m+dp/hard\libc_nano.a(libc_a-fwalk.o)
                              C:/ST/STM32CubeIDE_1.10.1/STM32CubeIDE/plugins/com.st.stm32cube.ide.mcu.externaltools.gnu-tools-for-stm32.11.3.rel1.win32_1.1.0.202305231506/tools/bin/../lib/gcc/arm-none-eabi/11.3.1/../../../../arm-none-eabi/lib/thumb/v7e-m+dp/hard\libc_nano.a(libc_a-findfp.o) (_fwalk_sglue)
C:/ST/STM32CubeIDE_1.10.1/STM32CubeIDE/plugins/com.st.stm32cube.ide.mcu.externaltools.gnu-tools-for-stm32.11.3.rel1.win32_1.1.0.202305231506/tools/bin/../lib/gcc/arm-none-eabi/11.3.1/../../../../arm-none-eabi/lib/thumb/v7e-m+dp/hard\libc_nano.a(libc_a-stdio.o)
                              C:/ST/STM32CubeIDE_1.10.1/STM32CubeIDE/plugins/com.st.stm32cube.ide.mcu.externaltools.gnu-tools-for-stm32.11.3.rel1.win32_1.1.0.202305231506/tools/bin/../lib/gcc/arm-none-eabi/11.3.1/../../../../arm-none-eabi/lib/thumb/v7e-m+dp/hard\libc_nano.a(libc_a-findfp.o) (__sread)
C:/ST/STM32CubeIDE_1.10.1/STM32CubeIDE/plugins/com.st.stm32cube.ide.mcu.externaltools.gnu-tools-for-stm32.11.3.rel1.win32_1.1.0.202305231506/tools/bin/../lib/gcc/arm-none-eabi/11.3.1/../../../../arm-none-eabi/lib/thumb/v7e-m+dp/hard\libc_nano.a(libc_a-memset.o)
                              C:/ST/STM32CubeIDE_1.10.1/STM32CubeIDE/plugins/com.st.stm32cube.ide.mcu.externaltools.gnu-tools-for-stm32.11.3.rel1.win32_1.1.0.202305231506/tools/bin/../lib/gcc/arm-none-eabi/11.3.1/../../../../arm-none-eabi/lib/thumb/v7e-m+dp/hard/crt0.o (memset)
C:/ST/STM32CubeIDE_1.10.1/STM32CubeIDE/plugins/com.st.stm32cube.ide.mcu.externaltools.gnu-tools-for-stm32.11.3.rel1.win32_1.1.0.202305231506/tools/bin/../lib/gcc/arm-none-eabi/11.3.1/../../../../arm-none-eabi/lib/thumb/v7e-m+dp/hard\libc_nano.a(libc_a-closer.o)
                              C:/ST/STM32CubeIDE_1.10.1/STM32CubeIDE/plugins/com.st.stm32cube.ide.mcu.externaltools.gnu-tools-for-stm32.11.3.rel1.win32_1.1.0.202305231506/tools/bin/../lib/gcc/arm-none-eabi/11.3.1/../../../../arm-none-eabi/lib/thumb/v7e-m+dp/hard\libc_nano.a(libc_a-stdio.o) (_close_r)
C:/ST/STM32CubeIDE_1.10.1/STM32CubeIDE/plugins/com.st.stm32cube.ide.mcu.externaltools.gnu-tools-for-stm32.11.3.rel1.win32_1.1.0.202305231506/tools/bin/../lib/gcc/arm-none-eabi/11.3.1/../../../../arm-none-eabi/lib/thumb/v7e-m+dp/hard\libc_nano.a(libc_a-reent.o)
                              C:/ST/STM32CubeIDE_1.10.1/STM32CubeIDE/plugins/com.st.stm32cube.ide.mcu.externaltools.gnu-tools-for-stm32.11.3.rel1.win32_1.1.0.202305231506/tools/bin/../lib/gcc/arm-none-eabi/11.3.1/../../../../arm-none-eabi/lib/thumb/v7e-m+dp/hard\libc_nano.a(libc_a-closer.o) (errno)
[...]
Memory Configuration

Name             Origin             Length             Attributes
ITCMRAM          0x0000000000000000 0x0000000000010000 xrw
DTCMRAM          0x0000000020000000 0x0000000000020000 xrw
FLASH            0x0000000008000000 0x0000000000100000 xr
RAM_D1           0x0000000024000000 0x0000000000050000 xrw
RAM_D2           0x0000000030000000 0x0000000000008000 xrw
RAM_D3           0x0000000038000000 0x0000000000004000 xrw
*default*        0x0000000000000000 0xffffffffffffffff

Linker script and memory map

LOAD C:/ST/STM32CubeIDE_1.10.1/STM32CubeIDE/plugins/com.st.stm32cube.ide.mcu.externaltools.gnu-tools-for-stm32.11.3.rel1.win32_1.1.0.202305231506/tools/bin/../lib/gcc/arm-none-eabi/11.3.1/thumb/v7e-m+dp/hard/crti.o
LOAD C:/ST/STM32CubeIDE_1.10.1/STM32CubeIDE/plugins/com.st.stm32cube.ide.mcu.externaltools.gnu-tools-for-stm32.11.3.rel1.win32_1.1.0.202305231506/tools/bin/../lib/gcc/arm-none-eabi/11.3.1/thumb/v7e-m+dp/hard/crtbegin.o
LOAD C:/ST/STM32CubeIDE_1.10.1/STM32CubeIDE/plugins/com.st.stm32cube.ide.mcu.externaltools.gnu-tools-for-stm32.11.3.rel1.win32_1.1.0.202305231506/tools/bin/../lib/gcc/arm-none-eabi/11.3.1/../../../../arm-none-eabi/lib/thumb/v7e-m+dp/hard/crt0.o
LOAD ./Core/Inc/duration.o
LOAD ./Core/Inc/time.o
LOAD ./Core/Src/PID.o
LOAD ./Core/Src/TIM_IT.o
LOAD ./Core/Src/chassis_DCmotor.o
LOAD ./Core/Src/chassis_kinetic_model.o
LOAD ./Core/Src/main.o
LOAD ./Core/Src/mainpp.o
LOAD ./Core/Src/pusher.o
LOAD ./Core/Src/ros_port.o
LOAD ./Core/Src/script.o
LOAD ./Core/Src/servo.o
LOAD ./Core/Src/stm32h7xx_hal_msp.o
LOAD ./Core/Src/stm32h7xx_it.o
LOAD ./Core/Src/syscalls.o
LOAD ./Core/Src/sysmem.o
LOAD ./Core/Src/system_stm32h7xx.o
LOAD ./Core/Startup/startup_stm32h723zgtx.o
LOAD ./Drivers/STM32H7xx_HAL_Driver/Src/stm32h7xx_hal.o
LOAD ./Drivers/STM32H7xx_HAL_Driver/Src/stm32h7xx_hal_cortex.o
LOAD ./Drivers/STM32H7xx_HAL_Driver/Src/stm32h7xx_hal_dma.o
LOAD ./Drivers/STM32H7xx_HAL_Driver/Src/stm32h7xx_hal_dma_ex.o
LOAD ./Drivers/STM32H7xx_HAL_Driver/Src/stm32h7xx_hal_exti.o
LOAD ./Drivers/STM32H7xx_HAL_Driver/Src/stm32h7xx_hal_flash.o
LOAD ./Drivers/STM32H7xx_HAL_Driver/Src/stm32h7xx_hal_flash_ex.o
LOAD ./Drivers/STM32H7xx_HAL_Driver/Src/stm32h7xx_hal_gpio.o
LOAD ./Drivers/STM32H7xx_HAL_Driver/Src/stm32h7xx_hal_hsem.o
LOAD ./Drivers/STM32H7xx_HAL_Driver/Src/stm32h7xx_hal_i2c.o
LOAD ./Drivers/STM32H7xx_HAL_Driver/Src/stm32h7xx_hal_i2c_ex.o
LOAD ./Drivers/STM32H7xx_HAL_Driver/Src/stm32h7xx_hal_mdma.o
LOAD ./Drivers/STM32H7xx_HAL_Driver/Src/stm32h7xx_hal_pwr.o
LOAD ./Drivers/STM32H7xx_HAL_Driver/Src/stm32h7xx_hal_pwr_ex.o
LOAD ./Drivers/STM32H7xx_HAL_Driver/Src/stm32h7xx_hal_rcc.o
LOAD ./Drivers/STM32H7xx_HAL_Driver/Src/stm32h7xx_hal_rcc_ex.o
LOAD ./Drivers/STM32H7xx_HAL_Driver/Src/stm32h7xx_hal_tim.o
LOAD ./Drivers/STM32H7xx_HAL_Driver/Src/stm32h7xx_hal_tim_ex.o
LOAD ./Drivers/STM32H7xx_HAL_Driver/Src/stm32h7xx_hal_uart.o
LOAD ./Drivers/STM32H7xx_HAL_Driver/Src/stm32h7xx_hal_uart_ex.o
START GROUP
LOAD C:/ST/STM32CubeIDE_1.10.1/STM32CubeIDE/plugins/com.st.stm32cube.ide.mcu.externaltools.gnu-tools-for-stm32.11.3.rel1.win32_1.1.0.202305231506/tools/bin/../lib/gcc/arm-none-eabi/11.3.1/../../../../arm-none-eabi/lib/thumb/v7e-m+dp/hard\libstdc++_nano.a
LOAD C:/ST/STM32CubeIDE_1.10.1/STM32CubeIDE/plugins/com.st.stm32cube.ide.mcu.externaltools.gnu-tools-for-stm32.11.3.rel1.win32_1.1.0.202305231506/tools/bin/../lib/gcc/arm-none-eabi/11.3.1/../../../../arm-none-eabi/lib/thumb/v7e-m+dp/hard\libsupc++_nano.a
END GROUP
LOAD C:/ST/STM32CubeIDE_1.10.1/STM32CubeIDE/plugins/com.st.stm32cube.ide.mcu.externaltools.gnu-tools-for-stm32.11.3.rel1.win32_1.1.0.202305231506/tools/bin/../lib/gcc/arm-none-eabi/11.3.1/../../../../arm-none-eabi/lib/thumb/v7e-m+dp/hard\libstdc++_nano.a
LOAD C:/ST/STM32CubeIDE_1.10.1/STM32CubeIDE/plugins/com.st.stm32cube.ide.mcu.externaltools.gnu-tools-for-stm32.11.3.rel1.win32_1.1.0.202305231506/tools/bin/../lib/gcc/arm-none-eabi/11.3.1/../../../../arm-none-eabi/lib/thumb/v7e-m+dp/hard\libm.a
LOAD C:/ST/STM32CubeIDE_1.10.1/STM32CubeIDE/plugins/com.st.stm32cube.ide.mcu.externaltools.gnu-tools-for-stm32.11.3.rel1.win32_1.1.0.202305231506/tools/bin/../lib/gcc/arm-none-eabi/11.3.1/../../../../arm-none-eabi/lib/thumb/v7e-m+dp/hard\libc_nano.a
START GROUP
LOAD C:/ST/STM32CubeIDE_1.10.1/STM32CubeIDE/plugins/com.st.stm32cube.ide.mcu.externaltools.gnu-tools-for-stm32.11.3.rel1.win32_1.1.0.202305231506/tools/bin/../lib/gcc/arm-none-eabi/11.3.1/thumb/v7e-m+dp/hard\libgcc.a
LOAD C:/ST/STM32CubeIDE_1.10.1/STM32CubeIDE/plugins/com.st.stm32cube.ide.mcu.externaltools.gnu-tools-for-stm32.11.3.rel1.win32_1.1.0.202305231506/tools/bin/../lib/gcc/arm-none-eabi/11.3.1/../../../../arm-none-eabi/lib/thumb/v7e-m+dp/hard\libc_nano.a
END GROUP
START GROUP
LOAD C:/ST/STM32CubeIDE_1.10.1/STM32CubeIDE/plugins/com.st.stm32cube.ide.mcu.externaltools.gnu-tools-for-stm32.11.3.rel1.win32_1.1.0.202305231506/tools/bin/../lib/gcc/arm-none-eabi/11.3.1/thumb/v7e-m+dp/hard\libgcc.a
LOAD C:/ST/STM32CubeIDE_1.10.1/STM32CubeIDE/plugins/com.st.stm32cube.ide.mcu.externaltools.gnu-tools-for-stm32.11.3.rel1.win32_1.1.0.202305231506/tools/bin/../lib/gcc/arm-none-eabi/11.3.1/../../../../arm-none-eabi/lib/thumb/v7e-m+dp/hard\libc_nano.a
LOAD C:/ST/STM32CubeIDE_1.10.1/STM32CubeIDE/plugins/com.st.stm32cube.ide.mcu.externaltools.gnu-tools-for-stm32.11.3.rel1.win32_1.1.0.202305231506/tools/bin/../lib/gcc/arm-none-eabi/11.3.1/../../../../arm-none-eabi/lib/thumb/v7e-m+dp/hard\libnosys.a
END GROUP
START GROUP
LOAD C:/ST/STM32CubeIDE_1.10.1/STM32CubeIDE/plugins/com.st.stm32cube.ide.mcu.externaltools.gnu-tools-for-stm32.11.3.rel1.win32_1.1.0.202305231506/tools/bin/../lib/gcc/arm-none-eabi/11.3.1/thumb/v7e-m+dp/hard\libgcc.a
LOAD C:/ST/STM32CubeIDE_1.10.1/STM32CubeIDE/plugins/com.st.stm32cube.ide.mcu.externaltools.gnu-tools-for-stm32.11.3.rel1.win32_1.1.0.202305231506/tools/bin/../lib/gcc/arm-none-eabi/11.3.1/../../../../arm-none-eabi/lib/thumb/v7e-m+dp/hard\libc_nano.a
LOAD C:/ST/STM32CubeIDE_1.10.1/STM32CubeIDE/plugins/com.st.stm32cube.ide.mcu.externaltools.gnu-tools-for-stm32.11.3.rel1.win32_1.1.0.202305231506/tools/bin/../lib/gcc/arm-none-eabi/11.3.1/../../../../arm-none-eabi/lib/thumb/v7e-m+dp/hard\libnosys.a
END GROUP
LOAD C:/ST/STM32CubeIDE_1.10.1/STM32CubeIDE/plugins/com.st.stm32cube.ide.mcu.externaltools.gnu-tools-for-stm32.11.3.rel1.win32_1.1.0.202305231506/tools/bin/../lib/gcc/arm-none-eabi/11.3.1/thumb/v7e-m+dp/hard/crtend.o
LOAD C:/ST/STM32CubeIDE_1.10.1/STM32CubeIDE/plugins/com.st.stm32cube.ide.mcu.externaltools.gnu-tools-for-stm32.11.3.rel1.win32_1.1.0.202305231506/tools/bin/../lib/gcc/arm-none-eabi/11.3.1/thumb/v7e-m+dp/hard/crtn.o
                0x0000000024050000                _estack = (ORIGIN (RAM_D1) + LENGTH (RAM_D1))
                0x0000000000000200                _Min_Heap_Size = 0x200
                0x0000000000000400                _Min_Stack_Size = 0x400

.isr_vector     0x0000000008000000      0x2cc
                0x0000000008000000                . = ALIGN (0x4)
 *(.isr_vector)
 .isr_vector    0x0000000008000000      0x2cc ./Core/Startup/startup_stm32h723zgtx.o
                0x0000000008000000                g_pfnVectors
                0x00000000080002cc                . = ALIGN (0x4)

.text           0x00000000080002d0    0x101d4
                0x00000000080002d0                . = ALIGN (0x4)
 *(.text)
 .text          0x00000000080002d0       0x40 C:/ST/STM32CubeIDE_1.10.1/STM32CubeIDE/plugins/com.st.stm32cube.ide.mcu.externaltools.gnu-tools-for-stm32.11.3.rel1.win32_1.1.0.202305231506/tools/bin/../lib/gcc/arm-none-eabi/11.3.1/thumb/v7e-m+dp/hard/crtbegin.o
 .text          0x0000000008000310       0x10 C:/ST/STM32CubeIDE_1.10.1/STM32CubeIDE/plugins/com.st.stm32cube.ide.mcu.externaltools.gnu-tools-for-stm32.11.3.rel1.win32_1.1.0.202305231506/tools/bin/../lib/gcc/arm-none-eabi/11.3.1/../../../../arm-none-eabi/lib/thumb/v7e-m+dp/hard\libc_nano.a(libc_a-strlen.o)
                0x0000000008000310                strlen
 .text          0x0000000008000320       0x30 C:/ST/STM32CubeIDE_1.10.1/STM32CubeIDE/plugins/com.st.stm32cube.ide.mcu.externaltools.gnu-tools-for-stm32.11.3.rel1.win32_1.1.0.202305231506/tools/bin/../lib/gcc/arm-none-eabi/11.3.1/thumb/v7e-m+dp/hard\libgcc.a(_aeabi_uldivmod.o)
                0x0000000008000320                __aeabi_uldivmod
 .text          0x0000000008000350      0x2c8 C:/ST/STM32CubeIDE_1.10.1/STM32CubeIDE/plugins/com.st.stm32cube.ide.mcu.externaltools.gnu-tools-for-stm32.11.3.rel1.win32_1.1.0.202305231506/tools/bin/../lib/gcc/arm-none-eabi/11.3.1/thumb/v7e-m+dp/hard\libgcc.a(_udivmoddi4.o)
                0x0000000008000350                __udivmoddi4
 .text          0x0000000008000618        0x4 C:/ST/STM32CubeIDE_1.10.1/STM32CubeIDE/plugins/com.st.stm32cube.ide.mcu.externaltools.gnu-tools-for-stm32.11.3.rel1.win32_1.1.0.202305231506/tools/bin/../lib/gcc/arm-none-eabi/11.3.1/thumb/v7e-m+dp/hard\libgcc.a(_dvmd_tls.o)
                0x0000000008000618                __aeabi_idiv0
                0x0000000008000618                __aeabi_ldiv0
 *(.text*)
 .text._ZN3ros16normalizeSecNSecERmS0_
                0x000000000800061c       0x58 ./Core/Inc/time.o
                0x000000000800061c                ros::normalizeSecNSec(unsigned long&, unsigned long&)
 *fill*         0x0000000008000674        0x4 
 .text.pidCtrl  0x0000000008000678      0x334 ./Core/Src/PID.o
                0x0000000008000678                pidCtrl
 .text._Z41__static_initialization_and_destruction_0ii
                0x00000000080009ac       0xc8 ./Core/Src/PID.o
 .text._GLOBAL__sub_I_Kp
                0x0000000008000a74       0x10 ./Core/Src/PID.o
 *fill*         0x0000000008000a84        0x4 
 .text.HAL_TIM_PeriodElapsedCallback
                0x0000000008000a88      0x790 ./Core/Src/TIM_IT.o
                0x0000000008000a88                HAL_TIM_PeriodElapsedCallback
 .text._Z13DC_motor_initv
                0x0000000008001218       0x80 ./Core/Src/chassis_DCmotor.o
                0x0000000008001218                DC_motor_init()
 .text._ZN8DC_motorC2Edddddd
                0x0000000008001298       0xa8 ./Core/Src/chassis_DCmotor.o
                0x0000000008001298                DC_motor::DC_motor(double, double, double, double, double, double)
                0x0000000008001298                DC_motor::DC_motor(double, double, double, double, double, double)
 .text._Z41__static_initialization_and_destruction_0ii
                0x0000000008001340      0x110 ./Core/Src/chassis_DCmotor.o
 .text._GLOBAL__sub_I_FL
                0x0000000008001450       0x10 ./Core/Src/chassis_DCmotor.o
 .text.main     0x0000000008001460       0x46 ./Core/Src/main.o
                0x0000000008001460                main
 *fill*         0x00000000080014a6        0x2 
 .text.SystemClock_Config
                0x00000000080014a8       0xe0 ./Core/Src/main.o
                0x00000000080014a8                SystemClock_Config
 .text.MX_TIM1_Init
                0x0000000008001588       0xa8 ./Core/Src/main.o
 .text.MX_TIM2_Init
                0x0000000008001630       0xa8 ./Core/Src/main.o
 .text.MX_TIM3_Init
                0x00000000080016d8       0xac ./Core/Src/main.o
 .text.MX_TIM4_Init
                0x0000000008001784       0xac ./Core/Src/main.o
 .text.MX_TIM5_Init
                0x0000000008001830       0xac ./Core/Src/main.o
 .text.MX_TIM8_Init
                0x00000000080018dc       0xa8 ./Core/Src/main.o
 .text.MX_TIM12_Init
                0x0000000008001984       0xcc ./Core/Src/main.o
 .text.MX_TIM15_Init
                0x0000000008001a50      0x124 ./Core/Src/main.o
 .text.MX_TIM23_Init
                0x0000000008001b74       0x9c ./Core/Src/main.o
 .text.MX_USART1_UART_Init
                0x0000000008001c10       0x98 ./Core/Src/main.o
 .text.MX_USART3_UART_Init
                0x0000000008001ca8       0x9c ./Core/Src/main.o
 .text.MX_DMA_Init
                0x0000000008001d44       0x50 ./Core/Src/main.o
 .text.MX_GPIO_Init
                0x0000000008001d94      0x224 ./Core/Src/main.o
 .text.Error_Handler
                0x0000000008001fb8        0xa ./Core/Src/main.o
                0x0000000008001fb8                Error_Handler
 .text._ZN6PUSHERC2Ev
                0x0000000008001fc2       0x46 ./Core/Src/mainpp.o
                0x0000000008001fc2                PUSHER::PUSHER()
                0x0000000008001fc2                PUSHER::PUSHER()
 .text.main_function
                0x0000000008002008       0xb4 ./Core/Src/mainpp.o
                0x0000000008002008                main_function
 .text.stm_setup
                0x00000000080020bc       0x2c ./Core/Src/mainpp.o
                0x00000000080020bc                stm_setup
 .text._Z13script_pusherdd
                0x00000000080020e8       0x38 ./Core/Src/pusher.o
                0x00000000080020e8                script_pusher(double, double)
 .text._ZN6PUSHER8distenceEv
                0x0000000008002120       0x58 ./Core/Src/pusher.o
                0x0000000008002120                PUSHER::distence()
 .text._Z12pusher_resetv
                0x0000000008002178       0x28 ./Core/Src/pusher.o
                0x0000000008002178                pusher_reset()
 .text._Z41__static_initialization_and_destruction_0ii
                0x00000000080021a0       0x38 ./Core/Src/pusher.o
 .text._GLOBAL__sub_I_pusher_A
                0x00000000080021d8       0x10 ./Core/Src/pusher.o
 .text._ZN3ros4TimeC2Ev
                0x00000000080021e8       0x22 ./Core/Src/ros_port.o
                0x00000000080021e8                ros::Time::Time()
                0x00000000080021e8                ros::Time::Time()
 *fill*         0x000000000800220a        0x2 
 .text._ZN3ros3MsgC2Ev
                0x000000000800220c       0x20 ./Core/Src/ros_port.o
                0x000000000800220c                ros::Msg::Msg()
                0x000000000800220c                ros::Msg::Msg()
 .text._ZN8std_msgs4TimeC2Ev
                0x000000000800222c       0x30 ./Core/Src/ros_port.o
                0x000000000800222c                std_msgs::Time::Time()
                0x000000000800222c                std_msgs::Time::Time()
 .text._ZNK8std_msgs4Time9serializeEPh
                0x000000000800225c       0xb0 ./Core/Src/ros_port.o
                0x000000000800225c                std_msgs::Time::serialize(unsigned char*) const
 .text._ZN8std_msgs4Time11deserializeEPh
                0x000000000800230c       0xc8 ./Core/Src/ros_port.o
                0x000000000800230c                std_msgs::Time::deserialize(unsigned char*)
 .text._ZN8std_msgs4Time7getTypeEv
                0x00000000080023d4       0x1c ./Core/Src/ros_port.o
                0x00000000080023d4                std_msgs::Time::getType()
 .text._ZN8std_msgs4Time6getMD5Ev
                0x00000000080023f0       0x1c ./Core/Src/ros_port.o
                0x00000000080023f0                std_msgs::Time::getMD5()
 .text._ZN14rosserial_msgs9TopicInfoC2Ev
                0x000000000800240c       0x48 ./Core/Src/ros_port.o
                0x000000000800240c                rosserial_msgs::TopicInfo::TopicInfo()
                0x000000000800240c                rosserial_msgs::TopicInfo::TopicInfo()
 .text._ZNK14rosserial_msgs9TopicInfo9serializeEPh
                0x0000000008002454      0x136 ./Core/Src/ros_port.o
                0x0000000008002454                rosserial_msgs::TopicInfo::serialize(unsigned char*) const
 .text._ZN14rosserial_msgs9TopicInfo11deserializeEPh
                0x000000000800258a      0x1d0 ./Core/Src/ros_port.o
                0x000000000800258a                rosserial_msgs::TopicInfo::deserialize(unsigned char*)
 *fill*         0x000000000800275a        0x2 
 .text._ZN14rosserial_msgs9TopicInfo7getTypeEv
                0x000000000800275c       0x1c ./Core/Src/ros_port.o
                0x000000000800275c                rosserial_msgs::TopicInfo::getType()
 .text._ZN14rosserial_msgs9TopicInfo6getMD5Ev
                0x0000000008002778       0x1c ./Core/Src/ros_port.o
                0x0000000008002778                rosserial_msgs::TopicInfo::getMD5()
 .text._ZN14rosserial_msgs3LogC2Ev
                0x0000000008002794       0x34 ./Core/Src/ros_port.o
                0x0000000008002794                rosserial_msgs::Log::Log()
                0x0000000008002794                rosserial_msgs::Log::Log()
 .text._ZNK14rosserial_msgs3Log9serializeEPh
                0x00000000080027c8       0x64 ./Core/Src/ros_port.o
                0x00000000080027c8                rosserial_msgs::Log::serialize(unsigned char*) const
 .text._ZN14rosserial_msgs3Log11deserializeEPh
                0x000000000800282c       0x90 ./Core/Src/ros_port.o
                0x000000000800282c                rosserial_msgs::Log::deserialize(unsigned char*)
 .text._ZN14rosserial_msgs3Log7getTypeEv
                0x00000000080028bc       0x1c ./Core/Src/ros_port.o
                0x00000000080028bc                rosserial_msgs::Log::getType()
 .text._ZN14rosserial_msgs3Log6getMD5Ev
                0x00000000080028d8       0x1c ./Core/Src/ros_port.o
                0x00000000080028d8                rosserial_msgs::Log::getMD5()
 .text._ZN14rosserial_msgs20RequestParamResponseC2Ev
                0x00000000080028f4       0x48 ./Core/Src/ros_port.o
                0x00000000080028f4                rosserial_msgs::RequestParamResponse::RequestParamResponse()
                0x00000000080028f4                rosserial_msgs::RequestParamResponse::RequestParamResponse()
 .text._ZNK14rosserial_msgs20RequestParamResponse9serializeEPh
                0x000000000800293c      0x222 ./Core/Src/ros_port.o
                0x000000000800293c                rosserial_msgs::RequestParamResponse::serialize(unsigned char*) const
 .text._ZN14rosserial_msgs20RequestParamResponse11deserializeEPh
                0x0000000008002b5e      0x2e2 ./Core/Src/ros_port.o
                0x0000000008002b5e                rosserial_msgs::RequestParamResponse::deserialize(unsigned char*)
 .text._ZN14rosserial_msgs20RequestParamResponse7getTypeEv
                0x0000000008002e40       0x1c ./Core/Src/ros_port.o
                0x0000000008002e40                rosserial_msgs::RequestParamResponse::getType()
 .text._ZN14rosserial_msgs20RequestParamResponse6getMD5Ev
                0x0000000008002e5c       0x1c ./Core/Src/ros_port.o
                0x0000000008002e5c                rosserial_msgs::RequestParamResponse::getMD5()
 .text._ZN3ros9PublisherC2EPKcPNS_3MsgEi
                0x0000000008002e78       0x2e ./Core/Src/ros_port.o
                0x0000000008002e78                ros::Publisher::Publisher(char const*, ros::Msg*, int)
                0x0000000008002e78                ros::Publisher::Publisher(char const*, ros::Msg*, int)
 .text._ZN3ros9Publisher7publishEPKNS_3MsgE
                0x0000000008002ea6       0x28 ./Core/Src/ros_port.o
                0x0000000008002ea6                ros::Publisher::publish(ros::Msg const*)
 .text._ZN3ros9Publisher15getEndpointTypeEv
                0x0000000008002ece       0x18 ./Core/Src/ros_port.o
                0x0000000008002ece                ros::Publisher::getEndpointType()
 *fill*         0x0000000008002ee6        0x2 
 .text._ZN13STM32Hardware10getRdmaIndEv
                0x0000000008002ee8      0x180 ./Core/Src/ros_port.o
                0x0000000008002ee8                STM32Hardware::getRdmaInd()
 .text._ZN13STM32HardwareC2Ev
                0x0000000008003068       0x40 ./Core/Src/ros_port.o
                0x0000000008003068                STM32Hardware::STM32Hardware()
                0x0000000008003068                STM32Hardware::STM32Hardware()
 .text._ZN13STM32Hardware4initEv
                0x00000000080030a8       0x16 ./Core/Src/ros_port.o
                0x00000000080030a8                STM32Hardware::init()
 .text._ZN13STM32Hardware10reset_rbufEv
                0x00000000080030be       0x22 ./Core/Src/ros_port.o
                0x00000000080030be                STM32Hardware::reset_rbuf()
 .text._ZN13STM32Hardware4readEv
                0x00000000080030e0       0x5a ./Core/Src/ros_port.o
                0x00000000080030e0                STM32Hardware::read()
 *fill*         0x000000000800313a        0x2 
 .text._ZN13STM32Hardware5flushEv
                0x000000000800313c       0xcc ./Core/Src/ros_port.o
                0x000000000800313c                STM32Hardware::flush()
 .text._ZN13STM32Hardware5writeEPhi
                0x0000000008003208       0x94 ./Core/Src/ros_port.o
                0x0000000008003208                STM32Hardware::write(unsigned char*, int)
 .text._ZN13STM32Hardware4timeEv
                0x000000000800329c       0x16 ./Core/Src/ros_port.o
                0x000000000800329c                STM32Hardware::time()
 *fill*         0x00000000080032b2        0x2 
 .text._ZN13geometry_msgs7Vector3C2Ev
                0x00000000080032b4       0x50 ./Core/Src/ros_port.o
                0x00000000080032b4                geometry_msgs::Vector3::Vector3()
                0x00000000080032b4                geometry_msgs::Vector3::Vector3()
 .text._ZNK13geometry_msgs7Vector39serializeEPh
                0x0000000008003304      0x2e6 ./Core/Src/ros_port.o
                0x0000000008003304                geometry_msgs::Vector3::serialize(unsigned char*) const
 .text._ZN13geometry_msgs7Vector311deserializeEPh
                0x00000000080035ea      0x6be ./Core/Src/ros_port.o
                0x00000000080035ea                geometry_msgs::Vector3::deserialize(unsigned char*)
 .text._ZN13geometry_msgs7Vector37getTypeEv
                0x0000000008003ca8       0x1c ./Core/Src/ros_port.o
                0x0000000008003ca8                geometry_msgs::Vector3::getType()
 .text._ZN13geometry_msgs7Vector36getMD5Ev
                0x0000000008003cc4       0x1c ./Core/Src/ros_port.o
                0x0000000008003cc4                geometry_msgs::Vector3::getMD5()
 .text._ZN13geometry_msgs5TwistC2Ev
                0x0000000008003ce0       0x38 ./Core/Src/ros_port.o
                0x0000000008003ce0                geometry_msgs::Twist::Twist()
                0x0000000008003ce0                geometry_msgs::Twist::Twist()
 .text._ZNK13geometry_msgs5Twist9serializeEPh
                0x0000000008003d18       0x4c ./Core/Src/ros_port.o
                0x0000000008003d18                geometry_msgs::Twist::serialize(unsigned char*) const
 .text._ZN13geometry_msgs5Twist11deserializeEPh
                0x0000000008003d64       0x4c ./Core/Src/ros_port.o
                0x0000000008003d64                geometry_msgs::Twist::deserialize(unsigned char*)
 .text._ZN13geometry_msgs5Twist7getTypeEv
                0x0000000008003db0       0x1c ./Core/Src/ros_port.o
                0x0000000008003db0                geometry_msgs::Twist::getType()
 .text._ZN13geometry_msgs5Twist6getMD5Ev
                0x0000000008003dcc       0x1c ./Core/Src/ros_port.o
                0x0000000008003dcc                geometry_msgs::Twist::getMD5()
 .text._ZN8std_msgs4Int8C2Ev
                0x0000000008003de8       0x2c ./Core/Src/ros_port.o
                0x0000000008003de8                std_msgs::Int8::Int8()
                0x0000000008003de8                std_msgs::Int8::Int8()
 .text._ZNK8std_msgs4Int89serializeEPh
                0x0000000008003e14       0x34 ./Core/Src/ros_port.o
                0x0000000008003e14                std_msgs::Int8::serialize(unsigned char*) const
 .text._ZN8std_msgs4Int811deserializeEPh
                0x0000000008003e48       0x3e ./Core/Src/ros_port.o
                0x0000000008003e48                std_msgs::Int8::deserialize(unsigned char*)
 *fill*         0x0000000008003e86        0x2 
 .text._ZN8std_msgs4Int87getTypeEv
                0x0000000008003e88       0x1c ./Core/Src/ros_port.o
                0x0000000008003e88                std_msgs::Int8::getType()
 .text._ZN8std_msgs4Int86getMD5Ev
                0x0000000008003ea4       0x1c ./Core/Src/ros_port.o
                0x0000000008003ea4                std_msgs::Int8::getMD5()
 .text._Z12vel_callbackRKN13geometry_msgs5TwistE
                0x0000000008003ec0       0x44 ./Core/Src/ros_port.o
                0x0000000008003ec0                vel_callback(geometry_msgs::Twist const&)
 .text._Z12ori_callbackRKN8std_msgs4Int8E
                0x0000000008003f04       0x24 ./Core/Src/ros_port.o
                0x0000000008003f04                ori_callback(std_msgs::Int8 const&)
 .text._Z3pubv  0x0000000008003f28       0x90 ./Core/Src/ros_port.o
                0x0000000008003f28                pub()
 .text._Z9ros_setupv
                0x0000000008003fb8       0x38 ./Core/Src/ros_port.o
                0x0000000008003fb8                ros_setup()
 .text._Z8ros_loopv
                0x0000000008003ff0       0x14 ./Core/Src/ros_port.o
                0x0000000008003ff0                ros_loop()
 .text._Z13Error_Handlerv
                0x0000000008004004        0xa ./Core/Src/ros_port.o
                0x0000000008004004                Error_Handler()
 *fill*         0x000000000800400e        0x2 
 .text._ZL19MX_USART1_UART_Initv
                0x0000000008004010       0xc0 ./Core/Src/ros_port.o
 .text.HAL_UART_ErrorCallback
                0x00000000080040d0       0x38 ./Core/Src/ros_port.o
                0x00000000080040d0                HAL_UART_ErrorCallback
 .text.HAL_UART_TxCpltCallback
                0x0000000008004108       0x24 ./Core/Src/ros_port.o
                0x0000000008004108                HAL_UART_TxCpltCallback
 .text._ZN3ros3Msg8varToArrIPhmEEvT_T0_
                0x000000000800412c       0x3e ./Core/Src/ros_port.o
                0x000000000800412c                void ros::Msg::varToArr<unsigned char*, unsigned long>(unsigned char*, unsigned long)
 .text._ZN3ros3Msg8arrToVarImPhEEvRT_T0_
                0x000000000800416a       0x4c ./Core/Src/ros_port.o
                0x000000000800416a                void ros::Msg::arrToVar<unsigned long, unsigned char*>(unsigned long&, unsigned char*)
 *fill*         0x00000000080041b6        0x2 
 .text._ZN3ros15NodeHandleBase_C2Ev
                0x00000000080041b8       0x20 ./Core/Src/ros_port.o
                0x00000000080041b8                ros::NodeHandleBase_::NodeHandleBase_()
                0x00000000080041b8                ros::NodeHandleBase_::NodeHandleBase_()
 .text._ZN3ros11NodeHandle_I13STM32HardwareLi25ELi25ELi512ELi512EEC2Ev
                0x00000000080041d8      0x134 ./Core/Src/ros_port.o
                0x00000000080041d8                ros::NodeHandle_<STM32Hardware, 25, 25, 512, 512>::NodeHandle_()
                0x00000000080041d8                ros::NodeHandle_<STM32Hardware, 25, 25, 512, 512>::NodeHandle_()
 .text._ZN3ros11Subscriber_C2Ev
                0x000000000800430c       0x20 ./Core/Src/ros_port.o
                0x000000000800430c                ros::Subscriber_::Subscriber_()
                0x000000000800430c                ros::Subscriber_::Subscriber_()
 .text._ZN3ros10SubscriberIN13geometry_msgs5TwistEvEC2EPKcPFvRKS2_Ei
                0x000000000800432c       0x48 ./Core/Src/ros_port.o
                0x000000000800432c                ros::Subscriber<geometry_msgs::Twist, void>::Subscriber(char const*, void (*)(geometry_msgs::Twist const&), int)
                0x000000000800432c                ros::Subscriber<geometry_msgs::Twist, void>::Subscriber(char const*, void (*)(geometry_msgs::Twist const&), int)
 .text._ZN3ros10SubscriberIN8std_msgs4Int8EvEC2EPKcPFvRKS2_Ei
                0x0000000008004374       0x48 ./Core/Src/ros_port.o
                0x0000000008004374                ros::Subscriber<std_msgs::Int8, void>::Subscriber(char const*, void (*)(std_msgs::Int8 const&), int)
                0x0000000008004374                ros::Subscriber<std_msgs::Int8, void>::Subscriber(char const*, void (*)(std_msgs::Int8 const&), int)
 .text._ZN3ros11NodeHandle_I13STM32HardwareLi25ELi25ELi512ELi512EE8initNodeEv
                0x00000000080043bc       0x52 ./Core/Src/ros_port.o
                0x00000000080043bc                ros::NodeHandle_<STM32Hardware, 25, 25, 512, 512>::initNode()
 .text._ZN3ros11NodeHandle_I13STM32HardwareLi25ELi25ELi512ELi512EE9subscribeINS_10SubscriberIN13geometry_msgs5TwistEvEEEEbRT_
                0x000000000800440e       0x56 ./Core/Src/ros_port.o
                0x000000000800440e                bool ros::NodeHandle_<STM32Hardware, 25, 25, 512, 512>::subscribe<ros::Subscriber<geometry_msgs::Twist, void> >(ros::Subscriber<geometry_msgs::Twist, void>&)
 .text._ZN3ros11NodeHandle_I13STM32HardwareLi25ELi25ELi512ELi512EE9advertiseERNS_9PublisherE
                0x0000000008004464       0x60 ./Core/Src/ros_port.o
                0x0000000008004464                ros::NodeHandle_<STM32Hardware, 25, 25, 512, 512>::advertise(ros::Publisher&)
 .text._ZN3ros11NodeHandle_I13STM32HardwareLi25ELi25ELi512ELi512EE9subscribeINS_10SubscriberIN8std_msgs4Int8EvEEEEbRT_
                0x00000000080044c4       0x56 ./Core/Src/ros_port.o
                0x00000000080044c4                bool ros::NodeHandle_<STM32Hardware, 25, 25, 512, 512>::subscribe<ros::Subscriber<std_msgs::Int8, void> >(ros::Subscriber<std_msgs::Int8, void>&)
 .text._ZN3ros11NodeHandle_I13STM32HardwareLi25ELi25ELi512ELi512EE8spinOnceEv
                0x000000000800451a      0x4f0 ./Core/Src/ros_port.o
                0x000000000800451a                ros::NodeHandle_<STM32Hardware, 25, 25, 512, 512>::spinOnce()
 .text._ZN3ros11NodeHandle_I13STM32HardwareLi25ELi25ELi512ELi512EE11getHardwareEv
                0x0000000008004a0a       0x18 ./Core/Src/ros_port.o
                0x0000000008004a0a                ros::NodeHandle_<STM32Hardware, 25, 25, 512, 512>::getHardware()
 .text._ZN3ros11NodeHandle_I13STM32HardwareLi25ELi25ELi512ELi512EE15requestSyncTimeEv
                0x0000000008004a22       0x3e ./Core/Src/ros_port.o
                0x0000000008004a22                ros::NodeHandle_<STM32Hardware, 25, 25, 512, 512>::requestSyncTime()
 .text._ZN3ros11NodeHandle_I13STM32HardwareLi25ELi25ELi512ELi512EE15negotiateTopicsEv
                0x0000000008004a60      0x1c2 ./Core/Src/ros_port.o
                0x0000000008004a60                ros::NodeHandle_<STM32Hardware, 25, 25, 512, 512>::negotiateTopics()
 *fill*         0x0000000008004c22        0x2 
 .text._ZN3ros11NodeHandle_I13STM32HardwareLi25ELi25ELi512ELi512EE8syncTimeEPh
                0x0000000008004c24       0x9c ./Core/Src/ros_port.o
                0x0000000008004c24                ros::NodeHandle_<STM32Hardware, 25, 25, 512, 512>::syncTime(unsigned char*)
 .text._ZN3ros11NodeHandle_I13STM32HardwareLi25ELi25ELi512ELi512EE7publishEiPKNS_3MsgE
                0x0000000008004cc0      0x158 ./Core/Src/ros_port.o
                0x0000000008004cc0                ros::NodeHandle_<STM32Hardware, 25, 25, 512, 512>::publish(int, ros::Msg const*)
 .text._ZN3ros11NodeHandle_I13STM32HardwareLi25ELi25ELi512ELi512EE6setNowERNS_4TimeE
                0x0000000008004e18       0x88 ./Core/Src/ros_port.o
                0x0000000008004e18                ros::NodeHandle_<STM32Hardware, 25, 25, 512, 512>::setNow(ros::Time&)
 .text._ZN3ros11NodeHandle_I13STM32HardwareLi25ELi25ELi512ELi512EE8logerrorEPKc
                0x0000000008004ea0       0x1c ./Core/Src/ros_port.o
                0x0000000008004ea0                ros::NodeHandle_<STM32Hardware, 25, 25, 512, 512>::logerror(char const*)
 .text._ZN3ros11NodeHandle_I13STM32HardwareLi25ELi25ELi512ELi512EE3logEcPKc
                0x0000000008004ebc       0x38 ./Core/Src/ros_port.o
                0x0000000008004ebc                ros::NodeHandle_<STM32Hardware, 25, 25, 512, 512>::log(char, char const*)
 .text._Z41__static_initialization_and_destruction_0ii
                0x0000000008004ef4       0x7c ./Core/Src/ros_port.o
 .text._ZN3ros10SubscriberIN8std_msgs4Int8EvE8callbackEPh
                0x0000000008004f70       0x2a ./Core/Src/ros_port.o
                0x0000000008004f70                ros::Subscriber<std_msgs::Int8, void>::callback(unsigned char*)
 .text._ZN3ros10SubscriberIN8std_msgs4Int8EvE15getEndpointTypeEv
                0x0000000008004f9a       0x18 ./Core/Src/ros_port.o
                0x0000000008004f9a                ros::Subscriber<std_msgs::Int8, void>::getEndpointType()
 .text._ZN3ros10SubscriberIN8std_msgs4Int8EvE10getMsgTypeEv
                0x0000000008004fb2       0x1c ./Core/Src/ros_port.o
                0x0000000008004fb2                ros::Subscriber<std_msgs::Int8, void>::getMsgType()
 .text._ZN3ros10SubscriberIN8std_msgs4Int8EvE9getMsgMD5Ev
                0x0000000008004fce       0x1c ./Core/Src/ros_port.o
                0x0000000008004fce                ros::Subscriber<std_msgs::Int8, void>::getMsgMD5()
 .text._ZN3ros10SubscriberIN13geometry_msgs5TwistEvE8callbackEPh
                0x0000000008004fea       0x2a ./Core/Src/ros_port.o
                0x0000000008004fea                ros::Subscriber<geometry_msgs::Twist, void>::callback(unsigned char*)
 .text._ZN3ros10SubscriberIN13geometry_msgs5TwistEvE15getEndpointTypeEv
                0x0000000008005014       0x18 ./Core/Src/ros_port.o
                0x0000000008005014                ros::Subscriber<geometry_msgs::Twist, void>::getEndpointType()
 .text._ZN3ros10SubscriberIN13geometry_msgs5TwistEvE10getMsgTypeEv
                0x000000000800502c       0x1c ./Core/Src/ros_port.o
                0x000000000800502c                ros::Subscriber<geometry_msgs::Twist, void>::getMsgType()
 .text._ZN3ros10SubscriberIN13geometry_msgs5TwistEvE9getMsgMD5Ev
                0x0000000008005048       0x1c ./Core/Src/ros_port.o
                0x0000000008005048                ros::Subscriber<geometry_msgs::Twist, void>::getMsgMD5()
 .text._ZN3ros11NodeHandle_I13STM32HardwareLi25ELi25ELi512ELi512EE9connectedEv
                0x0000000008005064       0x1e ./Core/Src/ros_port.o
                0x0000000008005064                ros::NodeHandle_<STM32Hardware, 25, 25, 512, 512>::connected()
 .text._GLOBAL__sub_I_speed
                0x0000000008005082       0x10 ./Core/Src/ros_port.o
 *fill*         0x0000000008005092        0x6 
 .text._Z6scriptv
                0x0000000008005098      0x3e8 ./Core/Src/script.o
                0x0000000008005098                script()
 .text._Z12script_wheelddd
                0x0000000008005480       0x48 ./Core/Src/script.o
                0x0000000008005480                script_wheel(double, double, double)
 .text._Z9UART_Sendh
                0x00000000080054c8       0x38 ./Core/Src/servo.o
                0x00000000080054c8                UART_Send(unsigned char)
 .text._Z26UART_Send_SetMotorPositionttt
                0x0000000008005500       0x88 ./Core/Src/servo.o
                0x0000000008005500                UART_Send_SetMotorPosition(unsigned short, unsigned short, unsigned short)
 .text.HAL_MspInit
                0x0000000008005588       0x34 ./Core/Src/stm32h7xx_hal_msp.o
                0x0000000008005588                HAL_MspInit
 .text.HAL_TIM_Base_MspInit
                0x00000000080055bc      0x12c ./Core/Src/stm32h7xx_hal_msp.o
                0x00000000080055bc                HAL_TIM_Base_MspInit
 .text.HAL_TIM_Encoder_MspInit
                0x00000000080056e8      0x21c ./Core/Src/stm32h7xx_hal_msp.o
                0x00000000080056e8                HAL_TIM_Encoder_MspInit
 .text.HAL_TIM_PWM_MspInit
                0x0000000008005904       0x80 ./Core/Src/stm32h7xx_hal_msp.o
                0x0000000008005904                HAL_TIM_PWM_MspInit
 .text.HAL_TIM_MspPostInit
                0x0000000008005984       0xc8 ./Core/Src/stm32h7xx_hal_msp.o
                0x0000000008005984                HAL_TIM_MspPostInit
 .text.HAL_UART_MspInit
                0x0000000008005a4c      0x2b0 ./Core/Src/stm32h7xx_hal_msp.o
                0x0000000008005a4c                HAL_UART_MspInit
 .text.HAL_UART_MspDeInit
                0x0000000008005cfc       0xa0 ./Core/Src/stm32h7xx_hal_msp.o
                0x0000000008005cfc                HAL_UART_MspDeInit
 .text.NMI_Handler
                0x0000000008005d9c        0x6 ./Core/Src/stm32h7xx_it.o
                0x0000000008005d9c                NMI_Handler
 .text.HardFault_Handler
                0x0000000008005da2        0x6 ./Core/Src/stm32h7xx_it.o
                0x0000000008005da2                HardFault_Handler
 .text.MemManage_Handler
                0x0000000008005da8        0x6 ./Core/Src/stm32h7xx_it.o
                0x0000000008005da8                MemManage_Handler
 .text.BusFault_Handler
                0x0000000008005dae        0x6 ./Core/Src/stm32h7xx_it.o
                0x0000000008005dae                BusFault_Handler
 .text.UsageFault_Handler
                0x0000000008005db4        0x6 ./Core/Src/stm32h7xx_it.o
                0x0000000008005db4                UsageFault_Handler
 .text.SVC_Handler
                0x0000000008005dba        0xe ./Core/Src/stm32h7xx_it.o
                0x0000000008005dba                SVC_Handler
 .text.DebugMon_Handler
                0x0000000008005dc8        0xe ./Core/Src/stm32h7xx_it.o
                0x0000000008005dc8                DebugMon_Handler
 .text.PendSV_Handler
                0x0000000008005dd6        0xe ./Core/Src/stm32h7xx_it.o
                0x0000000008005dd6                PendSV_Handler
 .text.SysTick_Handler
                0x0000000008005de4        0xc ./Core/Src/stm32h7xx_it.o
                0x0000000008005de4                SysTick_Handler
 .text.DMA1_Stream0_IRQHandler
                0x0000000008005df0       0x14 ./Core/Src/stm32h7xx_it.o
                0x0000000008005df0                DMA1_Stream0_IRQHandler
 .text.DMA1_Stream1_IRQHandler
                0x0000000008005e04       0x14 ./Core/Src/stm32h7xx_it.o
                0x0000000008005e04                DMA1_Stream1_IRQHandler
 .text.TIM1_BRK_IRQHandler
                0x0000000008005e18       0x14 ./Core/Src/stm32h7xx_it.o
                0x0000000008005e18                TIM1_BRK_IRQHandler
 .text.TIM1_UP_IRQHandler
                0x0000000008005e2c       0x14 ./Core/Src/stm32h7xx_it.o
                0x0000000008005e2c                TIM1_UP_IRQHandler
 .text.TIM1_TRG_COM_IRQHandler
                0x0000000008005e40       0x14 ./Core/Src/stm32h7xx_it.o
                0x0000000008005e40                TIM1_TRG_COM_IRQHandler
 .text.TIM1_CC_IRQHandler
                0x0000000008005e54       0x14 ./Core/Src/stm32h7xx_it.o
                0x0000000008005e54                TIM1_CC_IRQHandler
 .text.USART1_IRQHandler
                0x0000000008005e68       0x14 ./Core/Src/stm32h7xx_it.o
                0x0000000008005e68                USART1_IRQHandler
 .text.USART3_IRQHandler
                0x0000000008005e7c       0x14 ./Core/Src/stm32h7xx_it.o
                0x0000000008005e7c                USART3_IRQHandler
 .text.TIM8_BRK_TIM12_IRQHandler
                0x0000000008005e90       0x1c ./Core/Src/stm32h7xx_it.o
                0x0000000008005e90                TIM8_BRK_TIM12_IRQHandler
 .text.TIM8_UP_TIM13_IRQHandler
                0x0000000008005eac       0x14 ./Core/Src/stm32h7xx_it.o
                0x0000000008005eac                TIM8_UP_TIM13_IRQHandler
 .text.TIM8_TRG_COM_TIM14_IRQHandler
                0x0000000008005ec0       0x14 ./Core/Src/stm32h7xx_it.o
                0x0000000008005ec0                TIM8_TRG_COM_TIM14_IRQHandler
 .text.TIM8_CC_IRQHandler
                0x0000000008005ed4       0x14 ./Core/Src/stm32h7xx_it.o
                0x0000000008005ed4                TIM8_CC_IRQHandler
 .text.TIM23_IRQHandler
                0x0000000008005ee8       0x14 ./Core/Src/stm32h7xx_it.o
                0x0000000008005ee8                TIM23_IRQHandler
 .text._sbrk    0x0000000008005efc       0x6c ./Core/Src/sysmem.o
                0x0000000008005efc                _sbrk
 .text.SystemInit
                0x0000000008005f68       0xf0 ./Core/Src/system_stm32h7xx.o
                0x0000000008005f68                SystemInit
 .text.Reset_Handler
                0x0000000008006058       0x50 ./Core/Startup/startup_stm32h723zgtx.o
                0x0000000008006058                Reset_Handler
 .text.Default_Handler
                0x00000000080060a8        0x2 ./Core/Startup/startup_stm32h723zgtx.o
                0x00000000080060a8                RTC_Alarm_IRQHandler
                0x00000000080060a8                EXTI2_IRQHandler
                0x00000000080060a8                UART8_IRQHandler
                0x00000000080060a8                SPI4_IRQHandler
                0x00000000080060a8                FDCAN3_IT0_IRQHandler
                0x00000000080060a8                BDMA_Channel6_IRQHandler
                0x00000000080060a8                DMA2_Stream5_IRQHandler
                0x00000000080060a8                DMA1_Stream5_IRQHandler
                0x00000000080060a8                CORDIC_IRQHandler
                0x00000000080060a8                BDMA_Channel1_IRQHandler
                0x00000000080060a8                TAMP_STAMP_IRQHandler
                0x00000000080060a8                EXTI3_IRQHandler
                0x00000000080060a8                LPTIM4_IRQHandler
                0x00000000080060a8                LPTIM2_IRQHandler
                0x00000000080060a8                DFSDM1_FLT1_IRQHandler
                0x00000000080060a8                DMAMUX2_OVR_IRQHandler
                0x00000000080060a8                I2C3_ER_IRQHandler
                0x00000000080060a8                DFSDM1_FLT2_IRQHandler
                0x00000000080060a8                I2C5_EV_IRQHandler
                0x00000000080060a8                USART10_IRQHandler
                0x00000000080060a8                MDMA_IRQHandler
                0x00000000080060a8                LPTIM3_IRQHandler
                0x00000000080060a8                HSEM1_IRQHandler
                0x00000000080060a8                EXTI0_IRQHandler
                0x00000000080060a8                I2C2_EV_IRQHandler
                0x00000000080060a8                DMA1_Stream2_IRQHandler
                0x00000000080060a8                FPU_IRQHandler
                0x00000000080060a8                OTG_HS_WKUP_IRQHandler
                0x00000000080060a8                FDCAN1_IT1_IRQHandler
                0x00000000080060a8                LTDC_ER_IRQHandler
                0x00000000080060a8                DMA2_Stream2_IRQHandler
                0x00000000080060a8                SPI1_IRQHandler
                0x00000000080060a8                OCTOSPI1_IRQHandler
                0x00000000080060a8                TIM6_DAC_IRQHandler
                0x00000000080060a8                DMA2_Stream3_IRQHandler
                0x00000000080060a8                OCTOSPI2_IRQHandler
                0x00000000080060a8                DFSDM1_FLT3_IRQHandler
                0x00000000080060a8                USART6_IRQHandler
                0x00000000080060a8                TIM17_IRQHandler
                0x00000000080060a8                BDMA_Channel7_IRQHandler
                0x00000000080060a8                LPTIM5_IRQHandler
                0x00000000080060a8                UART5_IRQHandler
                0x00000000080060a8                ADC3_IRQHandler
                0x00000000080060a8                DMA2_Stream0_IRQHandler
                0x00000000080060a8                TIM4_IRQHandler
                0x00000000080060a8                BDMA_Channel2_IRQHandler
                0x00000000080060a8                I2C1_EV_IRQHandler
                0x00000000080060a8                DMA1_Stream6_IRQHandler
                0x00000000080060a8                DMAMUX1_OVR_IRQHandler
                0x00000000080060a8                TIM16_IRQHandler
                0x00000000080060a8                UART4_IRQHandler
                0x00000000080060a8                BDMA_Channel5_IRQHandler
                0x00000000080060a8                TIM3_IRQHandler
                0x00000000080060a8                RCC_IRQHandler
                0x00000000080060a8                UART9_IRQHandler
                0x00000000080060a8                Default_Handler
                0x00000000080060a8                ECC_IRQHandler
                0x00000000080060a8                FMAC_IRQHandler
                0x00000000080060a8                CEC_IRQHandler
                0x00000000080060a8                EXTI15_10_IRQHandler
                0x00000000080060a8                BDMA_Channel0_IRQHandler
                0x00000000080060a8                ADC_IRQHandler
                0x00000000080060a8                I2C5_ER_IRQHandler
                0x00000000080060a8                DMA1_Stream7_IRQHandler
                0x00000000080060a8                SPI5_IRQHandler
                0x00000000080060a8                TIM7_IRQHandler
                0x00000000080060a8                FDCAN3_IT1_IRQHandler
                0x00000000080060a8                SDMMC1_IRQHandler
                0x00000000080060a8                TIM5_IRQHandler
                0x00000000080060a8                DMA2_Stream7_IRQHandler
                0x00000000080060a8                TIM15_IRQHandler
                0x00000000080060a8                PVD_AVD_IRQHandler
                0x00000000080060a8                I2C3_EV_IRQHandler
                0x00000000080060a8                EXTI9_5_IRQHandler
                0x00000000080060a8                RTC_WKUP_IRQHandler
                0x00000000080060a8                LTDC_IRQHandler
                0x00000000080060a8                ETH_WKUP_IRQHandler
                0x00000000080060a8                SPDIF_RX_IRQHandler
                0x00000000080060a8                SPI2_IRQHandler
                0x00000000080060a8                OTG_HS_EP1_IN_IRQHandler
                0x00000000080060a8                TIM24_IRQHandler
                0x00000000080060a8                CRS_IRQHandler
                0x00000000080060a8                EXTI4_IRQHandler
                0x00000000080060a8                RNG_IRQHandler
                0x00000000080060a8                FDCAN2_IT1_IRQHandler
                0x00000000080060a8                ETH_IRQHandler
                0x00000000080060a8                BDMA_Channel4_IRQHandler
                0x00000000080060a8                OTG_HS_EP1_OUT_IRQHandler
                0x00000000080060a8                WWDG_IRQHandler
                0x00000000080060a8                SPI6_IRQHandler
                0x00000000080060a8                MDIOS_IRQHandler
                0x00000000080060a8                I2C4_EV_IRQHandler
                0x00000000080060a8                FDCAN2_IT0_IRQHandler
                0x00000000080060a8                LPUART1_IRQHandler
                0x00000000080060a8                FDCAN1_IT0_IRQHandler
                0x00000000080060a8                TIM2_IRQHandler
                0x00000000080060a8                OTG_HS_IRQHandler
                0x00000000080060a8                DMA2D_IRQHandler
                0x00000000080060a8                EXTI1_IRQHandler
                0x00000000080060a8                SDMMC2_IRQHandler
                0x00000000080060a8                BDMA_Channel3_IRQHandler
                0x00000000080060a8                DTS_IRQHandler
                0x00000000080060a8                UART7_IRQHandler
                0x00000000080060a8                MDIOS_WKUP_IRQHandler
                0x00000000080060a8                USART2_IRQHandler
                0x00000000080060a8                DFSDM1_FLT0_IRQHandler
                0x00000000080060a8                SAI4_IRQHandler
                0x00000000080060a8                I2C2_ER_IRQHandler
                0x00000000080060a8                DMA2_Stream1_IRQHandler
                0x00000000080060a8                FLASH_IRQHandler
                0x00000000080060a8                DMA2_Stream4_IRQHandler
                0x00000000080060a8                SPI3_IRQHandler
                0x00000000080060a8                WAKEUP_PIN_IRQHandler
                0x00000000080060a8                DMA1_Stream4_IRQHandler
                0x00000000080060a8                I2C1_ER_IRQHandler
                0x00000000080060a8                FMC_IRQHandler
                0x00000000080060a8                FDCAN_CAL_IRQHandler
                0x00000000080060a8                SWPMI1_IRQHandler
                0x00000000080060a8                COMP1_IRQHandler
                0x00000000080060a8                LPTIM1_IRQHandler
                0x00000000080060a8                DCMI_PSSI_IRQHandler
                0x00000000080060a8                I2C4_ER_IRQHandler
                0x00000000080060a8                DMA2_Stream6_IRQHandler
                0x00000000080060a8                SAI1_IRQHandler
                0x00000000080060a8                DMA1_Stream3_IRQHandler
 *fill*         0x00000000080060aa        0x2 
 .text.HAL_Init
                0x00000000080060ac       0x78 ./Drivers/STM32H7xx_HAL_Driver/Src/stm32h7xx_hal.o
                0x00000000080060ac                HAL_Init
 .text.HAL_InitTick
                0x0000000008006124       0x6c ./Drivers/STM32H7xx_HAL_Driver/Src/stm32h7xx_hal.o
                0x0000000008006124                HAL_InitTick
 .text.HAL_IncTick
                0x0000000008006190       0x28 ./Drivers/STM32H7xx_HAL_Driver/Src/stm32h7xx_hal.o
                0x0000000008006190                HAL_IncTick
 .text.HAL_GetTick
                0x00000000080061b8       0x18 ./Drivers/STM32H7xx_HAL_Driver/Src/stm32h7xx_hal.o
                0x00000000080061b8                HAL_GetTick
 .text.__NVIC_SetPriorityGrouping
                0x00000000080061d0       0x48 ./Drivers/STM32H7xx_HAL_Driver/Src/stm32h7xx_hal_cortex.o
 .text.__NVIC_GetPriorityGrouping
                0x0000000008006218       0x1c ./Drivers/STM32H7xx_HAL_Driver/Src/stm32h7xx_hal_cortex.o
 .text.__NVIC_EnableIRQ
                0x0000000008006234       0x3c ./Drivers/STM32H7xx_HAL_Driver/Src/stm32h7xx_hal_cortex.o
 .text.__NVIC_DisableIRQ
                0x0000000008006270       0x48 ./Drivers/STM32H7xx_HAL_Driver/Src/stm32h7xx_hal_cortex.o
 .text.__NVIC_SetPriority
                0x00000000080062b8       0x54 ./Drivers/STM32H7xx_HAL_Driver/Src/stm32h7xx_hal_cortex.o
 .text.NVIC_EncodePriority
                0x000000000800630c       0x66 ./Drivers/STM32H7xx_HAL_Driver/Src/stm32h7xx_hal_cortex.o
 *fill*         0x0000000008006372        0x2 
 .text.SysTick_Config
                0x0000000008006374       0x44 ./Drivers/STM32H7xx_HAL_Driver/Src/stm32h7xx_hal_cortex.o
 .text.HAL_NVIC_SetPriorityGrouping
                0x00000000080063b8       0x16 ./Drivers/STM32H7xx_HAL_Driver/Src/stm32h7xx_hal_cortex.o
                0x00000000080063b8                HAL_NVIC_SetPriorityGrouping
 .text.HAL_NVIC_SetPriority
                0x00000000080063ce       0x34 ./Drivers/STM32H7xx_HAL_Driver/Src/stm32h7xx_hal_cortex.o
                0x00000000080063ce                HAL_NVIC_SetPriority
 .text.HAL_NVIC_EnableIRQ
                0x0000000008006402       0x1c ./Drivers/STM32H7xx_HAL_Driver/Src/stm32h7xx_hal_cortex.o
                0x0000000008006402                HAL_NVIC_EnableIRQ
 .text.HAL_NVIC_DisableIRQ
                0x000000000800641e       0x1c ./Drivers/STM32H7xx_HAL_Driver/Src/stm32h7xx_hal_cortex.o
                0x000000000800641e                HAL_NVIC_DisableIRQ
 .text.HAL_SYSTICK_Config
                0x000000000800643a       0x18 ./Drivers/STM32H7xx_HAL_Driver/Src/stm32h7xx_hal_cortex.o
                0x000000000800643a                HAL_SYSTICK_Config
 *fill*         0x0000000008006452        0x2 
 .text.HAL_DMA_Init
                0x0000000008006454      0x6b0 ./Drivers/STM32H7xx_HAL_Driver/Src/stm32h7xx_hal_dma.o
                0x0000000008006454                HAL_DMA_Init
 .text.HAL_DMA_DeInit
                0x0000000008006b04      0x36c ./Drivers/STM32H7xx_HAL_Driver/Src/stm32h7xx_hal_dma.o
                0x0000000008006b04                HAL_DMA_DeInit
 .text.HAL_DMA_Start_IT
                0x0000000008006e70      0x4d4 ./Drivers/STM32H7xx_HAL_Driver/Src/stm32h7xx_hal_dma.o
                0x0000000008006e70                HAL_DMA_Start_IT
 .text.HAL_DMA_Abort
                0x0000000008007344      0x63c ./Drivers/STM32H7xx_HAL_Driver/Src/stm32h7xx_hal_dma.o
                0x0000000008007344                HAL_DMA_Abort
 .text.HAL_DMA_Abort_IT
                0x0000000008007980      0x48c ./Drivers/STM32H7xx_HAL_Driver/Src/stm32h7xx_hal_dma.o
                0x0000000008007980                HAL_DMA_Abort_IT
 .text.HAL_DMA_IRQHandler
                0x0000000008007e0c      0xe54 ./Drivers/STM32H7xx_HAL_Driver/Src/stm32h7xx_hal_dma.o
                0x0000000008007e0c                HAL_DMA_IRQHandler
 .text.DMA_SetConfig
                0x0000000008008c60      0x358 ./Drivers/STM32H7xx_HAL_Driver/Src/stm32h7xx_hal_dma.o
 .text.DMA_CalcBaseAndBitshift
                0x0000000008008fb8      0x164 ./Drivers/STM32H7xx_HAL_Driver/Src/stm32h7xx_hal_dma.o
 .text.DMA_CheckFifoParam
                0x000000000800911c       0xf8 ./Drivers/STM32H7xx_HAL_Driver/Src/stm32h7xx_hal_dma.o
 .text.DMA_CalcDMAMUXChannelBaseAndMask
                0x0000000008009214      0x134 ./Drivers/STM32H7xx_HAL_Driver/Src/stm32h7xx_hal_dma.o
 .text.DMA_CalcDMAMUXRequestGenBaseAndMask
                0x0000000008009348       0xe8 ./Drivers/STM32H7xx_HAL_Driver/Src/stm32h7xx_hal_dma.o
 .text.HAL_GPIO_Init
                0x0000000008009430      0x350 ./Drivers/STM32H7xx_HAL_Driver/Src/stm32h7xx_hal_gpio.o
                0x0000000008009430                HAL_GPIO_Init
 .text.HAL_GPIO_DeInit
                0x0000000008009780      0x204 ./Drivers/STM32H7xx_HAL_Driver/Src/stm32h7xx_hal_gpio.o
                0x0000000008009780                HAL_GPIO_DeInit
 .text.HAL_GPIO_WritePin
                0x0000000008009984       0x32 ./Drivers/STM32H7xx_HAL_Driver/Src/stm32h7xx_hal_gpio.o
                0x0000000008009984                HAL_GPIO_WritePin
 *fill*         0x00000000080099b6        0x2 
 .text.HAL_PWREx_ConfigSupply
                0x00000000080099b8       0x74 ./Drivers/STM32H7xx_HAL_Driver/Src/stm32h7xx_hal_pwr_ex.o
                0x00000000080099b8                HAL_PWREx_ConfigSupply
 .text.HAL_RCC_OscConfig
                0x0000000008009a2c      0x7b4 ./Drivers/STM32H7xx_HAL_Driver/Src/stm32h7xx_hal_rcc.o
                0x0000000008009a2c                HAL_RCC_OscConfig
 .text.HAL_RCC_ClockConfig
                0x000000000800a1e0      0x36c ./Drivers/STM32H7xx_HAL_Driver/Src/stm32h7xx_hal_rcc.o
                0x000000000800a1e0                HAL_RCC_ClockConfig
 .text.HAL_RCC_GetSysClockFreq
                0x000000000800a54c      0x2f4 ./Drivers/STM32H7xx_HAL_Driver/Src/stm32h7xx_hal_rcc.o
                0x000000000800a54c                HAL_RCC_GetSysClockFreq
 .text.HAL_RCC_GetHCLKFreq
                0x000000000800a840       0x60 ./Drivers/STM32H7xx_HAL_Driver/Src/stm32h7xx_hal_rcc.o
                0x000000000800a840                HAL_RCC_GetHCLKFreq
 .text.HAL_RCC_GetPCLK1Freq
                0x000000000800a8a0       0x2c ./Drivers/STM32H7xx_HAL_Driver/Src/stm32h7xx_hal_rcc.o
                0x000000000800a8a0                HAL_RCC_GetPCLK1Freq
 .text.HAL_RCC_GetPCLK2Freq
                0x000000000800a8cc       0x2c ./Drivers/STM32H7xx_HAL_Driver/Src/stm32h7xx_hal_rcc.o
                0x000000000800a8cc                HAL_RCC_GetPCLK2Freq
 .text.HAL_RCCEx_PeriphCLKConfig
                0x000000000800a8f8     0x1340 ./Drivers/STM32H7xx_HAL_Driver/Src/stm32h7xx_hal_rcc_ex.o
                0x000000000800a8f8                HAL_RCCEx_PeriphCLKConfig
 .text.HAL_RCCEx_GetD3PCLK1Freq
                0x000000000800bc38       0x2c ./Drivers/STM32H7xx_HAL_Driver/Src/stm32h7xx_hal_rcc_ex.o
                0x000000000800bc38                HAL_RCCEx_GetD3PCLK1Freq
 .text.HAL_RCCEx_GetPLL2ClockFreq
                0x000000000800bc64      0x2a8 ./Drivers/STM32H7xx_HAL_Driver/Src/stm32h7xx_hal_rcc_ex.o
                0x000000000800bc64                HAL_RCCEx_GetPLL2ClockFreq
 .text.HAL_RCCEx_GetPLL3ClockFreq
                0x000000000800bf0c      0x2a8 ./Drivers/STM32H7xx_HAL_Driver/Src/stm32h7xx_hal_rcc_ex.o
                0x000000000800bf0c                HAL_RCCEx_GetPLL3ClockFreq
 .text.RCCEx_PLL2_Config
                0x000000000800c1b4      0x164 ./Drivers/STM32H7xx_HAL_Driver/Src/stm32h7xx_hal_rcc_ex.o
 .text.RCCEx_PLL3_Config
                0x000000000800c318      0x164 ./Drivers/STM32H7xx_HAL_Driver/Src/stm32h7xx_hal_rcc_ex.o
 .text.HAL_TIM_Base_Init
                0x000000000800c47c       0xae ./Drivers/STM32H7xx_HAL_Driver/Src/stm32h7xx_hal_tim.o
                0x000000000800c47c                HAL_TIM_Base_Init
 *fill*         0x000000000800c52a        0x2 
 .text.HAL_TIM_Base_Start_IT
                0x000000000800c52c      0x10c ./Drivers/STM32H7xx_HAL_Driver/Src/stm32h7xx_hal_tim.o
                0x000000000800c52c                HAL_TIM_Base_Start_IT
 .text.HAL_TIM_PWM_Init
                0x000000000800c638       0xae ./Drivers/STM32H7xx_HAL_Driver/Src/stm32h7xx_hal_tim.o
                0x000000000800c638                HAL_TIM_PWM_Init
 *fill*         0x000000000800c6e6        0x2 
 .text.HAL_TIM_PWM_Start
                0x000000000800c6e8      0x238 ./Drivers/STM32H7xx_HAL_Driver/Src/stm32h7xx_hal_tim.o
                0x000000000800c6e8                HAL_TIM_PWM_Start
 .text.HAL_TIM_Encoder_Init
                0x000000000800c920      0x14c ./Drivers/STM32H7xx_HAL_Driver/Src/stm32h7xx_hal_tim.o
                0x000000000800c920                HAL_TIM_Encoder_Init
 .text.HAL_TIM_Encoder_Start_IT
                0x000000000800ca6c      0x15c ./Drivers/STM32H7xx_HAL_Driver/Src/stm32h7xx_hal_tim.o
                0x000000000800ca6c                HAL_TIM_Encoder_Start_IT
 .text.HAL_TIM_IRQHandler
                0x000000000800cbc8      0x23e ./Drivers/STM32H7xx_HAL_Driver/Src/stm32h7xx_hal_tim.o
                0x000000000800cbc8                HAL_TIM_IRQHandler
 *fill*         0x000000000800ce06        0x2 
 .text.HAL_TIM_PWM_ConfigChannel
                0x000000000800ce08      0x228 ./Drivers/STM32H7xx_HAL_Driver/Src/stm32h7xx_hal_tim.o
                0x000000000800ce08                HAL_TIM_PWM_ConfigChannel
 .text.HAL_TIM_ConfigClockSource
                0x000000000800d030      0x1f0 ./Drivers/STM32H7xx_HAL_Driver/Src/stm32h7xx_hal_tim.o
                0x000000000800d030                HAL_TIM_ConfigClockSource
 .text.HAL_TIM_OC_DelayElapsedCallback
                0x000000000800d220       0x14 ./Drivers/STM32H7xx_HAL_Driver/Src/stm32h7xx_hal_tim.o
                0x000000000800d220                HAL_TIM_OC_DelayElapsedCallback
 .text.HAL_TIM_IC_CaptureCallback
                0x000000000800d234       0x14 ./Drivers/STM32H7xx_HAL_Driver/Src/stm32h7xx_hal_tim.o
                0x000000000800d234                HAL_TIM_IC_CaptureCallback
 .text.HAL_TIM_PWM_PulseFinishedCallback
                0x000000000800d248       0x14 ./Drivers/STM32H7xx_HAL_Driver/Src/stm32h7xx_hal_tim.o
                0x000000000800d248                HAL_TIM_PWM_PulseFinishedCallback
 .text.HAL_TIM_TriggerCallback
                0x000000000800d25c       0x14 ./Drivers/STM32H7xx_HAL_Driver/Src/stm32h7xx_hal_tim.o
                0x000000000800d25c                HAL_TIM_TriggerCallback
 .text.TIM_Base_SetConfig
                0x000000000800d270      0x14c ./Drivers/STM32H7xx_HAL_Driver/Src/stm32h7xx_hal_tim.o
                0x000000000800d270                TIM_Base_SetConfig
 .text.TIM_OC1_SetConfig
                0x000000000800d3bc      0x120 ./Drivers/STM32H7xx_HAL_Driver/Src/stm32h7xx_hal_tim.o
 .text.TIM_OC2_SetConfig
                0x000000000800d4dc      0x114 ./Drivers/STM32H7xx_HAL_Driver/Src/stm32h7xx_hal_tim.o
                0x000000000800d4dc                TIM_OC2_SetConfig
 .text.TIM_OC3_SetConfig
                0x000000000800d5f0      0x110 ./Drivers/STM32H7xx_HAL_Driver/Src/stm32h7xx_hal_tim.o
 .text.TIM_OC4_SetConfig
                0x000000000800d700       0xd4 ./Drivers/STM32H7xx_HAL_Driver/Src/stm32h7xx_hal_tim.o
 .text.TIM_OC5_SetConfig
                0x000000000800d7d4       0xc8 ./Drivers/STM32H7xx_HAL_Driver/Src/stm32h7xx_hal_tim.o
 .text.TIM_OC6_SetConfig
                0x000000000800d89c       0xcc ./Drivers/STM32H7xx_HAL_Driver/Src/stm32h7xx_hal_tim.o
 .text.TIM_TI1_ConfigInputStage
                0x000000000800d968       0x5e ./Drivers/STM32H7xx_HAL_Driver/Src/stm32h7xx_hal_tim.o
 .text.TIM_TI2_ConfigInputStage
                0x000000000800d9c6       0x60 ./Drivers/STM32H7xx_HAL_Driver/Src/stm32h7xx_hal_tim.o
 *fill*         0x000000000800da26        0x2 
 .text.TIM_ITRx_SetConfig
                0x000000000800da28       0x3c ./Drivers/STM32H7xx_HAL_Driver/Src/stm32h7xx_hal_tim.o
 .text.TIM_ETR_SetConfig
                0x000000000800da64       0x40 ./Drivers/STM32H7xx_HAL_Driver/Src/stm32h7xx_hal_tim.o
                0x000000000800da64                TIM_ETR_SetConfig
 .text.TIM_CCxChannelCmd
                0x000000000800daa4       0x4a ./Drivers/STM32H7xx_HAL_Driver/Src/stm32h7xx_hal_tim.o
                0x000000000800daa4                TIM_CCxChannelCmd
 *fill*         0x000000000800daee        0x2 
 .text.HAL_TIMEx_MasterConfigSynchronization
                0x000000000800daf0      0x138 ./Drivers/STM32H7xx_HAL_Driver/Src/stm32h7xx_hal_tim_ex.o
                0x000000000800daf0                HAL_TIMEx_MasterConfigSynchronization
 .text.HAL_TIMEx_ConfigBreakDeadTime
                0x000000000800dc28      0x140 ./Drivers/STM32H7xx_HAL_Driver/Src/stm32h7xx_hal_tim_ex.o
                0x000000000800dc28                HAL_TIMEx_ConfigBreakDeadTime
 .text.HAL_TIMEx_CommutCallback
                0x000000000800dd68       0x14 ./Drivers/STM32H7xx_HAL_Driver/Src/stm32h7xx_hal_tim_ex.o
                0x000000000800dd68                HAL_TIMEx_CommutCallback
 .text.HAL_TIMEx_BreakCallback
                0x000000000800dd7c       0x14 ./Drivers/STM32H7xx_HAL_Driver/Src/stm32h7xx_hal_tim_ex.o
                0x000000000800dd7c                HAL_TIMEx_BreakCallback
 .text.HAL_TIMEx_Break2Callback
                0x000000000800dd90       0x14 ./Drivers/STM32H7xx_HAL_Driver/Src/stm32h7xx_hal_tim_ex.o
                0x000000000800dd90                HAL_TIMEx_Break2Callback
 .text.HAL_UART_Init
                0x000000000800dda4       0xa0 ./Drivers/STM32H7xx_HAL_Driver/Src/stm32h7xx_hal_uart.o
                0x000000000800dda4                HAL_UART_Init
 .text.HAL_UART_DeInit
                0x000000000800de44       0x7e ./Drivers/STM32H7xx_HAL_Driver/Src/stm32h7xx_hal_uart.o
                0x000000000800de44                HAL_UART_DeInit
 .text.HAL_UART_Transmit
                0x000000000800dec2      0x11c ./Drivers/STM32H7xx_HAL_Driver/Src/stm32h7xx_hal_uart.o
                0x000000000800dec2                HAL_UART_Transmit
 *fill*         0x000000000800dfde        0x2 
 .text.HAL_UART_Transmit_DMA
                0x000000000800dfe0      0x100 ./Drivers/STM32H7xx_HAL_Driver/Src/stm32h7xx_hal_uart.o
                0x000000000800dfe0                HAL_UART_Transmit_DMA
 .text.HAL_UART_Receive_DMA
                0x000000000800e0e0       0x98 ./Drivers/STM32H7xx_HAL_Driver/Src/stm32h7xx_hal_uart.o
                0x000000000800e0e0                HAL_UART_Receive_DMA
 .text.HAL_UART_IRQHandler
                0x000000000800e178      0x774 ./Drivers/STM32H7xx_HAL_Driver/Src/stm32h7xx_hal_uart.o
                0x000000000800e178                HAL_UART_IRQHandler
 .text.HAL_UART_TxHalfCpltCallback
                0x000000000800e8ec       0x14 ./Drivers/STM32H7xx_HAL_Driver/Src/stm32h7xx_hal_uart.o
                0x000000000800e8ec                HAL_UART_TxHalfCpltCallback
 .text.HAL_UART_RxCpltCallback
                0x000000000800e900       0x14 ./Drivers/STM32H7xx_HAL_Driver/Src/stm32h7xx_hal_uart.o
                0x000000000800e900                HAL_UART_RxCpltCallback
 .text.HAL_UART_RxHalfCpltCallback
                0x000000000800e914       0x14 ./Drivers/STM32H7xx_HAL_Driver/Src/stm32h7xx_hal_uart.o
                0x000000000800e914                HAL_UART_RxHalfCpltCallback
 .text.HAL_UARTEx_RxEventCallback
                0x000000000800e928       0x18 ./Drivers/STM32H7xx_HAL_Driver/Src/stm32h7xx_hal_uart.o
                0x000000000800e928                HAL_UARTEx_RxEventCallback
 .text.UART_SetConfig
                0x000000000800e940      0xcd8 ./Drivers/STM32H7xx_HAL_Driver/Src/stm32h7xx_hal_uart.o
                0x000000000800e940                UART_SetConfig
 .text.UART_AdvFeatureConfig
                0x000000000800f618      0x144 ./Drivers/STM32H7xx_HAL_Driver/Src/stm32h7xx_hal_uart.o
                0x000000000800f618                UART_AdvFeatureConfig
 .text.UART_CheckIdleState
                0x000000000800f75c      0x154 ./Drivers/STM32H7xx_HAL_Driver/Src/stm32h7xx_hal_uart.o
                0x000000000800f75c                UART_CheckIdleState
 .text.UART_WaitOnFlagUntilTimeout
                0x000000000800f8b0       0xce ./Drivers/STM32H7xx_HAL_Driver/Src/stm32h7xx_hal_uart.o
                0x000000000800f8b0                UART_WaitOnFlagUntilTimeout
 *fill*         0x000000000800f97e        0x2 
 .text.UART_Start_Receive_DMA
                0x000000000800f980      0x14c ./Drivers/STM32H7xx_HAL_Driver/Src/stm32h7xx_hal_uart.o
                0x000000000800f980                UART_Start_Receive_DMA
 .text.UART_EndTxTransfer
                0x000000000800facc       0x82 ./Drivers/STM32H7xx_HAL_Driver/Src/stm32h7xx_hal_uart.o
 *fill*         0x000000000800fb4e        0x2 
 .text.UART_EndRxTransfer
                0x000000000800fb50       0xcc ./Drivers/STM32H7xx_HAL_Driver/Src/stm32h7xx_hal_uart.o
 .text.UART_DMATransmitCplt
                0x000000000800fc1c       0x96 ./Drivers/STM32H7xx_HAL_Driver/Src/stm32h7xx_hal_uart.o
 .text.UART_DMATxHalfCplt
                0x000000000800fcb2       0x1c ./Drivers/STM32H7xx_HAL_Driver/Src/stm32h7xx_hal_uart.o
 .text.UART_DMAReceiveCplt
                0x000000000800fcce      0x128 ./Drivers/STM32H7xx_HAL_Driver/Src/stm32h7xx_hal_uart.o
 .text.UART_DMARxHalfCplt
                0x000000000800fdf6       0x3e ./Drivers/STM32H7xx_HAL_Driver/Src/stm32h7xx_hal_uart.o
 .text.UART_DMAError
                0x000000000800fe34       0x80 ./Drivers/STM32H7xx_HAL_Driver/Src/stm32h7xx_hal_uart.o
 .text.UART_DMAAbortOnError
                0x000000000800feb4       0x2c ./Drivers/STM32H7xx_HAL_Driver/Src/stm32h7xx_hal_uart.o
 .text.UART_EndTransmit_IT
                0x000000000800fee0       0x56 ./Drivers/STM32H7xx_HAL_Driver/Src/stm32h7xx_hal_uart.o
 .text.HAL_UARTEx_WakeupCallback
                0x000000000800ff36       0x14 ./Drivers/STM32H7xx_HAL_Driver/Src/stm32h7xx_hal_uart_ex.o
                0x000000000800ff36                HAL_UARTEx_WakeupCallback
 .text.HAL_UARTEx_RxFifoFullCallback
                0x000000000800ff4a       0x14 ./Drivers/STM32H7xx_HAL_Driver/Src/stm32h7xx_hal_uart_ex.o
                0x000000000800ff4a                HAL_UARTEx_RxFifoFullCallback
 .text.HAL_UARTEx_TxFifoEmptyCallback
                0x000000000800ff5e       0x14 ./Drivers/STM32H7xx_HAL_Driver/Src/stm32h7xx_hal_uart_ex.o
                0x000000000800ff5e                HAL_UARTEx_TxFifoEmptyCallback
 .text.HAL_UARTEx_DisableFifoMode
                0x000000000800ff72       0x72 ./Drivers/STM32H7xx_HAL_Driver/Src/stm32h7xx_hal_uart_ex.o
                0x000000000800ff72                HAL_UARTEx_DisableFifoMode
 .text.HAL_UARTEx_SetTxFifoThreshold
                0x000000000800ffe4       0x7c ./Drivers/STM32H7xx_HAL_Driver/Src/stm32h7xx_hal_uart_ex.o
                0x000000000800ffe4                HAL_UARTEx_SetTxFifoThreshold
 .text.HAL_UARTEx_SetRxFifoThreshold
                0x0000000008010060       0x7c ./Drivers/STM32H7xx_HAL_Driver/Src/stm32h7xx_hal_uart_ex.o
                0x0000000008010060                HAL_UARTEx_SetRxFifoThreshold
 .text.UARTEx_SetNbDataToProcess
                0x00000000080100dc       0x9c ./Drivers/STM32H7xx_HAL_Driver/Src/stm32h7xx_hal_uart_ex.o
 .text.realloc  0x0000000008010178       0x10 C:/ST/STM32CubeIDE_1.10.1/STM32CubeIDE/plugins/com.st.stm32cube.ide.mcu.externaltools.gnu-tools-for-stm32.11.3.rel1.win32_1.1.0.202305231506/tools/bin/../lib/gcc/arm-none-eabi/11.3.1/../../../../arm-none-eabi/lib/thumb/v7e-m+dp/hard\libc_nano.a(libc_a-realloc.o)
                0x0000000008010178                realloc
 .text._realloc_r
                0x0000000008010188       0x5e C:/ST/STM32CubeIDE_1.10.1/STM32CubeIDE/plugins/com.st.stm32cube.ide.mcu.externaltools.gnu-tools-for-stm32.11.3.rel1.win32_1.1.0.202305231506/tools/bin/../lib/gcc/arm-none-eabi/11.3.1/../../../../arm-none-eabi/lib/thumb/v7e-m+dp/hard\libc_nano.a(libc_a-reallocr.o)
                0x0000000008010188                _realloc_r
 .text.memset   0x00000000080101e6       0x10 C:/ST/STM32CubeIDE_1.10.1/STM32CubeIDE/plugins/com.st.stm32cube.ide.mcu.externaltools.gnu-tools-for-stm32.11.3.rel1.win32_1.1.0.202305231506/tools/bin/../lib/gcc/arm-none-eabi/11.3.1/../../../../arm-none-eabi/lib/thumb/v7e-m+dp/hard\libc_nano.a(libc_a-memset.o)
                0x00000000080101e6                memset
 *fill*         0x00000000080101f6        0x2 
 .text.__errno  0x00000000080101f8        0xc C:/ST/STM32CubeIDE_1.10.1/STM32CubeIDE/plugins/com.st.stm32cube.ide.mcu.externaltools.gnu-tools-for-stm32.11.3.rel1.win32_1.1.0.202305231506/tools/bin/../lib/gcc/arm-none-eabi/11.3.1/../../../../arm-none-eabi/lib/thumb/v7e-m+dp/hard\libc_nano.a(libc_a-errno.o)
                0x00000000080101f8                __errno
 .text.__libc_init_array
                0x0000000008010204       0x48 C:/ST/STM32CubeIDE_1.10.1/STM32CubeIDE/plugins/com.st.stm32cube.ide.mcu.externaltools.gnu-tools-for-stm32.11.3.rel1.win32_1.1.0.202305231506/tools/bin/../lib/gcc/arm-none-eabi/11.3.1/../../../../arm-none-eabi/lib/thumb/v7e-m+dp/hard\libc_nano.a(libc_a-init.o)
                0x0000000008010204                __libc_init_array
 .text.__retarget_lock_acquire_recursive
                0x000000000801024c        0x2 C:/ST/STM32CubeIDE_1.10.1/STM32CubeIDE/plugins/com.st.stm32cube.ide.mcu.externaltools.gnu-tools-for-stm32.11.3.rel1.win32_1.1.0.202305231506/tools/bin/../lib/gcc/arm-none-eabi/11.3.1/../../../../arm-none-eabi/lib/thumb/v7e-m+dp/hard\libc_nano.a(libc_a-lock.o)
                0x000000000801024c                __retarget_lock_acquire_recursive
 .text.__retarget_lock_release_recursive
                0x000000000801024e        0x2 C:/ST/STM32CubeIDE_1.10.1/STM32CubeIDE/plugins/com.st.stm32cube.ide.mcu.externaltools.gnu-tools-for-stm32.11.3.rel1.win32_1.1.0.202305231506/tools/bin/../lib/gcc/arm-none-eabi/11.3.1/../../../../arm-none-eabi/lib/thumb/v7e-m+dp/hard\libc_nano.a(libc_a-lock.o)
                0x000000000801024e                __retarget_lock_release_recursive
 .text.memcpy   0x0000000008010250       0x1c C:/ST/STM32CubeIDE_1.10.1/STM32CubeIDE/plugins/com.st.stm32cube.ide.mcu.externaltools.gnu-tools-for-stm32.11.3.rel1.win32_1.1.0.202305231506/tools/bin/../lib/gcc/arm-none-eabi/11.3.1/../../../../arm-none-eabi/lib/thumb/v7e-m+dp/hard\libc_nano.a(libc_a-memcpy-stub.o)
                0x0000000008010250                memcpy
 .text._free_r  0x000000000801026c       0x98 C:/ST/STM32CubeIDE_1.10.1/STM32CubeIDE/plugins/com.st.stm32cube.ide.mcu.externaltools.gnu-tools-for-stm32.11.3.rel1.win32_1.1.0.202305231506/tools/bin/../lib/gcc/arm-none-eabi/11.3.1/../../../../arm-none-eabi/lib/thumb/v7e-m+dp/hard\libc_nano.a(libc_a-freer.o)
                0x000000000801026c                _free_r
 .text.sbrk_aligned
                0x0000000008010304       0x40 C:/ST/STM32CubeIDE_1.10.1/STM32CubeIDE/plugins/com.st.stm32cube.ide.mcu.externaltools.gnu-tools-for-stm32.11.3.rel1.win32_1.1.0.202305231506/tools/bin/../lib/gcc/arm-none-eabi/11.3.1/../../../../arm-none-eabi/lib/thumb/v7e-m+dp/hard\libc_nano.a(libc_a-mallocr.o)
 .text._malloc_r
                0x0000000008010344      0x100 C:/ST/STM32CubeIDE_1.10.1/STM32CubeIDE/plugins/com.st.stm32cube.ide.mcu.externaltools.gnu-tools-for-stm32.11.3.rel1.win32_1.1.0.202305231506/tools/bin/../lib/gcc/arm-none-eabi/11.3.1/../../../../arm-none-eabi/lib/thumb/v7e-m+dp/hard\libc_nano.a(libc_a-mallocr.o)
                0x0000000008010344                _malloc_r
 .text.__malloc_lock
                0x0000000008010444        0xc C:/ST/STM32CubeIDE_1.10.1/STM32CubeIDE/plugins/com.st.stm32cube.ide.mcu.externaltools.gnu-tools-for-stm32.11.3.rel1.win32_1.1.0.202305231506/tools/bin/../lib/gcc/arm-none-eabi/11.3.1/../../../../arm-none-eabi/lib/thumb/v7e-m+dp/hard\libc_nano.a(libc_a-mlock.o)
                0x0000000008010444                __malloc_lock
 .text.__malloc_unlock
                0x0000000008010450        0xc C:/ST/STM32CubeIDE_1.10.1/STM32CubeIDE/plugins/com.st.stm32cube.ide.mcu.externaltools.gnu-tools-for-stm32.11.3.rel1.win32_1.1.0.202305231506/tools/bin/../lib/gcc/arm-none-eabi/11.3.1/../../../../arm-none-eabi/lib/thumb/v7e-m+dp/hard\libc_nano.a(libc_a-mlock.o)
                0x0000000008010450                __malloc_unlock
 .text._malloc_usable_size_r
                0x000000000801045c       0x10 C:/ST/STM32CubeIDE_1.10.1/STM32CubeIDE/plugins/com.st.stm32cube.ide.mcu.externaltools.gnu-tools-for-stm32.11.3.rel1.win32_1.1.0.202305231506/tools/bin/../lib/gcc/arm-none-eabi/11.3.1/../../../../arm-none-eabi/lib/thumb/v7e-m+dp/hard\libc_nano.a(libc_a-msizer.o)
                0x000000000801045c                _malloc_usable_size_r
 .text._sbrk_r  0x000000000801046c       0x20 C:/ST/STM32CubeIDE_1.10.1/STM32CubeIDE/plugins/com.st.stm32cube.ide.mcu.externaltools.gnu-tools-for-stm32.11.3.rel1.win32_1.1.0.202305231506/tools/bin/../lib/gcc/arm-none-eabi/11.3.1/../../../../arm-none-eabi/lib/thumb/v7e-m+dp/hard\libc_nano.a(libc_a-sbrkr.o)
                0x000000000801046c                _sbrk_r
 *(.glue_7)
 .glue_7        0x000000000801048c        0x0 linker stubs
 *(.glue_7t)
 .glue_7t       0x000000000801048c        0x0 linker stubs
 *(.eh_frame)
 .eh_frame      0x000000000801048c        0x0 C:/ST/STM32CubeIDE_1.10.1/STM32CubeIDE/plugins/com.st.stm32cube.ide.mcu.externaltools.gnu-tools-for-stm32.11.3.rel1.win32_1.1.0.202305231506/tools/bin/../lib/gcc/arm-none-eabi/11.3.1/thumb/v7e-m+dp/hard/crtbegin.o
 *(.init)
 .init          0x000000000801048c        0x4 C:/ST/STM32CubeIDE_1.10.1/STM32CubeIDE/plugins/com.st.stm32cube.ide.mcu.externaltools.gnu-tools-for-stm32.11.3.rel1.win32_1.1.0.202305231506/tools/bin/../lib/gcc/arm-none-eabi/11.3.1/thumb/v7e-m+dp/hard/crti.o
                0x000000000801048c                _init
 .init          0x0000000008010490        0x8 C:/ST/STM32CubeIDE_1.10.1/STM32CubeIDE/plugins/com.st.stm32cube.ide.mcu.externaltools.gnu-tools-for-stm32.11.3.rel1.win32_1.1.0.202305231506/tools/bin/../lib/gcc/arm-none-eabi/11.3.1/thumb/v7e-m+dp/hard/crtn.o
 *(.fini)
 .fini          0x0000000008010498        0x4 C:/ST/STM32CubeIDE_1.10.1/STM32CubeIDE/plugins/com.st.stm32cube.ide.mcu.externaltools.gnu-tools-for-stm32.11.3.rel1.win32_1.1.0.202305231506/tools/bin/../lib/gcc/arm-none-eabi/11.3.1/thumb/v7e-m+dp/hard/crti.o
                0x0000000008010498                _fini
 .fini          0x000000000801049c        0x8 C:/ST/STM32CubeIDE_1.10.1/STM32CubeIDE/plugins/com.st.stm32cube.ide.mcu.externaltools.gnu-tools-for-stm32.11.3.rel1.win32_1.1.0.202305231506/tools/bin/../lib/gcc/arm-none-eabi/11.3.1/thumb/v7e-m+dp/hard/crtn.o
                0x00000000080104a4                . = ALIGN (0x4)
                0x00000000080104a4                _etext = .

.vfp11_veneer   0x00000000080104a4        0x0
 .vfp11_veneer  0x00000000080104a4        0x0 linker stubs

.v4_bx          0x00000000080104a4        0x0
 .v4_bx         0x00000000080104a4        0x0 linker stubs

.iplt           0x00000000080104a4        0x0
 .iplt          0x00000000080104a4        0x0 C:/ST/STM32CubeIDE_1.10.1/STM32CubeIDE/plugins/com.st.stm32cube.ide.mcu.externaltools.gnu-tools-for-stm32.11.3.rel1.win32_1.1.0.202305231506/tools/bin/../lib/gcc/arm-none-eabi/11.3.1/thumb/v7e-m+dp/hard/crtbegin.o

.rodata         0x00000000080104a4      0x368
                0x00000000080104a4                . = ALIGN (0x4)
 *(.rodata)
 .rodata        0x00000000080104a4      0x1d9 ./Core/Src/ros_port.o
 *(.rodata*)
 *fill*         0x000000000801067d        0x3 
 .rodata._ZN14rosserial_msgsL12REQUESTPARAME
                0x0000000008010680       0x1c ./Core/Src/ros_port.o
 .rodata._ZTVN3ros10SubscriberIN8std_msgs4Int8EvEE
                0x000000000801069c       0x18 ./Core/Src/ros_port.o
                0x000000000801069c                vtable for ros::Subscriber<std_msgs::Int8, void>
 .rodata._ZTVN3ros10SubscriberIN13geometry_msgs5TwistEvEE
                0x00000000080106b4       0x18 ./Core/Src/ros_port.o
                0x00000000080106b4                vtable for ros::Subscriber<geometry_msgs::Twist, void>
 .rodata._ZTVN3ros11NodeHandle_I13STM32HardwareLi25ELi25ELi512ELi512EEE
                0x00000000080106cc       0x14 ./Core/Src/ros_port.o
                0x00000000080106cc                vtable for ros::NodeHandle_<STM32Hardware, 25, 25, 512, 512>
 .rodata._ZTVN8std_msgs4Int8E
                0x00000000080106e0       0x18 ./Core/Src/ros_port.o
                0x00000000080106e0                vtable for std_msgs::Int8
 .rodata._ZTVN13geometry_msgs5TwistE
                0x00000000080106f8       0x18 ./Core/Src/ros_port.o
                0x00000000080106f8                vtable for geometry_msgs::Twist
 .rodata._ZTVN13geometry_msgs7Vector3E
                0x0000000008010710       0x18 ./Core/Src/ros_port.o
                0x0000000008010710                vtable for geometry_msgs::Vector3
 .rodata._ZTVN3ros11Subscriber_E
                0x0000000008010728       0x18 ./Core/Src/ros_port.o
                0x0000000008010728                vtable for ros::Subscriber_
 .rodata._ZTVN3ros15NodeHandleBase_E
                0x0000000008010740       0x14 ./Core/Src/ros_port.o
                0x0000000008010740                vtable for ros::NodeHandleBase_
 .rodata._ZTVN14rosserial_msgs20RequestParamResponseE
                0x0000000008010754       0x18 ./Core/Src/ros_port.o
                0x0000000008010754                vtable for rosserial_msgs::RequestParamResponse
 .rodata._ZTVN14rosserial_msgs3LogE
                0x000000000801076c       0x18 ./Core/Src/ros_port.o
                0x000000000801076c                vtable for rosserial_msgs::Log
 .rodata._ZTVN14rosserial_msgs9TopicInfoE
                0x0000000008010784       0x18 ./Core/Src/ros_port.o
                0x0000000008010784                vtable for rosserial_msgs::TopicInfo
 .rodata._ZTVN8std_msgs4TimeE
                0x000000000801079c       0x18 ./Core/Src/ros_port.o
                0x000000000801079c                vtable for std_msgs::Time
 .rodata._ZTVN3ros3MsgE
                0x00000000080107b4       0x18 ./Core/Src/ros_port.o
                0x00000000080107b4                vtable for ros::Msg
 .rodata.D1CorePrescTable
                0x00000000080107cc       0x10 ./Core/Src/system_stm32h7xx.o
                0x00000000080107cc                D1CorePrescTable
 .rodata.flagBitshiftOffset.0
                0x00000000080107dc        0x8 ./Drivers/STM32H7xx_HAL_Driver/Src/stm32h7xx_hal_dma.o
 .rodata.UARTPrescTable
                0x00000000080107e4       0x18 ./Drivers/STM32H7xx_HAL_Driver/Src/stm32h7xx_hal_uart.o
                0x00000000080107e4                UARTPrescTable
 .rodata.numerator.1
                0x00000000080107fc        0x8 ./Drivers/STM32H7xx_HAL_Driver/Src/stm32h7xx_hal_uart_ex.o
 .rodata.denominator.0
                0x0000000008010804        0x8 ./Drivers/STM32H7xx_HAL_Driver/Src/stm32h7xx_hal_uart_ex.o
                0x000000000801080c                . = ALIGN (0x4)

.ARM.extab
 *(.ARM.extab* .gnu.linkonce.armextab.*)

.ARM            0x000000000801080c        0x8
                0x000000000801080c                __exidx_start = .
 *(.ARM.exidx*)
 .ARM.exidx     0x000000000801080c        0x8 C:/ST/STM32CubeIDE_1.10.1/STM32CubeIDE/plugins/com.st.stm32cube.ide.mcu.externaltools.gnu-tools-for-stm32.11.3.rel1.win32_1.1.0.202305231506/tools/bin/../lib/gcc/arm-none-eabi/11.3.1/thumb/v7e-m+dp/hard\libgcc.a(_udivmoddi4.o)
                0x0000000008010814                __exidx_end = .

.rel.dyn        0x0000000008010814        0x0
 .rel.iplt      0x0000000008010814        0x0 C:/ST/STM32CubeIDE_1.10.1/STM32CubeIDE/plugins/com.st.stm32cube.ide.mcu.externaltools.gnu-tools-for-stm32.11.3.rel1.win32_1.1.0.202305231506/tools/bin/../lib/gcc/arm-none-eabi/11.3.1/thumb/v7e-m+dp/hard/crtbegin.o

.preinit_array  0x0000000008010814        0x0
                0x0000000008010814                PROVIDE (__preinit_array_start = .)
 *(.preinit_array*)
                0x0000000008010814                PROVIDE (__preinit_array_end = .)

.init_array     0x0000000008010814       0x14
                0x0000000008010814                PROVIDE (__init_array_start = .)
 *(SORT_BY_NAME(.init_array.*))
 *(.init_array*)
 .init_array    0x0000000008010814        0x4 C:/ST/STM32CubeIDE_1.10.1/STM32CubeIDE/plugins/com.st.stm32cube.ide.mcu.externaltools.gnu-tools-for-stm32.11.3.rel1.win32_1.1.0.202305231506/tools/bin/../lib/gcc/arm-none-eabi/11.3.1/thumb/v7e-m+dp/hard/crtbegin.o
 .init_array    0x0000000008010818        0x4 ./Core/Src/PID.o
 .init_array    0x000000000801081c        0x4 ./Core/Src/chassis_DCmotor.o
 .init_array    0x0000000008010820        0x4 ./Core/Src/pusher.o
 .init_array    0x0000000008010824        0x4 ./Core/Src/ros_port.o
                0x0000000008010828                PROVIDE (__init_array_end = .)

.fini_array     0x0000000008010828        0x4
                [!provide]                        PROVIDE (__fini_array_start = .)
 *(SORT_BY_NAME(.fini_array.*))
 *(.fini_array*)
 .fini_array    0x0000000008010828        0x4 C:/ST/STM32CubeIDE_1.10.1/STM32CubeIDE/plugins/com.st.stm32cube.ide.mcu.externaltools.gnu-tools-for-stm32.11.3.rel1.win32_1.1.0.202305231506/tools/bin/../lib/gcc/arm-none-eabi/11.3.1/thumb/v7e-m+dp/hard/crtbegin.o
                [!provide]                        PROVIDE (__fini_array_end = .)
                0x000000000801082c                _sidata = LOADADDR (.data)

.data           0x0000000024000000       0xb4 load address 0x000000000801082c
                0x0000000024000000                . = ALIGN (0x4)
                0x0000000024000000                _sdata = .
 *(.data)
 *(.data*)
 .data.Kp       0x0000000024000000       0x20 ./Core/Src/PID.o
                0x0000000024000000                Kp
 .data.Ki       0x0000000024000020       0x20 ./Core/Src/PID.o
                0x0000000024000020                Ki
 .data.coeffab  0x0000000024000040        0x8 ./Core/Src/TIM_IT.o
                0x0000000024000040                coeffab
 .data.corr_vy  0x0000000024000048        0x8 ./Core/Src/TIM_IT.o
                0x0000000024000048                corr_vy
 .data.delay_start_resetFIRST
                0x0000000024000050        0x4 ./Core/Src/TIM_IT.o
                0x0000000024000050                delay_start_resetFIRST
 .data.SystemCoreClock
                0x0000000024000054        0x4 ./Core/Src/system_stm32h7xx.o
                0x0000000024000054                SystemCoreClock
 .data.SystemD2Clock
                0x0000000024000058        0x4 ./Core/Src/system_stm32h7xx.o
                0x0000000024000058                SystemD2Clock
 .data.uwTickPrio
                0x000000002400005c        0x4 ./Drivers/STM32H7xx_HAL_Driver/Src/stm32h7xx_hal.o
                0x000000002400005c                uwTickPrio
 .data.uwTickFreq
                0x0000000024000060        0x1 ./Drivers/STM32H7xx_HAL_Driver/Src/stm32h7xx_hal.o
                0x0000000024000060                uwTickFreq
 *fill*         0x0000000024000061        0x3 
 .data._impure_data
                0x0000000024000064       0x4c C:/ST/STM32CubeIDE_1.10.1/STM32CubeIDE/plugins/com.st.stm32cube.ide.mcu.externaltools.gnu-tools-for-stm32.11.3.rel1.win32_1.1.0.202305231506/tools/bin/../lib/gcc/arm-none-eabi/11.3.1/../../../../arm-none-eabi/lib/thumb/v7e-m+dp/hard\libc_nano.a(libc_a-impure.o)
                0x0000000024000064                _impure_data
 .data._impure_ptr
                0x00000000240000b0        0x4 C:/ST/STM32CubeIDE_1.10.1/STM32CubeIDE/plugins/com.st.stm32cube.ide.mcu.externaltools.gnu-tools-for-stm32.11.3.rel1.win32_1.1.0.202305231506/tools/bin/../lib/gcc/arm-none-eabi/11.3.1/../../../../arm-none-eabi/lib/thumb/v7e-m+dp/hard\libc_nano.a(libc_a-impure.o)
                0x00000000240000b0                _impure_ptr
 *(.RamFunc)
 *(.RamFunc*)
                0x00000000240000b4                . = ALIGN (0x4)
                0x00000000240000b4                _edata = .

.igot.plt       0x00000000240000b4        0x0 load address 0x00000000080108e0
 .igot.plt      0x00000000240000b4        0x0 C:/ST/STM32CubeIDE_1.10.1/STM32CubeIDE/plugins/com.st.stm32cube.ide.mcu.externaltools.gnu-tools-for-stm32.11.3.rel1.win32_1.1.0.202305231506/tools/bin/../lib/gcc/arm-none-eabi/11.3.1/thumb/v7e-m+dp/hard/crtbegin.o
                0x00000000240000b4                . = ALIGN (0x4)

.bss            0x00000000240000b8     0x20cc load address 0x00000000080108e0
                0x00000000240000b8                _sbss = .
                0x00000000240000b8                __bss_start__ = _sbss
 *(.bss)
 .bss           0x00000000240000b8       0x1c C:/ST/STM32CubeIDE_1.10.1/STM32CubeIDE/plugins/com.st.stm32cube.ide.mcu.externaltools.gnu-tools-for-stm32.11.3.rel1.win32_1.1.0.202305231506/tools/bin/../lib/gcc/arm-none-eabi/11.3.1/thumb/v7e-m+dp/hard/crtbegin.o
 *(.bss*)
 *fill*         0x00000000240000d4        0x4 
 .bss.Kd        0x00000000240000d8       0x20 ./Core/Src/PID.o
                0x00000000240000d8                Kd
 .bss.Kpid      0x00000000240000f8      0x1c0 ./Core/Src/PID.o
                0x00000000240000f8                Kpid
 .bss.delay_start
                0x00000000240002b8        0x4 ./Core/Src/TIM_IT.o
                0x00000000240002b8                delay_start
 .bss.delay     0x00000000240002bc        0x4 ./Core/Src/TIM_IT.o
                0x00000000240002bc                delay
 .bss.delay_start_2
                0x00000000240002c0        0x4 ./Core/Src/TIM_IT.o
                0x00000000240002c0                delay_start_2
 .bss.delay_2   0x00000000240002c4        0x4 ./Core/Src/TIM_IT.o
                0x00000000240002c4                delay_2
 .bss.delay_start_reset
                0x00000000240002c8        0x4 ./Core/Src/TIM_IT.o
                0x00000000240002c8                delay_start_reset
 .bss.delay_reset
                0x00000000240002cc        0x4 ./Core/Src/TIM_IT.o
                0x00000000240002cc                delay_reset
 .bss.t         0x00000000240002d0        0x4 ./Core/Src/TIM_IT.o
                0x00000000240002d0                t
 *fill*         0x00000000240002d4        0x4 
 .bss.FL        0x00000000240002d8       0x78 ./Core/Src/chassis_DCmotor.o
                0x00000000240002d8                FL
 .bss.BL        0x0000000024000350       0x78 ./Core/Src/chassis_DCmotor.o
                0x0000000024000350                BL
 .bss.BR        0x00000000240003c8       0x78 ./Core/Src/chassis_DCmotor.o
                0x00000000240003c8                BR
 .bss.FR        0x0000000024000440       0x78 ./Core/Src/chassis_DCmotor.o
                0x0000000024000440                FR
 .bss.htim1     0x00000000240004b8       0x4c ./Core/Src/main.o
                0x00000000240004b8                htim1
 .bss.htim2     0x0000000024000504       0x4c ./Core/Src/main.o
                0x0000000024000504                htim2
 .bss.htim3     0x0000000024000550       0x4c ./Core/Src/main.o
                0x0000000024000550                htim3
 .bss.htim4     0x000000002400059c       0x4c ./Core/Src/main.o
                0x000000002400059c                htim4
 .bss.htim5     0x00000000240005e8       0x4c ./Core/Src/main.o
                0x00000000240005e8                htim5
 .bss.htim8     0x0000000024000634       0x4c ./Core/Src/main.o
                0x0000000024000634                htim8
 .bss.htim12    0x0000000024000680       0x4c ./Core/Src/main.o
                0x0000000024000680                htim12
 .bss.htim15    0x00000000240006cc       0x4c ./Core/Src/main.o
                0x00000000240006cc                htim15
 .bss.htim23    0x0000000024000718       0x4c ./Core/Src/main.o
                0x0000000024000718                htim23
 .bss.huart1    0x0000000024000764       0x94 ./Core/Src/main.o
                0x0000000024000764                huart1
 .bss.huart3    0x00000000240007f8       0x94 ./Core/Src/main.o
                0x00000000240007f8                huart3
 .bss.hdma_usart1_rx
                0x000000002400088c       0x78 ./Core/Src/main.o
                0x000000002400088c                hdma_usart1_rx
 .bss.hdma_usart1_tx
                0x0000000024000904       0x78 ./Core/Src/main.o
                0x0000000024000904                hdma_usart1_tx
 .bss.a         0x000000002400097c        0x4 ./Core/Src/mainpp.o
                0x000000002400097c                a
 .bss.flag      0x0000000024000980        0x4 ./Core/Src/mainpp.o
                0x0000000024000980                flag
 *fill*         0x0000000024000984        0x4 
 .bss.Vx        0x0000000024000988        0x8 ./Core/Src/mainpp.o
                0x0000000024000988                Vx
 .bss.Vy        0x0000000024000990        0x8 ./Core/Src/mainpp.o
                0x0000000024000990                Vy
 .bss.W         0x0000000024000998        0x8 ./Core/Src/mainpp.o
                0x0000000024000998                W
 .bss.rVx       0x00000000240009a0        0x8 ./Core/Src/mainpp.o
                0x00000000240009a0                rVx
 .bss.rVy       0x00000000240009a8        0x8 ./Core/Src/mainpp.o
                0x00000000240009a8                rVy
 .bss.rW        0x00000000240009b0        0x8 ./Core/Src/mainpp.o
                0x00000000240009b0                rW
 .bss.pusher_reset_state
                0x00000000240009b8        0x4 ./Core/Src/mainpp.o
                0x00000000240009b8                pusher_reset_state
 *fill*         0x00000000240009bc        0x4 
 .bss.pusher_A  0x00000000240009c0       0x20 ./Core/Src/pusher.o
                0x00000000240009c0                pusher_A
 .bss.pusher_B  0x00000000240009e0       0x20 ./Core/Src/pusher.o
                0x00000000240009e0                pusher_B
 .bss._ZZN13STM32Hardware5flushEvE5mutex
                0x0000000024000a00        0x1 ./Core/Src/ros_port.o
                0x0000000024000a00                STM32Hardware::flush()::mutex
 *fill*         0x0000000024000a01        0x7 
 .bss.speed     0x0000000024000a08       0x48 ./Core/Src/ros_port.o
                0x0000000024000a08                speed
 .bss.nh        0x0000000024000a50     0x153c ./Core/Src/ros_port.o
                0x0000000024000a50                nh
 *fill*         0x0000000024001f8c        0x4 
 .bss.sub_vel   0x0000000024001f90       0x60 ./Core/Src/ros_port.o
                0x0000000024001f90                sub_vel
 .bss.pub_vel   0x0000000024001ff0       0x14 ./Core/Src/ros_port.o
                0x0000000024001ff0                pub_vel
 .bss.sub_ori   0x0000000024002004       0x1c ./Core/Src/ros_port.o
                0x0000000024002004                sub_ori
 .bss.script_a  0x0000000024002020        0x4 ./Core/Src/script.o
                0x0000000024002020                script_a
 .bss.script_b  0x0000000024002024        0x4 ./Core/Src/script.o
                0x0000000024002024                script_b
 .bss.everRun   0x0000000024002028        0x4 ./Core/Src/script.o
                0x0000000024002028                everRun
 .bss.everRun2  0x000000002400202c        0x4 ./Core/Src/script.o
                0x000000002400202c                everRun2
 .bss.Checksum_Calc
                0x0000000024002030        0x4 ./Core/Src/servo.o
                0x0000000024002030                Checksum_Calc
 .bss.__sbrk_heap_end
                0x0000000024002034        0x4 ./Core/Src/sysmem.o
 .bss.uwTick    0x0000000024002038        0x4 ./Drivers/STM32H7xx_HAL_Driver/Src/stm32h7xx_hal.o
                0x0000000024002038                uwTick
 .bss.__sf      0x000000002400203c      0x138 C:/ST/STM32CubeIDE_1.10.1/STM32CubeIDE/plugins/com.st.stm32cube.ide.mcu.externaltools.gnu-tools-for-stm32.11.3.rel1.win32_1.1.0.202305231506/tools/bin/../lib/gcc/arm-none-eabi/11.3.1/../../../../arm-none-eabi/lib/thumb/v7e-m+dp/hard\libc_nano.a(libc_a-findfp.o)
                0x000000002400203c                __sf
 .bss.errno     0x0000000024002174        0x4 C:/ST/STM32CubeIDE_1.10.1/STM32CubeIDE/plugins/com.st.stm32cube.ide.mcu.externaltools.gnu-tools-for-stm32.11.3.rel1.win32_1.1.0.202305231506/tools/bin/../lib/gcc/arm-none-eabi/11.3.1/../../../../arm-none-eabi/lib/thumb/v7e-m+dp/hard\libc_nano.a(libc_a-reent.o)
                0x0000000024002174                errno
 .bss.__lock___malloc_recursive_mutex
                0x0000000024002178        0x1 C:/ST/STM32CubeIDE_1.10.1/STM32CubeIDE/plugins/com.st.stm32cube.ide.mcu.externaltools.gnu-tools-for-stm32.11.3.rel1.win32_1.1.0.202305231506/tools/bin/../lib/gcc/arm-none-eabi/11.3.1/../../../../arm-none-eabi/lib/thumb/v7e-m+dp/hard\libc_nano.a(libc_a-lock.o)
                0x0000000024002178                __lock___malloc_recursive_mutex
 *fill*         0x0000000024002179        0x3 
 .bss.__malloc_free_list
                0x000000002400217c        0x4 C:/ST/STM32CubeIDE_1.10.1/STM32CubeIDE/plugins/com.st.stm32cube.ide.mcu.externaltools.gnu-tools-for-stm32.11.3.rel1.win32_1.1.0.202305231506/tools/bin/../lib/gcc/arm-none-eabi/11.3.1/../../../../arm-none-eabi/lib/thumb/v7e-m+dp/hard\libc_nano.a(libc_a-mallocr.o)
                0x000000002400217c                __malloc_free_list
 .bss.__malloc_sbrk_start
                0x0000000024002180        0x4 C:/ST/STM32CubeIDE_1.10.1/STM32CubeIDE/plugins/com.st.stm32cube.ide.mcu.externaltools.gnu-tools-for-stm32.11.3.rel1.win32_1.1.0.202305231506/tools/bin/../lib/gcc/arm-none-eabi/11.3.1/../../../../arm-none-eabi/lib/thumb/v7e-m+dp/hard\libc_nano.a(libc_a-mallocr.o)
                0x0000000024002180                __malloc_sbrk_start
 *(COMMON)
                0x0000000024002184                . = ALIGN (0x4)
                0x0000000024002184                _ebss = .
                0x0000000024002184                __bss_end__ = _ebss

._user_heap_stack
                0x0000000024002184      0x604 load address 0x00000000080108e0