../Core/Src/main.c:90:5:main	8	static
../Core/Src/main.c:145:6:SystemClock_Config	120	static
../Core/Src/main.c:204:13:MX_TIM1_Init	40	static
../Core/Src/main.c:251:13:MX_TIM2_Init	56	static
../Core/Src/main.c:300:13:MX_TIM3_Init	56	static
../Core/Src/main.c:349:13:MX_TIM4_Init	56	static
../Core/Src/main.c:398:13:MX_TIM5_Init	56	static
../Core/Src/main.c:447:13:MX_TIM8_Init	40	static
../Core/Src/main.c:494:13:MX_TIM12_Init	48	static
../Core/Src/main.c:547:13:MX_TIM15_Init	104	static
../Core/Src/main.c:617:13:MX_TIM23_Init	40	static
../Core/Src/main.c:662:13:MX_USART1_UART_Init	8	static
../Core/Src/main.c:710:13:MX_USART3_UART_Init	8	static
../Core/Src/main.c:756:13:MX_DMA_Init	16	static
../Core/Src/main.c:777:13:MX_GPIO_Init	64	static
../Core/Src/main.c:868:6:Error_Handler	4	static,ignoring_inline_asm
